###############################################################################
#
# IAR ELF Linker V9.32.1.338/W64 for ARM                  08/Apr/2024  15:21:09
# Copyright 2007-2022 IAR Systems AB.
#
#    Output file  =
#        C:\Users\USER\Documents\IAR\12-1_usart2_pa2_pa3_fnd_pc_split_exti\Debug\Exe\12-3_usart2_pa2_pa3.out
#    Map file     =
#        C:\Users\USER\Documents\IAR\12-1_usart2_pa2_pa3_fnd_pc_split_exti\Debug\List\12-3_usart2_pa2_pa3.map
#    Command line =
#        -f
#        C:\Users\USER\Documents\IAR\12-1_usart2_pa2_pa3_fnd_pc_split_exti\Debug\Exe\12-3_usart2_pa2_pa3.out.rsp
#        (C:\Users\USER\Documents\IAR\12-1_usart2_pa2_pa3_fnd_pc_split_exti\Debug\Obj\fnd.o
#        C:\Users\USER\Documents\IAR\12-1_usart2_pa2_pa3_fnd_pc_split_exti\Debug\Obj\key.o
#        C:\Users\USER\Documents\IAR\12-1_usart2_pa2_pa3_fnd_pc_split_exti\Debug\Obj\main.o
#        C:\Users\USER\Documents\IAR\12-1_usart2_pa2_pa3_fnd_pc_split_exti\Debug\Obj\STM32\misc.o
#        C:\Users\USER\Documents\IAR\12-1_usart2_pa2_pa3_fnd_pc_split_exti\Debug\Obj\CMSIS\startup_stm32f40_41xxx.o
#        C:\Users\USER\Documents\IAR\12-1_usart2_pa2_pa3_fnd_pc_split_exti\Debug\Obj\STM32\stm32f4xx_exti.o
#        C:\Users\USER\Documents\IAR\12-1_usart2_pa2_pa3_fnd_pc_split_exti\Debug\Obj\STM32\stm32f4xx_gpio.o
#        C:\Users\USER\Documents\IAR\12-1_usart2_pa2_pa3_fnd_pc_split_exti\Debug\Obj\COMM\stm32f4xx_it.o
#        C:\Users\USER\Documents\IAR\12-1_usart2_pa2_pa3_fnd_pc_split_exti\Debug\Obj\STM32\stm32f4xx_rcc.o
#        C:\Users\USER\Documents\IAR\12-1_usart2_pa2_pa3_fnd_pc_split_exti\Debug\Obj\STM32\stm32f4xx_syscfg.o
#        C:\Users\USER\Documents\IAR\12-1_usart2_pa2_pa3_fnd_pc_split_exti\Debug\Obj\STM32\stm32f4xx_usart.o
#        C:\Users\USER\Documents\IAR\12-1_usart2_pa2_pa3_fnd_pc_split_exti\Debug\Obj\COMM\system_stm32f4xx.o
#        C:\Users\USER\Documents\IAR\12-1_usart2_pa2_pa3_fnd_pc_split_exti\Debug\Obj\uart2.o
#        C:\Users\USER\Documents\IAR\12-1_usart2_pa2_pa3_fnd_pc_split_exti\Debug\Obj\uart4.o
#        --no_out_extension -o
#        C:\Users\USER\Documents\IAR\12-1_usart2_pa2_pa3_fnd_pc_split_exti\Debug\Exe\12-3_usart2_pa2_pa3.out
#        --redirect _Printf=_PrintfFullNoMb --redirect _Scanf=_ScanfFullNoMb
#        --map
#        C:\Users\USER\Documents\IAR\12-1_usart2_pa2_pa3_fnd_pc_split_exti\Debug\List\12-3_usart2_pa2_pa3.map
#        --config
#        C:\Users\USER\Documents\IAR\12-1_usart2_pa2_pa3_fnd_pc_split_exti\stm32f405xG.icf
#        --semihosting --entry __iar_program_start --vfe --text_out locale
#        --cpu=Cortex-M4 --fpu=VFPv4_sp)
#
###############################################################################

*******************************************************************************
*** RUNTIME MODEL ATTRIBUTES
***

CppFlavor       = *
__CPP_Runtime   = 1
__SystemLibrary = DLib
__dlib_version  = 6


*******************************************************************************
*** HEAP SELECTION
***

The basic heap was selected because --advanced_heap
was not specified and the application did not appear to
be primarily optimized for speed.


*******************************************************************************
*** PLACEMENT SUMMARY
***

"A0":  place at address 0x800'0000 { ro section .intvec };
"P1":  place in [from 0x800'0000 to 0x80f'ffff] { ro };
define block CSTACK with size = 8K, alignment = 8 { };
define block HEAP with size = 8K, alignment = 8 { };
"P2":  place in [from 0x2000'0000 to 0x2001'ffff] {
          rw, block CSTACK, block HEAP };
initialize by copy { rw };

No sections matched the following patterns:

  section .sram  in "P3"


  Section            Kind         Address    Size  Object
  -------            ----         -------    ----  ------
"A0":                                       0x188
  .intvec            ro code   0x800'0000   0x188  startup_stm32f40_41xxx.o [2]
                             - 0x800'0188   0x188

"P1":                                       0xa1c
  .text              ro code   0x800'0188   0x15c  fnd.o [1]
  .text              ro code   0x800'02e4    0x40  stm32f4xx_rcc.o [4]
  .text              ro code   0x800'0324    0x9c  stm32f4xx_gpio.o [4]
  .text              ro code   0x800'03c0   0x124  system_stm32f4xx.o [3]
  .text              ro code   0x800'04e4   0x114  key.o [1]
  .text              ro code   0x800'05f8    0x50  stm32f4xx_syscfg.o [4]
  .text              ro code   0x800'0648    0xa8  stm32f4xx_exti.o [4]
  .text              ro code   0x800'06f0    0x80  misc.o [4]
  .text              ro code   0x800'0770    0x78  main.o [1]
  .text              ro code   0x800'07e8    0x6c  stm32f4xx_usart.o [4]
  .text              ro code   0x800'0854    0x54  uart2.o [1]
  .text              ro code   0x800'08a8    0x54  uart4.o [1]
  .text              ro code   0x800'08fc    0x38  zero_init3.o [7]
  .text              ro code   0x800'0934    0x2a  copy_init3.o [7]
  .text              ro code   0x800'095e    0x12  stm32f4xx_it.o [3]
  .text              ro code   0x800'0970    0x28  data_init.o [7]
  .text              ro code   0x800'0998    0x22  fpinit_M.o [6]
  .iar.init_table    const     0x800'09bc    0x24  - Linker created -
  .text              ro code   0x800'09e0    0x1e  cmain.o [7]
  .text              ro code   0x800'09fe     0x4  low_level_init.o [5]
  .text              ro code   0x800'0a02     0x4  exit.o [5]
  .text              ro code   0x800'0a08     0xa  cexit.o [7]
  .text              ro code   0x800'0a14    0x14  exit.o [8]
  .text              ro code   0x800'0a28    0x1c  cstartup_M.o [7]
  Initializer bytes  const     0x800'0a44    0x14  <for P2-1>
  .text              ro code   0x800'0a58    0x10  startup_stm32f40_41xxx.o [2]
  .text              ro code   0x800'0a68     0x4  startup_stm32f40_41xxx.o [2]
  .text              ro code   0x800'0a6c     0x4  startup_stm32f40_41xxx.o [2]
  .text              ro code   0x800'0a70     0x4  startup_stm32f40_41xxx.o [2]
  .text              ro code   0x800'0a74     0x4  startup_stm32f40_41xxx.o [2]
  .text              ro code   0x800'0a78     0x4  startup_stm32f40_41xxx.o [2]
  .text              ro code   0x800'0a7c     0x4  startup_stm32f40_41xxx.o [2]
  .text              ro code   0x800'0a80     0x4  startup_stm32f40_41xxx.o [2]
  .text              ro code   0x800'0a84     0x4  startup_stm32f40_41xxx.o [2]
  .text              ro code   0x800'0a88     0x4  startup_stm32f40_41xxx.o [2]
  .text              ro code   0x800'0a8c     0x4  startup_stm32f40_41xxx.o [2]
  .text              ro code   0x800'0a90     0x4  startup_stm32f40_41xxx.o [2]
  .text              ro code   0x800'0a94     0x4  startup_stm32f40_41xxx.o [2]
  .text              ro code   0x800'0a98     0x4  startup_stm32f40_41xxx.o [2]
  .text              ro code   0x800'0a9c     0x4  startup_stm32f40_41xxx.o [2]
  .text              ro code   0x800'0aa0     0x4  startup_stm32f40_41xxx.o [2]
  .text              ro code   0x800'0aa4     0x4  startup_stm32f40_41xxx.o [2]
  .text              ro code   0x800'0aa8     0x4  startup_stm32f40_41xxx.o [2]
  .text              ro code   0x800'0aac     0x4  startup_stm32f40_41xxx.o [2]
  .text              ro code   0x800'0ab0     0x4  startup_stm32f40_41xxx.o [2]
  .text              ro code   0x800'0ab4     0x4  startup_stm32f40_41xxx.o [2]
  .text              ro code   0x800'0ab8     0x4  startup_stm32f40_41xxx.o [2]
  .text              ro code   0x800'0abc     0x4  startup_stm32f40_41xxx.o [2]
  .text              ro code   0x800'0ac0     0x4  startup_stm32f40_41xxx.o [2]
  .text              ro code   0x800'0ac4     0x4  startup_stm32f40_41xxx.o [2]
  .text              ro code   0x800'0ac8     0x4  startup_stm32f40_41xxx.o [2]
  .text              ro code   0x800'0acc     0x4  startup_stm32f40_41xxx.o [2]
  .text              ro code   0x800'0ad0     0x4  startup_stm32f40_41xxx.o [2]
  .text              ro code   0x800'0ad4     0x4  startup_stm32f40_41xxx.o [2]
  .text              ro code   0x800'0ad8     0x4  startup_stm32f40_41xxx.o [2]
  .text              ro code   0x800'0adc     0x4  startup_stm32f40_41xxx.o [2]
  .text              ro code   0x800'0ae0     0x4  startup_stm32f40_41xxx.o [2]
  .text              ro code   0x800'0ae4     0x4  startup_stm32f40_41xxx.o [2]
  .text              ro code   0x800'0ae8     0x4  startup_stm32f40_41xxx.o [2]
  .text              ro code   0x800'0aec     0x4  startup_stm32f40_41xxx.o [2]
  .text              ro code   0x800'0af0     0x4  startup_stm32f40_41xxx.o [2]
  .text              ro code   0x800'0af4     0x4  startup_stm32f40_41xxx.o [2]
  .text              ro code   0x800'0af8     0x4  startup_stm32f40_41xxx.o [2]
  .text              ro code   0x800'0afc     0x4  startup_stm32f40_41xxx.o [2]
  .text              ro code   0x800'0b00     0x4  startup_stm32f40_41xxx.o [2]
  .text              ro code   0x800'0b04     0x4  startup_stm32f40_41xxx.o [2]
  .text              ro code   0x800'0b08     0x4  startup_stm32f40_41xxx.o [2]
  .text              ro code   0x800'0b0c     0x4  startup_stm32f40_41xxx.o [2]
  .text              ro code   0x800'0b10     0x4  startup_stm32f40_41xxx.o [2]
  .text              ro code   0x800'0b14     0x4  startup_stm32f40_41xxx.o [2]
  .text              ro code   0x800'0b18     0x4  startup_stm32f40_41xxx.o [2]
  .text              ro code   0x800'0b1c     0x4  startup_stm32f40_41xxx.o [2]
  .text              ro code   0x800'0b20     0x4  startup_stm32f40_41xxx.o [2]
  .text              ro code   0x800'0b24     0x4  startup_stm32f40_41xxx.o [2]
  .text              ro code   0x800'0b28     0x4  startup_stm32f40_41xxx.o [2]
  .text              ro code   0x800'0b2c     0x4  startup_stm32f40_41xxx.o [2]
  .text              ro code   0x800'0b30     0x4  startup_stm32f40_41xxx.o [2]
  .text              ro code   0x800'0b34     0x4  startup_stm32f40_41xxx.o [2]
  .text              ro code   0x800'0b38     0x4  startup_stm32f40_41xxx.o [2]
  .text              ro code   0x800'0b3c     0x4  startup_stm32f40_41xxx.o [2]
  .text              ro code   0x800'0b40     0x4  startup_stm32f40_41xxx.o [2]
  .text              ro code   0x800'0b44     0x4  startup_stm32f40_41xxx.o [2]
  .text              ro code   0x800'0b48     0x4  startup_stm32f40_41xxx.o [2]
  .text              ro code   0x800'0b4c     0x4  startup_stm32f40_41xxx.o [2]
  .text              ro code   0x800'0b50     0x4  startup_stm32f40_41xxx.o [2]
  .text              ro code   0x800'0b54     0x4  startup_stm32f40_41xxx.o [2]
  .text              ro code   0x800'0b58     0x4  startup_stm32f40_41xxx.o [2]
  .text              ro code   0x800'0b5c     0x4  startup_stm32f40_41xxx.o [2]
  .text              ro code   0x800'0b60     0x4  startup_stm32f40_41xxx.o [2]
  .text              ro code   0x800'0b64     0x4  startup_stm32f40_41xxx.o [2]
  .text              ro code   0x800'0b68     0x4  startup_stm32f40_41xxx.o [2]
  .text              ro code   0x800'0b6c     0x4  startup_stm32f40_41xxx.o [2]
  .text              ro code   0x800'0b70     0x4  startup_stm32f40_41xxx.o [2]
  .text              ro code   0x800'0b74     0x4  startup_stm32f40_41xxx.o [2]
  .text              ro code   0x800'0b78     0x4  startup_stm32f40_41xxx.o [2]
  .text              ro code   0x800'0b7c     0x4  startup_stm32f40_41xxx.o [2]
  .text              ro code   0x800'0b80     0x4  startup_stm32f40_41xxx.o [2]
  .text              ro code   0x800'0b84     0x4  startup_stm32f40_41xxx.o [2]
  .text              ro code   0x800'0b88     0x4  startup_stm32f40_41xxx.o [2]
  .text              ro code   0x800'0b8c     0x4  startup_stm32f40_41xxx.o [2]
  .text              ro code   0x800'0b90     0x4  startup_stm32f40_41xxx.o [2]
  .text              ro code   0x800'0b94     0x4  startup_stm32f40_41xxx.o [2]
  .text              ro code   0x800'0b98     0x4  startup_stm32f40_41xxx.o [2]
  .text              ro code   0x800'0b9c     0x4  startup_stm32f40_41xxx.o [2]
  .text              ro code   0x800'0ba0     0x4  startup_stm32f40_41xxx.o [2]
  .rodata            const     0x800'0ba4     0x0  zero_init3.o [7]
  .rodata            const     0x800'0ba4     0x0  copy_init3.o [7]
                             - 0x800'0ba4   0xa1c

"P2", part 1 of 3:                           0x14
  P2-1                        0x2000'0000    0x14  <Init block>
    .data            inited   0x2000'0000    0x14  fnd.o [1]
                            - 0x2000'0014    0x14

"P2", part 2 of 3:                           0x80
  .bss               zero     0x2000'0014    0x34  uart2.o [1]
  .bss               zero     0x2000'0048    0x34  uart4.o [1]
  .bss               zero     0x2000'007c     0x4  fnd.o [1]
  .bss               zero     0x2000'0080     0x4  key.o [1]
  .bss               zero     0x2000'0084     0x4  main.o [1]
  .bss               zero     0x2000'0088     0x4  uart2.o [1]
  .bss               zero     0x2000'008c     0x4  uart4.o [1]
  .bss               zero     0x2000'0090     0x1  uart2.o [1]
  .bss               zero     0x2000'0091     0x1  uart4.o [1]
                            - 0x2000'0092    0x7e

"P2", part 3 of 3:                         0x2000
  CSTACK                      0x2000'0098  0x2000  <Block>
    CSTACK           uninit   0x2000'0098  0x2000  <Block tail>
                            - 0x2000'2098  0x2000

Unused ranges:

         From           To      Size
         ----           --      ----
   0x800'0ba4   0x80f'ffff  0xf'f45c
  0x2000'0094  0x2000'0097       0x4
  0x2000'2098  0x2001'ffff  0x1'df68


*******************************************************************************
*** INIT TABLE
***

          Address      Size
          -------      ----
Zero (__iar_zero_init3)
    1 destination range, total size 0x7e:
          0x2000'0014  0x7e

Copy (__iar_copy_init3)
    1 source range, total size 0x14:
           0x800'0a44  0x14
    1 destination range, total size 0x14:
          0x2000'0000  0x14



*******************************************************************************
*** MODULE SUMMARY
***

    Module                    ro code  ro data  rw data
    ------                    -------  -------  -------
command line/config:
    ---------------------------------------------------
    Total:

C:\Users\USER\Documents\IAR\12-1_usart2_pa2_pa3_fnd_pc_split_exti\Debug\Obj: [1]
    fnd.o                         348       20       24
    key.o                         276                 4
    main.o                        120                 4
    uart2.o                        84                57
    uart4.o                        84                57
    ---------------------------------------------------
    Total:                        912       20      146

C:\Users\USER\Documents\IAR\12-1_usart2_pa2_pa3_fnd_pc_split_exti\Debug\Obj\CMSIS: [2]
    startup_stm32f40_41xxx.o      724
    ---------------------------------------------------
    Total:                        724

C:\Users\USER\Documents\IAR\12-1_usart2_pa2_pa3_fnd_pc_split_exti\Debug\Obj\COMM: [3]
    stm32f4xx_it.o                 18
    system_stm32f4xx.o            292
    ---------------------------------------------------
    Total:                        310

C:\Users\USER\Documents\IAR\12-1_usart2_pa2_pa3_fnd_pc_split_exti\Debug\Obj\STM32: [4]
    misc.o                        128
    stm32f4xx_exti.o              168
    stm32f4xx_gpio.o              156
    stm32f4xx_rcc.o                64
    stm32f4xx_syscfg.o             80
    stm32f4xx_usart.o             108
    ---------------------------------------------------
    Total:                        704

dl7M_tlf.a: [5]
    exit.o                          4
    low_level_init.o                4
    ---------------------------------------------------
    Total:                          8

m7M_tls.a: [6]
    fpinit_M.o                     34
    ---------------------------------------------------
    Total:                         34

rt7M_tl.a: [7]
    cexit.o                        10
    cmain.o                        30
    copy_init3.o                   42
    cstartup_M.o                   28
    data_init.o                    40
    zero_init3.o                   56
    ---------------------------------------------------
    Total:                        206

shb_l.a: [8]
    exit.o                         20
    ---------------------------------------------------
    Total:                         20

    Gaps                            4        2
    Linker created                          36    8'192
-------------------------------------------------------
    Grand Total:                2'922       58    8'338


*******************************************************************************
*** ENTRY LIST
***

Entry                       Address  Size  Type      Object
-----                       -------  ----  ----      ------
.iar.init_table$$Base    0x800'09bc         --   Gb  - Linker created -
.iar.init_table$$Limit   0x800'09e0         --   Gb  - Linker created -
?main                    0x800'09e1        Code  Gb  cmain.o [7]
ADC_IRQHandler           0x800'0ab1        Code  Wk  startup_stm32f40_41xxx.o [2]
BusFault_Handler         0x800'0965   0x2  Code  Gb  stm32f4xx_it.o [3]
CAN1_RX0_IRQHandler      0x800'0ab9        Code  Wk  startup_stm32f40_41xxx.o [2]
CAN1_RX1_IRQHandler      0x800'0abd        Code  Wk  startup_stm32f40_41xxx.o [2]
CAN1_SCE_IRQHandler      0x800'0ac1        Code  Wk  startup_stm32f40_41xxx.o [2]
CAN1_TX_IRQHandler       0x800'0ab5        Code  Wk  startup_stm32f40_41xxx.o [2]
CAN2_RX0_IRQHandler      0x800'0b5d        Code  Wk  startup_stm32f40_41xxx.o [2]
CAN2_RX1_IRQHandler      0x800'0b61        Code  Wk  startup_stm32f40_41xxx.o [2]
CAN2_SCE_IRQHandler      0x800'0b65        Code  Wk  startup_stm32f40_41xxx.o [2]
CAN2_TX_IRQHandler       0x800'0b59        Code  Wk  startup_stm32f40_41xxx.o [2]
CRYP_IRQHandler          0x800'0b99        Code  Wk  startup_stm32f40_41xxx.o [2]
CSTACK$$Base            0x2000'0098         --   Gb  - Linker created -
CSTACK$$Limit           0x2000'2098         --   Gb  - Linker created -
DCMI_IRQHandler          0x800'0b95        Code  Wk  startup_stm32f40_41xxx.o [2]
DMA1_Stream0_IRQHandler
                         0x800'0a95        Code  Wk  startup_stm32f40_41xxx.o [2]
DMA1_Stream1_IRQHandler
                         0x800'0a99        Code  Wk  startup_stm32f40_41xxx.o [2]
DMA1_Stream2_IRQHandler
                         0x800'0a9d        Code  Wk  startup_stm32f40_41xxx.o [2]
DMA1_Stream3_IRQHandler
                         0x800'0aa1        Code  Wk  startup_stm32f40_41xxx.o [2]
DMA1_Stream4_IRQHandler
                         0x800'0aa5        Code  Wk  startup_stm32f40_41xxx.o [2]
DMA1_Stream5_IRQHandler
                         0x800'0aa9        Code  Wk  startup_stm32f40_41xxx.o [2]
DMA1_Stream6_IRQHandler
                         0x800'0aad        Code  Wk  startup_stm32f40_41xxx.o [2]
DMA1_Stream7_IRQHandler
                         0x800'0b1d        Code  Wk  startup_stm32f40_41xxx.o [2]
DMA2_Stream0_IRQHandler
                         0x800'0b3d        Code  Wk  startup_stm32f40_41xxx.o [2]
DMA2_Stream1_IRQHandler
                         0x800'0b41        Code  Wk  startup_stm32f40_41xxx.o [2]
DMA2_Stream2_IRQHandler
                         0x800'0b45        Code  Wk  startup_stm32f40_41xxx.o [2]
DMA2_Stream3_IRQHandler
                         0x800'0b49        Code  Wk  startup_stm32f40_41xxx.o [2]
DMA2_Stream4_IRQHandler
                         0x800'0b4d        Code  Wk  startup_stm32f40_41xxx.o [2]
DMA2_Stream5_IRQHandler
                         0x800'0b6d        Code  Wk  startup_stm32f40_41xxx.o [2]
DMA2_Stream6_IRQHandler
                         0x800'0b71        Code  Wk  startup_stm32f40_41xxx.o [2]
DMA2_Stream7_IRQHandler
                         0x800'0b75        Code  Wk  startup_stm32f40_41xxx.o [2]
DebugMon_Handler         0x800'096b   0x2  Code  Gb  stm32f4xx_it.o [3]
Delay                    0x800'01bb  0x20  Code  Lc  fnd.o [1]
ETH_IRQHandler           0x800'0b51        Code  Wk  startup_stm32f40_41xxx.o [2]
ETH_WKUP_IRQHandler      0x800'0b55        Code  Wk  startup_stm32f40_41xxx.o [2]
EXTI0_IRQHandler         0x800'0a81        Code  Wk  startup_stm32f40_41xxx.o [2]
EXTI15_10_IRQHandler     0x800'0585  0x6c  Code  Gb  key.o [1]
EXTI1_IRQHandler         0x800'0a85        Code  Wk  startup_stm32f40_41xxx.o [2]
EXTI2_IRQHandler         0x800'0a89        Code  Wk  startup_stm32f40_41xxx.o [2]
EXTI3_IRQHandler         0x800'0a8d        Code  Wk  startup_stm32f40_41xxx.o [2]
EXTI4_IRQHandler         0x800'0a91        Code  Wk  startup_stm32f40_41xxx.o [2]
EXTI9_5_IRQHandler       0x800'0ac5        Code  Wk  startup_stm32f40_41xxx.o [2]
EXTI_ClearITPendingBit   0x800'06d5   0x6  Code  Gb  stm32f4xx_exti.o [4]
EXTI_GetITStatus         0x800'06c1  0x14  Code  Gb  stm32f4xx_exti.o [4]
EXTI_Init                0x800'0649  0x78  Code  Gb  stm32f4xx_exti.o [4]
FLASH_IRQHandler         0x800'0a79        Code  Wk  startup_stm32f40_41xxx.o [2]
FND_init                 0x800'0189  0x32  Code  Gb  fnd.o [1]
FPU_IRQHandler           0x800'0ba1        Code  Wk  startup_stm32f40_41xxx.o [2]
FSMC_IRQHandler          0x800'0b21        Code  Wk  startup_stm32f40_41xxx.o [2]
Font                    0x2000'0000  0x14  Data  Gb  fnd.o [1]
GPIO_Init                0x800'0325  0x90  Code  Gb  stm32f4xx_gpio.o [4]
GPIO_ReadInputData       0x800'03b5   0x6  Code  Gb  stm32f4xx_gpio.o [4]
GPIO_Write               0x800'03bb   0x6  Code  Gb  stm32f4xx_gpio.o [4]
HASH_RNG_IRQHandler      0x800'0b9d        Code  Wk  startup_stm32f40_41xxx.o [2]
HardFault_Handler        0x800'0961   0x2  Code  Gb  stm32f4xx_it.o [3]
I2C1_ER_IRQHandler       0x800'0ae9        Code  Wk  startup_stm32f40_41xxx.o [2]
I2C1_EV_IRQHandler       0x800'0ae5        Code  Wk  startup_stm32f40_41xxx.o [2]
I2C2_ER_IRQHandler       0x800'0af1        Code  Wk  startup_stm32f40_41xxx.o [2]
I2C2_EV_IRQHandler       0x800'0aed        Code  Wk  startup_stm32f40_41xxx.o [2]
I2C3_ER_IRQHandler       0x800'0b81        Code  Wk  startup_stm32f40_41xxx.o [2]
I2C3_EV_IRQHandler       0x800'0b7d        Code  Wk  startup_stm32f40_41xxx.o [2]
KEY_init                 0x800'04e5  0xa0  Code  Gb  key.o [1]
MemManage_Handler        0x800'0963   0x2  Code  Gb  stm32f4xx_it.o [3]
NMI_Handler              0x800'095f   0x2  Code  Gb  stm32f4xx_it.o [3]
NVIC_Init                0x800'06fb  0x62  Code  Gb  misc.o [4]
NVIC_PriorityGroupConfig
                         0x800'06f1   0xa  Code  Gb  misc.o [4]
OTG_FS_IRQHandler        0x800'0b69        Code  Wk  startup_stm32f40_41xxx.o [2]
OTG_FS_WKUP_IRQHandler   0x800'0b09        Code  Wk  startup_stm32f40_41xxx.o [2]
OTG_HS_EP1_IN_IRQHandler
                         0x800'0b89        Code  Wk  startup_stm32f40_41xxx.o [2]
OTG_HS_EP1_OUT_IRQHandler
                         0x800'0b85        Code  Wk  startup_stm32f40_41xxx.o [2]
OTG_HS_IRQHandler        0x800'0b91        Code  Wk  startup_stm32f40_41xxx.o [2]
OTG_HS_WKUP_IRQHandler   0x800'0b8d        Code  Wk  startup_stm32f40_41xxx.o [2]
PVD_IRQHandler           0x800'0a6d        Code  Wk  startup_stm32f40_41xxx.o [2]
PendSV_Handler           0x800'096d   0x2  Code  Gb  stm32f4xx_it.o [3]
RCC_AHB1PeriphClockCmd   0x800'02e5  0x1c  Code  Gb  stm32f4xx_rcc.o [4]
RCC_APB2PeriphClockCmd   0x800'0301  0x1c  Code  Gb  stm32f4xx_rcc.o [4]
RCC_IRQHandler           0x800'0a7d        Code  Wk  startup_stm32f40_41xxx.o [2]
RTC_Alarm_IRQHandler     0x800'0b05        Code  Wk  startup_stm32f40_41xxx.o [2]
RTC_WKUP_IRQHandler      0x800'0a75        Code  Wk  startup_stm32f40_41xxx.o [2]
Region$$Table$$Base      0x800'09bc         --   Gb  - Linker created -
Region$$Table$$Limit     0x800'09e0         --   Gb  - Linker created -
Reset_Handler            0x800'0a59        Code  Wk  startup_stm32f40_41xxx.o [2]
SDIO_IRQHandler          0x800'0b25        Code  Wk  startup_stm32f40_41xxx.o [2]
SPI1_IRQHandler          0x800'0af5        Code  Wk  startup_stm32f40_41xxx.o [2]
SPI2_IRQHandler          0x800'0af9        Code  Wk  startup_stm32f40_41xxx.o [2]
SPI3_IRQHandler          0x800'0b2d        Code  Wk  startup_stm32f40_41xxx.o [2]
SVC_Handler              0x800'0969   0x2  Code  Gb  stm32f4xx_it.o [3]
SYSCFG_EXTILineConfig    0x800'05f9  0x4c  Code  Gb  stm32f4xx_syscfg.o [4]
SetSysClock              0x800'0407  0xaa  Code  Lc  system_stm32f4xx.o [3]
SysTick_Handler          0x800'096f   0x2  Code  Gb  stm32f4xx_it.o [3]
SystemInit               0x800'03c1  0x46  Code  Gb  system_stm32f4xx.o [3]
TAMP_STAMP_IRQHandler    0x800'0a71        Code  Wk  startup_stm32f40_41xxx.o [2]
TIM1_BRK_TIM9_IRQHandler
                         0x800'0ac9        Code  Wk  startup_stm32f40_41xxx.o [2]
TIM1_CC_IRQHandler       0x800'0ad5        Code  Wk  startup_stm32f40_41xxx.o [2]
TIM1_TRG_COM_TIM11_IRQHandler
                         0x800'0ad1        Code  Wk  startup_stm32f40_41xxx.o [2]
TIM1_UP_TIM10_IRQHandler
                         0x800'0acd        Code  Wk  startup_stm32f40_41xxx.o [2]
TIM2_IRQHandler          0x800'0ad9        Code  Wk  startup_stm32f40_41xxx.o [2]
TIM3_IRQHandler          0x800'0add        Code  Wk  startup_stm32f40_41xxx.o [2]
TIM4_IRQHandler          0x800'0ae1        Code  Wk  startup_stm32f40_41xxx.o [2]
TIM5_IRQHandler          0x800'0b29        Code  Wk  startup_stm32f40_41xxx.o [2]
TIM6_DAC_IRQHandler      0x800'0b35        Code  Wk  startup_stm32f40_41xxx.o [2]
TIM7_IRQHandler          0x800'0b39        Code  Wk  startup_stm32f40_41xxx.o [2]
TIM8_BRK_TIM12_IRQHandler
                         0x800'0b0d        Code  Wk  startup_stm32f40_41xxx.o [2]
TIM8_CC_IRQHandler       0x800'0b19        Code  Wk  startup_stm32f40_41xxx.o [2]
TIM8_TRG_COM_TIM14_IRQHandler
                         0x800'0b15        Code  Wk  startup_stm32f40_41xxx.o [2]
TIM8_UP_TIM13_IRQHandler
                         0x800'0b11        Code  Wk  startup_stm32f40_41xxx.o [2]
UART4_IRQHandler         0x800'08a9  0x42  Code  Gb  uart4.o [1]
UART4_IRQHandler{1}{2}::i
                        0x2000'008c   0x4  Data  Lc  uart4.o [1]
UART5_IRQHandler         0x800'0b31        Code  Wk  startup_stm32f40_41xxx.o [2]
USART1_IRQHandler        0x800'0afd        Code  Wk  startup_stm32f40_41xxx.o [2]
USART2_IRQHandler        0x800'0855  0x42  Code  Gb  uart2.o [1]
USART2_IRQHandler{1}{2}::i
                        0x2000'0088   0x4  Data  Lc  uart2.o [1]
USART3_IRQHandler        0x800'0b01        Code  Wk  startup_stm32f40_41xxx.o [2]
USART6_IRQHandler        0x800'0b79        Code  Wk  startup_stm32f40_41xxx.o [2]
USART_GetITStatus        0x800'07f1  0x64  Code  Gb  stm32f4xx_usart.o [4]
USART_ReceiveData        0x800'07e9   0x8  Code  Gb  stm32f4xx_usart.o [4]
UsageFault_Handler       0x800'0967   0x2  Code  Gb  stm32f4xx_it.o [3]
WWDG_IRQHandler          0x800'0a69        Code  Wk  startup_stm32f40_41xxx.o [2]
__cmain                  0x800'09e1        Code  Gb  cmain.o [7]
__exit                   0x800'0a15  0x14  Code  Gb  exit.o [8]
__iar_copy_init3         0x800'0935  0x2a  Code  Gb  copy_init3.o [7]
__iar_data_init3         0x800'0971  0x28  Code  Gb  data_init.o [7]
__iar_init_vfp           0x800'0999        Code  Gb  fpinit_M.o [6]
__iar_program_start      0x800'0a29        Code  Gb  cstartup_M.o [7]
__iar_zero_init3         0x800'08fd  0x38  Code  Gb  zero_init3.o [7]
__low_level_init         0x800'09ff   0x4  Code  Gb  low_level_init.o [5]
__vector_table           0x800'0000        Data  Gb  startup_stm32f40_41xxx.o [2]
_call_main               0x800'09ed        Code  Gb  cmain.o [7]
_exit                    0x800'0a09        Code  Gb  cexit.o [7]
count                   0x2000'0084   0x4  Data  Gb  main.o [1]
display_digit            0x800'01db  0x62  Code  Gb  fnd.o [1]
display_fnd              0x800'023d  0x74  Code  Gb  fnd.o [1]
display_onoff            0x800'02b1  0x28  Code  Gb  fnd.o [1]
exit                     0x800'0a03   0x4  Code  Gb  exit.o [5]
fnd_flag                0x2000'007c   0x4  Data  Gb  fnd.o [1]
key                     0x2000'0080   0x4  Data  Gb  key.o [1]
main                     0x800'0771  0x78  Code  Gb  main.o [1]
rx2Data                 0x2000'0014  0x34  Data  Gb  uart2.o [1]
rx2Flag                 0x2000'0090   0x1  Data  Gb  uart2.o [1]
rx4Data                 0x2000'0048  0x34  Data  Gb  uart4.o [1]
rx4Flag                 0x2000'0091   0x1  Data  Gb  uart4.o [1]


[1] = C:\Users\USER\Documents\IAR\12-1_usart2_pa2_pa3_fnd_pc_split_exti\Debug\Obj
[2] = C:\Users\USER\Documents\IAR\12-1_usart2_pa2_pa3_fnd_pc_split_exti\Debug\Obj\CMSIS
[3] = C:\Users\USER\Documents\IAR\12-1_usart2_pa2_pa3_fnd_pc_split_exti\Debug\Obj\COMM
[4] = C:\Users\USER\Documents\IAR\12-1_usart2_pa2_pa3_fnd_pc_split_exti\Debug\Obj\STM32
[5] = dl7M_tlf.a
[6] = m7M_tls.a
[7] = rt7M_tl.a
[8] = shb_l.a

  2'922 bytes of readonly  code memory
     58 bytes of readonly  data memory
  8'338 bytes of readwrite data memory

Errors: none
Warnings: none
