###############################################################################
#
# IAR ELF Linker V9.32.1.338/W64 for ARM                  12/Apr/2024  10:02:39
# Copyright 2007-2022 IAR Systems AB.
#
#    Output file  =
#        C:\Users\USER\Documents\IAR\kcci_m4_project\Debug\Exe\kcci_m4_project.out
#    Map file     =
#        C:\Users\USER\Documents\IAR\kcci_m4_project\Debug\List\kcci_m4_project.map
#    Command line =
#        -f
#        C:\Users\USER\Documents\IAR\kcci_m4_project\Debug\Exe\kcci_m4_project.out.rsp
#        (C:\Users\USER\Documents\IAR\kcci_m4_project\Debug\Obj\dcmotor.o
#        C:\Users\USER\Documents\IAR\kcci_m4_project\Debug\Obj\fnd.o
#        C:\Users\USER\Documents\IAR\kcci_m4_project\Debug\Obj\key.o
#        C:\Users\USER\Documents\IAR\kcci_m4_project\Debug\Obj\lcd.o
#        C:\Users\USER\Documents\IAR\kcci_m4_project\Debug\Obj\main.o
#        C:\Users\USER\Documents\IAR\kcci_m4_project\Debug\Obj\STM32\misc.o
#        C:\Users\USER\Documents\IAR\kcci_m4_project\Debug\Obj\CMSIS\startup_stm32f40_41xxx.o
#        C:\Users\USER\Documents\IAR\kcci_m4_project\Debug\Obj\STM32\stm32f4xx_exti.o
#        C:\Users\USER\Documents\IAR\kcci_m4_project\Debug\Obj\STM32\stm32f4xx_gpio.o
#        C:\Users\USER\Documents\IAR\kcci_m4_project\Debug\Obj\COMM\stm32f4xx_it.o
#        C:\Users\USER\Documents\IAR\kcci_m4_project\Debug\Obj\STM32\stm32f4xx_rcc.o
#        C:\Users\USER\Documents\IAR\kcci_m4_project\Debug\Obj\STM32\stm32f4xx_syscfg.o
#        C:\Users\USER\Documents\IAR\kcci_m4_project\Debug\Obj\STM32\stm32f4xx_tim.o
#        C:\Users\USER\Documents\IAR\kcci_m4_project\Debug\Obj\STM32\stm32f4xx_usart.o
#        C:\Users\USER\Documents\IAR\kcci_m4_project\Debug\Obj\COMM\system_stm32f4xx.o
#        C:\Users\USER\Documents\IAR\kcci_m4_project\Debug\Obj\uart2.o
#        --no_out_extension -o
#        C:\Users\USER\Documents\IAR\kcci_m4_project\Debug\Exe\kcci_m4_project.out
#        --redirect _Printf=_PrintfFullNoMb --redirect _Scanf=_ScanfFullNoMb
#        --map
#        C:\Users\USER\Documents\IAR\kcci_m4_project\Debug\List\kcci_m4_project.map
#        --config C:\Users\USER\Documents\IAR\kcci_m4_project\stm32f405xG.icf
#        --semihosting --entry __iar_program_start --vfe --text_out locale
#        --cpu=Cortex-M4 --fpu=VFPv4_sp)
#
###############################################################################

*******************************************************************************
*** RUNTIME MODEL ATTRIBUTES
***

CppFlavor       = *
__CPP_Runtime   = 1
__SystemLibrary = DLib
__dlib_version  = 6


*******************************************************************************
*** HEAP SELECTION
***

The basic heap was selected because --advanced_heap
was not specified and the application did not appear to
be primarily optimized for speed.


*******************************************************************************
*** PLACEMENT SUMMARY
***

"A0":  place at address 0x800'0000 { ro section .intvec };
"P1":  place in [from 0x800'0000 to 0x80f'ffff] { ro };
define block CSTACK with size = 8K, alignment = 8 { };
define block HEAP with size = 8K, alignment = 8 { };
"P2":  place in [from 0x2000'0000 to 0x2001'ffff] {
          rw, block CSTACK, block HEAP };
initialize by copy { rw };

No sections matched the following patterns:

  section .sram  in "P3"


  Section            Kind         Address    Size  Object
  -------            ----         -------    ----  ------
"A0":                                       0x188
  .intvec            ro code   0x800'0000   0x188  startup_stm32f40_41xxx.o [2]
                             - 0x800'0188   0x188

"P1":                                      0x329d
  .text              ro code   0x800'0188   0xeca  xprintffull_nomb.o [5]
  .text              ro code   0x800'1052    0x7e  lz77_init_single.o [7]
  .text              ro code   0x800'10d0    0x16  strchr.o [7]
  .text              ro code   0x800'10e6    0x12  stm32f4xx_it.o [3]
  .text              ro code   0x800'10f8    0x40  xfail_s.o [5]
  .text              ro code   0x800'1138    0x36  strlen.o [7]
  .rodata            const     0x800'116e     0x2  xlocale_c.o [5]
  .text              ro code   0x800'1170    0x58  memchr.o [7]
  .text              ro code   0x800'11c8    0xa6  ABImemcpy.o [7]
  .rodata            const     0x800'126e     0x2  xlocale_c.o [5]
  .text              ro code   0x800'1270    0x70  frexp.o [6]
  .text              ro code   0x800'12e0    0x34  DblCmpLe.o [6]
  .text              ro code   0x800'1314    0x34  DblCmpGe.o [6]
  .text              ro code   0x800'1348   0x13a  ldexp.o [6]
  .rodata            const     0x800'1482     0x1  xlocale_c.o [5]
  .text              ro code   0x800'1484    0x36  DblToS32.o [6]
  .text              ro code   0x800'14bc    0x22  S32ToDbl.o [6]
  .text              ro code   0x800'14e0   0x24e  DblAddSub.o [6]
  .text              ro code   0x800'1730   0x246  DblDiv.o [6]
  .text              ro code   0x800'1978    0x22  DblToU32.o [6]
  .text              ro code   0x800'199c    0x1c  U32ToDbl.o [6]
  .text              ro code   0x800'19b8   0x1aa  DblMul.o [6]
  .text              ro code   0x800'1b64    0x3c  xlocale_c.o [5]
  .text              ro code   0x800'1ba0   0x230  I64DivMod.o [7]
  .text              ro code   0x800'1dd0     0x6  abort.o [5]
  .text              ro code   0x800'1dd8     0x2  I64DivZer.o [7]
  .text              ro code   0x800'1ddc    0x14  exit.o [8]
  .text              ro code   0x800'1df0   0x248  main.o [1]
  .text              ro code   0x800'2038   0x134  uart2.o [1]
  .text              ro code   0x800'216c   0x1a8  fnd.o [1]
  .text              ro code   0x800'2314   0x114  key.o [1]
  .text              ro code   0x800'2428   0x22e  lcd.o [1]
  .text              ro code   0x800'2658    0x28  printf.o [5]
  .text              ro code   0x800'2680    0x70  strncpy.o [7]
  .text              ro code   0x800'26f0    0xf4  stm32f4xx_gpio.o [4]
  .text              ro code   0x800'27e4   0x14e  iar_Stoulx.o [5]
  .text              ro code   0x800'2934    0xec  stm32f4xx_tim.o [4]
  .text              ro code   0x800'2a20   0x130  stm32f4xx_rcc.o [4]
  .text              ro code   0x800'2b50    0x80  misc.o [4]
  .text              ro code   0x800'2bd0   0x1c6  stm32f4xx_usart.o [4]
  .text              ro code   0x800'2d98    0x50  stm32f4xx_syscfg.o [4]
  .text              ro code   0x800'2de8    0xa8  stm32f4xx_exti.o [4]
  .text              ro code   0x800'2e90    0x5e  ABImemset.o [7]
  .text              ro code   0x800'2eee    0x14  isspace.o [5]
  .text              ro code   0x800'2f02    0x14  tolower.o [5]
  .text              ro code   0x800'2f18   0x124  system_stm32f4xx.o [3]
  .rodata            const     0x800'303c    0x50  iar_Stoulx.o [5]
  .text              ro code   0x800'308c    0x38  zero_init3.o [7]
  .rodata            const     0x800'30c4    0x34  main.o [1]
  .text              ro code   0x800'30f8    0x2c  dcmotor.o [1]
  .text              ro code   0x800'3124    0x28  data_init.o [7]
  .text              ro code   0x800'314c    0x22  fpinit_M.o [6]
  .iar.init_table    const     0x800'3170    0x20  - Linker created -
  .text              ro code   0x800'3190    0x1e  cmain.o [7]
  .text              ro code   0x800'31ae     0x4  low_level_init.o [5]
  .text              ro code   0x800'31b2     0x4  exit.o [5]
  .text              ro code   0x800'31b8     0xa  cexit.o [7]
  .rodata            const     0x800'31c4    0x1c  main.o [1]
  .text              ro code   0x800'31e0    0x1c  cstartup_M.o [7]
  .text              ro code   0x800'31fc    0x16  xprout.o [5]
  .rodata            const     0x800'3214    0x14  main.o [1]
  .rodata            const     0x800'3228    0x10  main.o [1]
  .rodata            const     0x800'3238    0x10  main.o [1]
  .rodata            const     0x800'3248    0x10  main.o [1]
  .rodata            const     0x800'3258    0x10  main.o [1]
  .text              ro code   0x800'3268    0x10  startup_stm32f40_41xxx.o [2]
  .rodata            const     0x800'3278     0xc  main.o [1]
  .rodata            const     0x800'3284     0xc  main.o [1]
  .rodata            const     0x800'3290     0x8  main.o [1]
  .text              ro code   0x800'3298     0x4  startup_stm32f40_41xxx.o [2]
  .text              ro code   0x800'329c     0x4  startup_stm32f40_41xxx.o [2]
  .text              ro code   0x800'32a0     0x4  startup_stm32f40_41xxx.o [2]
  .text              ro code   0x800'32a4     0x4  startup_stm32f40_41xxx.o [2]
  .text              ro code   0x800'32a8     0x4  startup_stm32f40_41xxx.o [2]
  .text              ro code   0x800'32ac     0x4  startup_stm32f40_41xxx.o [2]
  .text              ro code   0x800'32b0     0x4  startup_stm32f40_41xxx.o [2]
  .text              ro code   0x800'32b4     0x4  startup_stm32f40_41xxx.o [2]
  .text              ro code   0x800'32b8     0x4  startup_stm32f40_41xxx.o [2]
  .text              ro code   0x800'32bc     0x4  startup_stm32f40_41xxx.o [2]
  .text              ro code   0x800'32c0     0x4  startup_stm32f40_41xxx.o [2]
  .text              ro code   0x800'32c4     0x4  startup_stm32f40_41xxx.o [2]
  .text              ro code   0x800'32c8     0x4  startup_stm32f40_41xxx.o [2]
  .text              ro code   0x800'32cc     0x4  startup_stm32f40_41xxx.o [2]
  .text              ro code   0x800'32d0     0x4  startup_stm32f40_41xxx.o [2]
  .text              ro code   0x800'32d4     0x4  startup_stm32f40_41xxx.o [2]
  .text              ro code   0x800'32d8     0x4  startup_stm32f40_41xxx.o [2]
  .text              ro code   0x800'32dc     0x4  startup_stm32f40_41xxx.o [2]
  .text              ro code   0x800'32e0     0x4  startup_stm32f40_41xxx.o [2]
  .text              ro code   0x800'32e4     0x4  startup_stm32f40_41xxx.o [2]
  .text              ro code   0x800'32e8     0x4  startup_stm32f40_41xxx.o [2]
  .text              ro code   0x800'32ec     0x4  startup_stm32f40_41xxx.o [2]
  .text              ro code   0x800'32f0     0x4  startup_stm32f40_41xxx.o [2]
  .text              ro code   0x800'32f4     0x4  startup_stm32f40_41xxx.o [2]
  .text              ro code   0x800'32f8     0x4  startup_stm32f40_41xxx.o [2]
  .text              ro code   0x800'32fc     0x4  startup_stm32f40_41xxx.o [2]
  .text              ro code   0x800'3300     0x4  startup_stm32f40_41xxx.o [2]
  .text              ro code   0x800'3304     0x4  startup_stm32f40_41xxx.o [2]
  .text              ro code   0x800'3308     0x4  startup_stm32f40_41xxx.o [2]
  .text              ro code   0x800'330c     0x4  startup_stm32f40_41xxx.o [2]
  .text              ro code   0x800'3310     0x4  startup_stm32f40_41xxx.o [2]
  .text              ro code   0x800'3314     0x4  startup_stm32f40_41xxx.o [2]
  .text              ro code   0x800'3318     0x4  startup_stm32f40_41xxx.o [2]
  .text              ro code   0x800'331c     0x4  startup_stm32f40_41xxx.o [2]
  .text              ro code   0x800'3320     0x4  startup_stm32f40_41xxx.o [2]
  .text              ro code   0x800'3324     0x4  startup_stm32f40_41xxx.o [2]
  .text              ro code   0x800'3328     0x4  startup_stm32f40_41xxx.o [2]
  .text              ro code   0x800'332c     0x4  startup_stm32f40_41xxx.o [2]
  .text              ro code   0x800'3330     0x4  startup_stm32f40_41xxx.o [2]
  .text              ro code   0x800'3334     0x4  startup_stm32f40_41xxx.o [2]
  .text              ro code   0x800'3338     0x4  startup_stm32f40_41xxx.o [2]
  .text              ro code   0x800'333c     0x4  startup_stm32f40_41xxx.o [2]
  .text              ro code   0x800'3340     0x4  startup_stm32f40_41xxx.o [2]
  .text              ro code   0x800'3344     0x4  startup_stm32f40_41xxx.o [2]
  .text              ro code   0x800'3348     0x4  startup_stm32f40_41xxx.o [2]
  .text              ro code   0x800'334c     0x4  startup_stm32f40_41xxx.o [2]
  .text              ro code   0x800'3350     0x4  startup_stm32f40_41xxx.o [2]
  .text              ro code   0x800'3354     0x4  startup_stm32f40_41xxx.o [2]
  .text              ro code   0x800'3358     0x4  startup_stm32f40_41xxx.o [2]
  .text              ro code   0x800'335c     0x4  startup_stm32f40_41xxx.o [2]
  .text              ro code   0x800'3360     0x4  startup_stm32f40_41xxx.o [2]
  .text              ro code   0x800'3364     0x4  startup_stm32f40_41xxx.o [2]
  .text              ro code   0x800'3368     0x4  startup_stm32f40_41xxx.o [2]
  .text              ro code   0x800'336c     0x4  startup_stm32f40_41xxx.o [2]
  .text              ro code   0x800'3370     0x4  startup_stm32f40_41xxx.o [2]
  .text              ro code   0x800'3374     0x4  startup_stm32f40_41xxx.o [2]
  .text              ro code   0x800'3378     0x4  startup_stm32f40_41xxx.o [2]
  .text              ro code   0x800'337c     0x4  startup_stm32f40_41xxx.o [2]
  .text              ro code   0x800'3380     0x4  startup_stm32f40_41xxx.o [2]
  .text              ro code   0x800'3384     0x4  startup_stm32f40_41xxx.o [2]
  .text              ro code   0x800'3388     0x4  startup_stm32f40_41xxx.o [2]
  .text              ro code   0x800'338c     0x4  startup_stm32f40_41xxx.o [2]
  .text              ro code   0x800'3390     0x4  startup_stm32f40_41xxx.o [2]
  .text              ro code   0x800'3394     0x4  startup_stm32f40_41xxx.o [2]
  .text              ro code   0x800'3398     0x4  startup_stm32f40_41xxx.o [2]
  .text              ro code   0x800'339c     0x4  startup_stm32f40_41xxx.o [2]
  .text              ro code   0x800'33a0     0x4  startup_stm32f40_41xxx.o [2]
  .text              ro code   0x800'33a4     0x4  startup_stm32f40_41xxx.o [2]
  .text              ro code   0x800'33a8     0x4  startup_stm32f40_41xxx.o [2]
  .text              ro code   0x800'33ac     0x4  startup_stm32f40_41xxx.o [2]
  .text              ro code   0x800'33b0     0x4  startup_stm32f40_41xxx.o [2]
  .text              ro code   0x800'33b4     0x4  startup_stm32f40_41xxx.o [2]
  .text              ro code   0x800'33b8     0x4  startup_stm32f40_41xxx.o [2]
  .text              ro code   0x800'33bc     0x4  startup_stm32f40_41xxx.o [2]
  .text              ro code   0x800'33c0     0x4  startup_stm32f40_41xxx.o [2]
  .text              ro code   0x800'33c4     0x4  startup_stm32f40_41xxx.o [2]
  .text              ro code   0x800'33c8     0x4  startup_stm32f40_41xxx.o [2]
  .text              ro code   0x800'33cc     0x4  startup_stm32f40_41xxx.o [2]
  .rodata            const     0x800'33d0     0x0  zero_init3.o [7]
  .rodata            const     0x800'33d0     0x0  lz77_init_single.o [7]
  Initializer bytes  const     0x800'33d0    0x55  <for P2-1>
                             - 0x800'3425  0x329d

"P2", part 1 of 3:                           0xa8
  P2-1                        0x2000'0000    0xa8  <Init block>
    .data            inited   0x2000'0000    0x14  fnd.o [1]
    .data            inited   0x2000'0014     0x4  fnd.o [1]
    .data            inited   0x2000'0018    0x10  stm32f4xx_rcc.o [4]
    .data            inited   0x2000'0028    0x38  xlocale_c.o [5]
    .data            inited   0x2000'0060    0x48  xlocale_c.o [5]
                            - 0x2000'00a8    0xa8

"P2", part 2 of 3:                           0x50
  .bss               zero     0x2000'00a8    0x34  uart2.o [1]
  .bss               zero     0x2000'00dc     0x4  dcmotor.o [1]
  .bss               zero     0x2000'00e0     0x4  fnd.o [1]
  .bss               zero     0x2000'00e4     0x4  fnd.o [1]
  .bss               zero     0x2000'00e8     0x4  key.o [1]
  .bss               zero     0x2000'00ec     0x4  uart2.o [1]
  .bss               zero     0x2000'00f0     0x4  xfail_s.o [5]
  .bss               zero     0x2000'00f4     0x1  uart2.o [1]
                            - 0x2000'00f5    0x4d

"P2", part 3 of 3:                         0x2000
  CSTACK                      0x2000'00f8  0x2000  <Block>
    CSTACK           uninit   0x2000'00f8  0x2000  <Block tail>
                            - 0x2000'20f8  0x2000

Unused ranges:

         From           To      Size
         ----           --      ----
   0x800'3425   0x80f'ffff  0xf'cbdb
  0x2000'20f8  0x2001'ffff  0x1'df08


*******************************************************************************
*** INIT TABLE
***

          Address      Size
          -------      ----
Zero (__iar_zero_init3)
    1 destination range, total size 0x4d:
          0x2000'00a8  0x4d

Copy/lz77 (__iar_lz77_init_single3)
    1 source range, total size 0x55 (50% of destination):
           0x800'33d0  0x55
    1 destination range, total size 0xa8:
          0x2000'0000  0xa8



*******************************************************************************
*** MODULE SUMMARY
***

    Module                    ro code  ro data  rw data
    ------                    -------  -------  -------
command line/config:
    ---------------------------------------------------
    Total:

C:\Users\USER\Documents\IAR\kcci_m4_project\Debug\Obj: [1]
    dcmotor.o                      44                 4
    fnd.o                         424       12       32
    key.o                         276                 4
    lcd.o                         558
    main.o                        584      196
    uart2.o                       308                57
    ---------------------------------------------------
    Total:                      2'194      208       97

C:\Users\USER\Documents\IAR\kcci_m4_project\Debug\Obj\CMSIS: [2]
    startup_stm32f40_41xxx.o      720
    ---------------------------------------------------
    Total:                        720

C:\Users\USER\Documents\IAR\kcci_m4_project\Debug\Obj\COMM: [3]
    stm32f4xx_it.o                 18
    system_stm32f4xx.o            292
    ---------------------------------------------------
    Total:                        310

C:\Users\USER\Documents\IAR\kcci_m4_project\Debug\Obj\STM32: [4]
    misc.o                        128
    stm32f4xx_exti.o              168
    stm32f4xx_gpio.o              244
    stm32f4xx_rcc.o               304        8       16
    stm32f4xx_syscfg.o             80
    stm32f4xx_tim.o               236
    stm32f4xx_usart.o             454
    ---------------------------------------------------
    Total:                      1'614        8       16

dl7M_tlf.a: [5]
    abort.o                         6
    exit.o                          4
    iar_Stoulx.o                  334       80
    isspace.o                      20
    low_level_init.o                4
    printf.o                       40
    tolower.o                      20
    xfail_s.o                      64                 4
    xlocale_c.o                    60       70      128
    xprintffull_nomb.o          3'786
    xprout.o                       22
    ---------------------------------------------------
    Total:                      4'360      150      132

m7M_tls.a: [6]
    DblAddSub.o                   590
    DblCmpGe.o                     52
    DblCmpLe.o                     52
    DblDiv.o                      582
    DblMul.o                      426
    DblToS32.o                     54
    DblToU32.o                     34
    S32ToDbl.o                     34
    U32ToDbl.o                     28
    fpinit_M.o                     34
    frexp.o                       112
    ldexp.o                       314
    ---------------------------------------------------
    Total:                      2'312

rt7M_tl.a: [7]
    ABImemcpy.o                   166
    ABImemset.o                    94
    I64DivMod.o                   560
    I64DivZer.o                     2
    cexit.o                        10
    cmain.o                        30
    cstartup_M.o                   28
    data_init.o                    40
    lz77_init_single.o            126
    memchr.o                       88
    strchr.o                       22
    strlen.o                       54
    strncpy.o                     112
    zero_init3.o                   56
    ---------------------------------------------------
    Total:                      1'388

shb_l.a: [8]
    exit.o                         20
    ---------------------------------------------------
    Total:                         20

    Gaps                           27        6
    Linker created                          32    8'192
-------------------------------------------------------
    Grand Total:               12'945      404    8'437


*******************************************************************************
*** ENTRY LIST
***

Entry                       Address   Size  Type      Object
-----                       -------   ----  ----      ------
.iar.init_table$$Base    0x800'3170          --   Gb  - Linker created -
.iar.init_table$$Limit   0x800'3190          --   Gb  - Linker created -
?main                    0x800'3191         Code  Gb  cmain.o [7]
ADC_IRQHandler           0x800'32e1         Code  Wk  startup_stm32f40_41xxx.o [2]
APBAHBPrescTable        0x2000'0018   0x10  Data  Lc  stm32f4xx_rcc.o [4]
BusFault_Handler         0x800'10ed    0x2  Code  Gb  stm32f4xx_it.o [3]
CAN1_RX0_IRQHandler      0x800'32e9         Code  Wk  startup_stm32f40_41xxx.o [2]
CAN1_RX1_IRQHandler      0x800'32ed         Code  Wk  startup_stm32f40_41xxx.o [2]
CAN1_SCE_IRQHandler      0x800'32f1         Code  Wk  startup_stm32f40_41xxx.o [2]
CAN1_TX_IRQHandler       0x800'32e5         Code  Wk  startup_stm32f40_41xxx.o [2]
CAN2_RX0_IRQHandler      0x800'3389         Code  Wk  startup_stm32f40_41xxx.o [2]
CAN2_RX1_IRQHandler      0x800'338d         Code  Wk  startup_stm32f40_41xxx.o [2]
CAN2_SCE_IRQHandler      0x800'3391         Code  Wk  startup_stm32f40_41xxx.o [2]
CAN2_TX_IRQHandler       0x800'3385         Code  Wk  startup_stm32f40_41xxx.o [2]
CRYP_IRQHandler          0x800'33c5         Code  Wk  startup_stm32f40_41xxx.o [2]
CSTACK$$Base            0x2000'00f8          --   Gb  - Linker created -
CSTACK$$Limit           0x2000'20f8          --   Gb  - Linker created -
DCMI_IRQHandler          0x800'33c1         Code  Wk  startup_stm32f40_41xxx.o [2]
DMA1_Stream0_IRQHandler
                         0x800'32c5         Code  Wk  startup_stm32f40_41xxx.o [2]
DMA1_Stream1_IRQHandler
                         0x800'32c9         Code  Wk  startup_stm32f40_41xxx.o [2]
DMA1_Stream2_IRQHandler
                         0x800'32cd         Code  Wk  startup_stm32f40_41xxx.o [2]
DMA1_Stream3_IRQHandler
                         0x800'32d1         Code  Wk  startup_stm32f40_41xxx.o [2]
DMA1_Stream4_IRQHandler
                         0x800'32d5         Code  Wk  startup_stm32f40_41xxx.o [2]
DMA1_Stream5_IRQHandler
                         0x800'32d9         Code  Wk  startup_stm32f40_41xxx.o [2]
DMA1_Stream6_IRQHandler
                         0x800'32dd         Code  Wk  startup_stm32f40_41xxx.o [2]
DMA1_Stream7_IRQHandler
                         0x800'3349         Code  Wk  startup_stm32f40_41xxx.o [2]
DMA2_Stream0_IRQHandler
                         0x800'3369         Code  Wk  startup_stm32f40_41xxx.o [2]
DMA2_Stream1_IRQHandler
                         0x800'336d         Code  Wk  startup_stm32f40_41xxx.o [2]
DMA2_Stream2_IRQHandler
                         0x800'3371         Code  Wk  startup_stm32f40_41xxx.o [2]
DMA2_Stream3_IRQHandler
                         0x800'3375         Code  Wk  startup_stm32f40_41xxx.o [2]
DMA2_Stream4_IRQHandler
                         0x800'3379         Code  Wk  startup_stm32f40_41xxx.o [2]
DMA2_Stream5_IRQHandler
                         0x800'3399         Code  Wk  startup_stm32f40_41xxx.o [2]
DMA2_Stream6_IRQHandler
                         0x800'339d         Code  Wk  startup_stm32f40_41xxx.o [2]
DMA2_Stream7_IRQHandler
                         0x800'33a1         Code  Wk  startup_stm32f40_41xxx.o [2]
DebugMon_Handler         0x800'10f3    0x2  Code  Gb  stm32f4xx_it.o [3]
Delay                    0x800'2429   0x20  Code  Lc  lcd.o [1]
Delay_us                 0x800'2449   0x1c  Code  Lc  lcd.o [1]
ETH_IRQHandler           0x800'337d         Code  Wk  startup_stm32f40_41xxx.o [2]
ETH_WKUP_IRQHandler      0x800'3381         Code  Wk  startup_stm32f40_41xxx.o [2]
EXTI0_IRQHandler         0x800'32b1         Code  Wk  startup_stm32f40_41xxx.o [2]
EXTI15_10_IRQHandler     0x800'23b5   0x6c  Code  Gb  key.o [1]
EXTI1_IRQHandler         0x800'32b5         Code  Wk  startup_stm32f40_41xxx.o [2]
EXTI2_IRQHandler         0x800'32b9         Code  Wk  startup_stm32f40_41xxx.o [2]
EXTI3_IRQHandler         0x800'32bd         Code  Wk  startup_stm32f40_41xxx.o [2]
EXTI4_IRQHandler         0x800'32c1         Code  Wk  startup_stm32f40_41xxx.o [2]
EXTI9_5_IRQHandler       0x800'32f5         Code  Wk  startup_stm32f40_41xxx.o [2]
EXTI_ClearITPendingBit   0x800'2e75    0x6  Code  Gb  stm32f4xx_exti.o [4]
EXTI_GetITStatus         0x800'2e61   0x14  Code  Gb  stm32f4xx_exti.o [4]
EXTI_Init                0x800'2de9   0x78  Code  Gb  stm32f4xx_exti.o [4]
E_Pulse                  0x800'24f3   0x1c  Code  Gb  lcd.o [1]
FLASH_IRQHandler         0x800'32a9         Code  Wk  startup_stm32f40_41xxx.o [2]
FND_init                 0x800'221b   0x36  Code  Gb  fnd.o [1]
FPU_IRQHandler           0x800'33cd         Code  Wk  startup_stm32f40_41xxx.o [2]
FSMC_IRQHandler          0x800'334d         Code  Wk  startup_stm32f40_41xxx.o [2]
Font                    0x2000'0000   0x14  Data  Gb  fnd.o [1]
Func_Set                 0x800'250f   0x24  Code  Gb  lcd.o [1]
GPIO_Init                0x800'26f1   0x90  Code  Gb  stm32f4xx_gpio.o [4]
GPIO_PinAFConfig         0x800'2795   0x50  Code  Gb  stm32f4xx_gpio.o [4]
GPIO_ReadInputData       0x800'2781    0x6  Code  Gb  stm32f4xx_gpio.o [4]
GPIO_ResetBits           0x800'278b    0x4  Code  Gb  stm32f4xx_gpio.o [4]
GPIO_SetBits             0x800'2787    0x4  Code  Gb  stm32f4xx_gpio.o [4]
GPIO_Write               0x800'278f    0x6  Code  Gb  stm32f4xx_gpio.o [4]
HASH_RNG_IRQHandler      0x800'33c9         Code  Wk  startup_stm32f40_41xxx.o [2]
HardFault_Handler        0x800'10e9    0x2  Code  Gb  stm32f4xx_it.o [3]
I2C1_ER_IRQHandler       0x800'3315         Code  Wk  startup_stm32f40_41xxx.o [2]
I2C1_EV_IRQHandler       0x800'3311         Code  Wk  startup_stm32f40_41xxx.o [2]
I2C2_ER_IRQHandler       0x800'331d         Code  Wk  startup_stm32f40_41xxx.o [2]
I2C2_EV_IRQHandler       0x800'3319         Code  Wk  startup_stm32f40_41xxx.o [2]
I2C3_ER_IRQHandler       0x800'33ad         Code  Wk  startup_stm32f40_41xxx.o [2]
I2C3_EV_IRQHandler       0x800'33a9         Code  Wk  startup_stm32f40_41xxx.o [2]
KEY_init                 0x800'2315   0xa0  Code  Gb  key.o [1]
LCD_init                 0x800'2465   0x8e  Code  Gb  lcd.o [1]
MemManage_Handler        0x800'10eb    0x2  Code  Gb  stm32f4xx_it.o [3]
NMI_Handler              0x800'10e7    0x2  Code  Gb  stm32f4xx_it.o [3]
NVIC_Init                0x800'2b5b   0x62  Code  Gb  misc.o [4]
NVIC_PriorityGroupConfig
                         0x800'2b51    0xa  Code  Gb  misc.o [4]
OTG_FS_IRQHandler        0x800'3395         Code  Wk  startup_stm32f40_41xxx.o [2]
OTG_FS_WKUP_IRQHandler   0x800'3335         Code  Wk  startup_stm32f40_41xxx.o [2]
OTG_HS_EP1_IN_IRQHandler
                         0x800'33b5         Code  Wk  startup_stm32f40_41xxx.o [2]
OTG_HS_EP1_OUT_IRQHandler
                         0x800'33b1         Code  Wk  startup_stm32f40_41xxx.o [2]
OTG_HS_IRQHandler        0x800'33bd         Code  Wk  startup_stm32f40_41xxx.o [2]
OTG_HS_WKUP_IRQHandler   0x800'33b9         Code  Wk  startup_stm32f40_41xxx.o [2]
PVD_IRQHandler           0x800'329d         Code  Wk  startup_stm32f40_41xxx.o [2]
PendSV_Handler           0x800'10f5    0x2  Code  Gb  stm32f4xx_it.o [3]
RCC_AHB1PeriphClockCmd   0x800'2add   0x1c  Code  Gb  stm32f4xx_rcc.o [4]
RCC_APB1PeriphClockCmd   0x800'2af9   0x1c  Code  Gb  stm32f4xx_rcc.o [4]
RCC_APB2PeriphClockCmd   0x800'2b15   0x1c  Code  Gb  stm32f4xx_rcc.o [4]
RCC_GetClocksFreq        0x800'2a21   0xbc  Code  Gb  stm32f4xx_rcc.o [4]
RCC_IRQHandler           0x800'32ad         Code  Wk  startup_stm32f40_41xxx.o [2]
RTC_Alarm_IRQHandler     0x800'3331         Code  Wk  startup_stm32f40_41xxx.o [2]
RTC_WKUP_IRQHandler      0x800'32a5         Code  Wk  startup_stm32f40_41xxx.o [2]
Region$$Table$$Base      0x800'3170          --   Gb  - Linker created -
Region$$Table$$Limit     0x800'3190          --   Gb  - Linker created -
Reset_Handler            0x800'3269         Code  Wk  startup_stm32f40_41xxx.o [2]
SDIO_IRQHandler          0x800'3351         Code  Wk  startup_stm32f40_41xxx.o [2]
SPI1_IRQHandler          0x800'3321         Code  Wk  startup_stm32f40_41xxx.o [2]
SPI2_IRQHandler          0x800'3325         Code  Wk  startup_stm32f40_41xxx.o [2]
SPI3_IRQHandler          0x800'3359         Code  Wk  startup_stm32f40_41xxx.o [2]
SVC_Handler              0x800'10f1    0x2  Code  Gb  stm32f4xx_it.o [3]
SYSCFG_EXTILineConfig    0x800'2d99   0x4c  Code  Gb  stm32f4xx_syscfg.o [4]
SetSysClock              0x800'2f5f   0xaa  Code  Lc  system_stm32f4xx.o [3]
SysTick_Handler          0x800'10f7    0x2  Code  Gb  stm32f4xx_it.o [3]
SystemInit               0x800'2f19   0x46  Code  Gb  system_stm32f4xx.o [3]
TAMP_STAMP_IRQHandler    0x800'32a1         Code  Wk  startup_stm32f40_41xxx.o [2]
TIM1_BRK_TIM9_IRQHandler
                         0x800'32f9         Code  Wk  startup_stm32f40_41xxx.o [2]
TIM1_CC_IRQHandler       0x800'3305         Code  Wk  startup_stm32f40_41xxx.o [2]
TIM1_TRG_COM_TIM11_IRQHandler
                         0x800'3301         Code  Wk  startup_stm32f40_41xxx.o [2]
TIM1_UP_TIM10_IRQHandler
                         0x800'32fd         Code  Wk  startup_stm32f40_41xxx.o [2]
TIM2_IRQHandler          0x800'3309         Code  Wk  startup_stm32f40_41xxx.o [2]
TIM3_IRQHandler          0x800'330d         Code  Wk  startup_stm32f40_41xxx.o [2]
TIM4_IRQHandler          0x800'30f9   0x22  Code  Gb  dcmotor.o [1]
TIM5_IRQHandler          0x800'3355         Code  Wk  startup_stm32f40_41xxx.o [2]
TIM6_DAC_IRQHandler      0x800'3365         Code  Wk  startup_stm32f40_41xxx.o [2]
TIM7_IRQHandler          0x800'21e3   0x38  Code  Gb  fnd.o [1]
TIM7_IRQHandler::digit  0x2000'00e4    0x4  Data  Lc  fnd.o [1]
TIM7_init                0x800'216d   0x76  Code  Gb  fnd.o [1]
TIM8_BRK_TIM12_IRQHandler
                         0x800'3339         Code  Wk  startup_stm32f40_41xxx.o [2]
TIM8_CC_IRQHandler       0x800'3345         Code  Wk  startup_stm32f40_41xxx.o [2]
TIM8_TRG_COM_TIM14_IRQHandler
                         0x800'3341         Code  Wk  startup_stm32f40_41xxx.o [2]
TIM8_UP_TIM13_IRQHandler
                         0x800'333d         Code  Wk  startup_stm32f40_41xxx.o [2]
TIM_ClearITPendingBit    0x800'2a19    0x8  Code  Gb  stm32f4xx_tim.o [4]
TIM_Cmd                  0x800'299f   0x1c  Code  Gb  stm32f4xx_tim.o [4]
TIM_GetITStatus          0x800'29f5   0x24  Code  Gb  stm32f4xx_tim.o [4]
TIM_ITConfig             0x800'29dd   0x18  Code  Gb  stm32f4xx_tim.o [4]
TIM_SetCompare1          0x800'29d9    0x4  Code  Gb  stm32f4xx_tim.o [4]
TIM_TimeBaseInit         0x800'2935   0x6a  Code  Gb  stm32f4xx_tim.o [4]
UART2_init               0x800'2039   0xbc  Code  Gb  uart2.o [1]
UART4_IRQHandler         0x800'335d         Code  Wk  startup_stm32f40_41xxx.o [2]
UART5_IRQHandler         0x800'3361         Code  Wk  startup_stm32f40_41xxx.o [2]
USART1_IRQHandler        0x800'3329         Code  Wk  startup_stm32f40_41xxx.o [2]
USART2_IRQHandler        0x800'2117   0x42  Code  Gb  uart2.o [1]
USART2_IRQHandler{1}{2}::i
                        0x2000'00ec    0x4  Data  Lc  uart2.o [1]
USART3_IRQHandler        0x800'332d         Code  Wk  startup_stm32f40_41xxx.o [2]
USART6_IRQHandler        0x800'33a5         Code  Wk  startup_stm32f40_41xxx.o [2]
USART_Cmd                0x800'2c99   0x1c  Code  Gb  stm32f4xx_usart.o [4]
USART_GetFlagStatus      0x800'2d19   0x1a  Code  Gb  stm32f4xx_usart.o [4]
USART_GetITStatus        0x800'2d33   0x64  Code  Gb  stm32f4xx_usart.o [4]
USART_ITConfig           0x800'2cc5   0x54  Code  Gb  stm32f4xx_usart.o [4]
USART_Init               0x800'2bd1   0xba  Code  Gb  stm32f4xx_usart.o [4]
USART_ReceiveData        0x800'2cbd    0x8  Code  Gb  stm32f4xx_usart.o [4]
USART_SendData           0x800'2cb5    0x8  Code  Gb  stm32f4xx_usart.o [4]
UsageFault_Handler       0x800'10ef    0x2  Code  Gb  stm32f4xx_it.o [3]
WWDG_IRQHandler          0x800'3299         Code  Wk  startup_stm32f40_41xxx.o [2]
_LC                      0x800'0189    0x6  Code  Lc  xprintffull_nomb.o [5]
_LitobFullNoMb           0x800'0e71  0x114  Code  Lc  xprintffull_nomb.o [5]
_LocaleC_isspace         0x800'1b71   0x14  Code  Gb  xlocale_c.o [5]
_LocaleC_isupper         0x800'1b65    0x2  Code  Gb  xlocale_c.o [5]
_LocaleC_tolower         0x800'1b85    0xc  Code  Gb  xlocale_c.o [5]
_Locale_lconv           0x2000'0028   0x38  Data  Lc  xlocale_c.o [5]
_PrintfFullNoMb          0x800'018f  0xcb4  Code  Gb  xprintffull_nomb.o [5]
_Prout                   0x800'31fd   0x16  Code  Gb  xprout.o [5]
_PutcharsFullNoMb        0x800'0fdd   0x2e  Code  Lc  xprintffull_nomb.o [5]
__aeabi_cdcmple          0x800'12e1         Code  Gb  DblCmpLe.o [6]
__aeabi_cdrcmple         0x800'1315         Code  Gb  DblCmpGe.o [6]
__aeabi_d2iz             0x800'1485         Code  Gb  DblToS32.o [6]
__aeabi_d2uiz            0x800'1979         Code  Gb  DblToU32.o [6]
__aeabi_ddiv             0x800'1731         Code  Gb  DblDiv.o [6]
__aeabi_dmul             0x800'19b9         Code  Gb  DblMul.o [6]
__aeabi_dsub             0x800'164d         Code  Gb  DblAddSub.o [6]
__aeabi_i2d              0x800'14bd         Code  Gb  S32ToDbl.o [6]
__aeabi_ldiv0            0x800'1dd9         Code  Gb  I64DivZer.o [7]
__aeabi_memcpy           0x800'11c9         Code  Gb  ABImemcpy.o [7]
__aeabi_memcpy4          0x800'11e9         Code  Gb  ABImemcpy.o [7]
__aeabi_memcpy8          0x800'11e9         Code  Gb  ABImemcpy.o [7]
__aeabi_ui2d             0x800'199d         Code  Gb  U32ToDbl.o [6]
__aeabi_uldivmod         0x800'1ba1         Code  Gb  I64DivMod.o [7]
__cmain                  0x800'3191         Code  Gb  cmain.o [7]
__exit                   0x800'1ddd   0x14  Code  Gb  exit.o [8]
__iar_Fail_s             0x800'10f9   0x1c  Code  Gb  xfail_s.o [5]
__iar_Memchr             0x800'1171         Code  Gb  memchr.o [7]
__iar_Memset_word        0x800'2e91         Code  Gb  ABImemset.o [7]
__iar_Stoul              0x800'2925    0x2  Code  Gb  iar_Stoulx.o [5]
__iar_Stoulx             0x800'27e5  0x13a  Code  Gb  iar_Stoulx.o [5]
__iar_Strchr             0x800'10d1         Code  Gb  strchr.o [7]
__iar_data_init3         0x800'3125   0x28  Code  Gb  data_init.o [7]
__iar_frexp              0x800'127d         Code  Gb  frexp.o [6]
__iar_frexpl             0x800'127d         Code  Gb  frexp.o [6]
__iar_globLocale        0x2000'0060   0x48  Data  Lc  xlocale_c.o [5]
__iar_global_Locale      0x800'1b91    0x4  Code  Gb  xlocale_c.o [5]
__iar_init_vfp           0x800'314d         Code  Gb  fpinit_M.o [6]
__iar_ldexp64            0x800'1349         Code  Gb  ldexp.o [6]
__iar_lz77_init_single3
                         0x800'1053   0x7e  Code  Gb  lz77_init_single.o [7]
__iar_program_start      0x800'31e1         Code  Gb  cstartup_M.o [7]
__iar_scalbln64          0x800'1349         Code  Gb  ldexp.o [6]
__iar_scalbn64           0x800'1349         Code  Gb  ldexp.o [6]
__iar_softfp___iar_frexp64
                         0x800'1271         Code  Gb  frexp.o [6]
__iar_softfp_frexp       0x800'1271         Code  Gb  frexp.o [6]
__iar_softfp_frexpl      0x800'1271         Code  Gb  frexp.o [6]
__iar_zero_init3         0x800'308d   0x38  Code  Gb  zero_init3.o [7]
__low_level_init         0x800'31af    0x4  Code  Gb  low_level_init.o [5]
__vector_table           0x800'0000         Data  Gb  startup_stm32f40_41xxx.o [2]
_call_main               0x800'319d         Code  Gb  cmain.o [7]
_exit                    0x800'31b9         Code  Gb  cexit.o [7]
abort                    0x800'1dd1    0x6  Code  Gb  abort.o [5]
arrayNum                0x2000'00e0    0x4  Data  Gb  fnd.o [1]
atoi                     0x800'2927    0x2  Code  Gb  iar_Stoulx.o [5]
clrscr                   0x800'2605   0x28  Code  Gb  lcd.o [1]
digits                   0x800'3064   0x28  Data  Lc  iar_Stoulx.o [5]
disp_ON_OFF              0x800'25a1   0x64  Code  Gb  lcd.o [1]
display_digit            0x800'2251   0x5c  Code  Gb  fnd.o [1]
display_fnd              0x800'22ad   0x50  Code  Gb  fnd.o [1]
exit                     0x800'31b3    0x4  Code  Gb  exit.o [5]
fnd_flag                0x2000'0014    0x4  Data  Gb  fnd.o [1]
isspace                  0x800'2eef   0x14  Code  Gb  isspace.o [5]
key                     0x2000'00e8    0x4  Data  Gb  key.o [1]
lcd                      0x800'2639   0x1e  Code  Gb  lcd.o [1]
lcd_char                 0x800'2533   0x20  Code  Gb  lcd.o [1]
lcd_disp                 0x800'2553   0x4e  Code  Gb  lcd.o [1]
ldexp                    0x800'1349         Code  Gb  ldexp.o [6]
ldexpl                   0x800'1349         Code  Gb  ldexp.o [6]
localeconv               0x800'1b95    0x4  Code  Gb  xlocale_c.o [5]
main                     0x800'1df1  0x248  Code  Gb  main.o [1]
memchr                   0x800'1171         Code  Gb  memchr.o [7]
ndigs                    0x800'303c   0x28  Data  Lc  iar_Stoulx.o [5]
printf                   0x800'2659   0x28  Code  Gb  printf.o [5]
putchar                  0x800'20f5   0x22  Code  Gb  uart2.o [1]
rx2Data                 0x2000'00a8   0x34  Data  Gb  uart2.o [1]
rx2Flag                 0x2000'00f4    0x1  Data  Gb  uart2.o [1]
scalbln                  0x800'1349         Code  Gb  ldexp.o [6]
scalblnl                 0x800'1349         Code  Gb  ldexp.o [6]
scalbn                   0x800'1349         Code  Gb  ldexp.o [6]
scalbnl                  0x800'1349         Code  Gb  ldexp.o [6]
scale                    0x800'0f85   0x46  Code  Lc  xprintffull_nomb.o [5]
sec_hand                0x2000'00f0    0x4  Data  Lc  xfail_s.o [5]
strchr                   0x800'10d1         Code  Gb  strchr.o [7]
strlen                   0x800'1139         Code  Gb  strlen.o [7]
strncpy                  0x800'2681         Code  Gb  strncpy.o [7]
tim4_counter            0x2000'00dc    0x4  Data  Gb  dcmotor.o [1]
tolower                  0x800'2f03   0x14  Code  Gb  tolower.o [5]


[1] = C:\Users\USER\Documents\IAR\kcci_m4_project\Debug\Obj
[2] = C:\Users\USER\Documents\IAR\kcci_m4_project\Debug\Obj\CMSIS
[3] = C:\Users\USER\Documents\IAR\kcci_m4_project\Debug\Obj\COMM
[4] = C:\Users\USER\Documents\IAR\kcci_m4_project\Debug\Obj\STM32
[5] = dl7M_tlf.a
[6] = m7M_tls.a
[7] = rt7M_tl.a
[8] = shb_l.a

  12'945 bytes of readonly  code memory
     404 bytes of readonly  data memory
   8'437 bytes of readwrite data memory

Errors: none
Warnings: none
