###############################################################################
#
# IAR ELF Linker V9.32.1.338/W64 for ARM                  03/Apr/2024  11:36:53
# Copyright 2007-2022 IAR Systems AB.
#
#    Output file  =  C:\Users\USER\Documents\IAR\sample\Debug\Exe\sample.out
#    Map file     =  C:\Users\USER\Documents\IAR\sample\Debug\List\sample.map
#    Command line =
#        -f C:\Users\USER\Documents\IAR\sample\Debug\Exe\sample.out.rsp
#        (C:\Users\USER\Documents\IAR\sample\Debug\Obj\main.o
#        C:\Users\USER\Documents\IAR\sample\Debug\Obj\CMSIS\startup_stm32f40_41xxx.o
#        C:\Users\USER\Documents\IAR\sample\Debug\Obj\STM32\stm32f4xx_gpio.o
#        C:\Users\USER\Documents\IAR\sample\Debug\Obj\COMM\stm32f4xx_it.o
#        C:\Users\USER\Documents\IAR\sample\Debug\Obj\STM32\stm32f4xx_rcc.o
#        C:\Users\USER\Documents\IAR\sample\Debug\Obj\COMM\system_stm32f4xx.o
#        --no_out_extension -o
#        C:\Users\USER\Documents\IAR\sample\Debug\Exe\sample.out --redirect
#        _Printf=_PrintfFullNoMb --redirect _Scanf=_ScanfFullNoMb --map
#        C:\Users\USER\Documents\IAR\sample\Debug\List\sample.map --config
#        C:\Users\USER\Documents\IAR\sample\stm32f405xG.icf --semihosting
#        --entry __iar_program_start --vfe --text_out locale --cpu=Cortex-M4
#        --fpu=VFPv4_sp)
#
###############################################################################

*******************************************************************************
*** RUNTIME MODEL ATTRIBUTES
***

CppFlavor       = *
__CPP_Runtime   = 1
__SystemLibrary = DLib
__dlib_version  = 6


*******************************************************************************
*** HEAP SELECTION
***

The basic heap was selected because --advanced_heap
was not specified and the application did not appear to
be primarily optimized for speed.


*******************************************************************************
*** PLACEMENT SUMMARY
***

"A0":  place at address 0x800'0000 { ro section .intvec };
"P1":  place in [from 0x800'0000 to 0x80f'ffff] { ro };
define block CSTACK with size = 8K, alignment = 8 { };
define block HEAP with size = 8K, alignment = 8 { };
"P2":  place in [from 0x2000'0000 to 0x2001'ffff] {
          rw, block CSTACK, block HEAP };

No sections matched the following patterns:

  rw             in "P2"
  section .sram  in "P3"


  Section   Kind         Address    Size  Object
  -------   ----         -------    ----  ------
"A0":                              0x188
  .intvec   ro code   0x800'0000   0x188  startup_stm32f40_41xxx.o [2]
                    - 0x800'0188   0x188

"P1":                              0x318
  .text     ro code   0x800'0188   0x124  system_stm32f4xx.o [3]
  .text     ro code   0x800'02ac    0x22  fpinit_M.o [6]
  .text     ro code   0x800'02ce    0x12  stm32f4xx_it.o [3]
  .text     ro code   0x800'02e0    0x1e  cmain.o [7]
  .text     ro code   0x800'02fe     0x4  low_level_init.o [5]
  .text     ro code   0x800'0302     0x4  main.o [1]
  .text     ro code   0x800'0306     0x4  exit.o [5]
  .text     ro code   0x800'030c     0xa  cexit.o [7]
  .text     ro code   0x800'0318    0x14  exit.o [8]
  .text     ro code   0x800'032c    0x1c  cstartup_M.o [7]
  .text     ro code   0x800'0348    0x10  startup_stm32f40_41xxx.o [2]
  .text     ro code   0x800'0358     0x4  startup_stm32f40_41xxx.o [2]
  .text     ro code   0x800'035c     0x4  startup_stm32f40_41xxx.o [2]
  .text     ro code   0x800'0360     0x4  startup_stm32f40_41xxx.o [2]
  .text     ro code   0x800'0364     0x4  startup_stm32f40_41xxx.o [2]
  .text     ro code   0x800'0368     0x4  startup_stm32f40_41xxx.o [2]
  .text     ro code   0x800'036c     0x4  startup_stm32f40_41xxx.o [2]
  .text     ro code   0x800'0370     0x4  startup_stm32f40_41xxx.o [2]
  .text     ro code   0x800'0374     0x4  startup_stm32f40_41xxx.o [2]
  .text     ro code   0x800'0378     0x4  startup_stm32f40_41xxx.o [2]
  .text     ro code   0x800'037c     0x4  startup_stm32f40_41xxx.o [2]
  .text     ro code   0x800'0380     0x4  startup_stm32f40_41xxx.o [2]
  .text     ro code   0x800'0384     0x4  startup_stm32f40_41xxx.o [2]
  .text     ro code   0x800'0388     0x4  startup_stm32f40_41xxx.o [2]
  .text     ro code   0x800'038c     0x4  startup_stm32f40_41xxx.o [2]
  .text     ro code   0x800'0390     0x4  startup_stm32f40_41xxx.o [2]
  .text     ro code   0x800'0394     0x4  startup_stm32f40_41xxx.o [2]
  .text     ro code   0x800'0398     0x4  startup_stm32f40_41xxx.o [2]
  .text     ro code   0x800'039c     0x4  startup_stm32f40_41xxx.o [2]
  .text     ro code   0x800'03a0     0x4  startup_stm32f40_41xxx.o [2]
  .text     ro code   0x800'03a4     0x4  startup_stm32f40_41xxx.o [2]
  .text     ro code   0x800'03a8     0x4  startup_stm32f40_41xxx.o [2]
  .text     ro code   0x800'03ac     0x4  startup_stm32f40_41xxx.o [2]
  .text     ro code   0x800'03b0     0x4  startup_stm32f40_41xxx.o [2]
  .text     ro code   0x800'03b4     0x4  startup_stm32f40_41xxx.o [2]
  .text     ro code   0x800'03b8     0x4  startup_stm32f40_41xxx.o [2]
  .text     ro code   0x800'03bc     0x4  startup_stm32f40_41xxx.o [2]
  .text     ro code   0x800'03c0     0x4  startup_stm32f40_41xxx.o [2]
  .text     ro code   0x800'03c4     0x4  startup_stm32f40_41xxx.o [2]
  .text     ro code   0x800'03c8     0x4  startup_stm32f40_41xxx.o [2]
  .text     ro code   0x800'03cc     0x4  startup_stm32f40_41xxx.o [2]
  .text     ro code   0x800'03d0     0x4  startup_stm32f40_41xxx.o [2]
  .text     ro code   0x800'03d4     0x4  startup_stm32f40_41xxx.o [2]
  .text     ro code   0x800'03d8     0x4  startup_stm32f40_41xxx.o [2]
  .text     ro code   0x800'03dc     0x4  startup_stm32f40_41xxx.o [2]
  .text     ro code   0x800'03e0     0x4  startup_stm32f40_41xxx.o [2]
  .text     ro code   0x800'03e4     0x4  startup_stm32f40_41xxx.o [2]
  .text     ro code   0x800'03e8     0x4  startup_stm32f40_41xxx.o [2]
  .text     ro code   0x800'03ec     0x4  startup_stm32f40_41xxx.o [2]
  .text     ro code   0x800'03f0     0x4  startup_stm32f40_41xxx.o [2]
  .text     ro code   0x800'03f4     0x4  startup_stm32f40_41xxx.o [2]
  .text     ro code   0x800'03f8     0x4  startup_stm32f40_41xxx.o [2]
  .text     ro code   0x800'03fc     0x4  startup_stm32f40_41xxx.o [2]
  .text     ro code   0x800'0400     0x4  startup_stm32f40_41xxx.o [2]
  .text     ro code   0x800'0404     0x4  startup_stm32f40_41xxx.o [2]
  .text     ro code   0x800'0408     0x4  startup_stm32f40_41xxx.o [2]
  .text     ro code   0x800'040c     0x4  startup_stm32f40_41xxx.o [2]
  .text     ro code   0x800'0410     0x4  startup_stm32f40_41xxx.o [2]
  .text     ro code   0x800'0414     0x4  startup_stm32f40_41xxx.o [2]
  .text     ro code   0x800'0418     0x4  startup_stm32f40_41xxx.o [2]
  .text     ro code   0x800'041c     0x4  startup_stm32f40_41xxx.o [2]
  .text     ro code   0x800'0420     0x4  startup_stm32f40_41xxx.o [2]
  .text     ro code   0x800'0424     0x4  startup_stm32f40_41xxx.o [2]
  .text     ro code   0x800'0428     0x4  startup_stm32f40_41xxx.o [2]
  .text     ro code   0x800'042c     0x4  startup_stm32f40_41xxx.o [2]
  .text     ro code   0x800'0430     0x4  startup_stm32f40_41xxx.o [2]
  .text     ro code   0x800'0434     0x4  startup_stm32f40_41xxx.o [2]
  .text     ro code   0x800'0438     0x4  startup_stm32f40_41xxx.o [2]
  .text     ro code   0x800'043c     0x4  startup_stm32f40_41xxx.o [2]
  .text     ro code   0x800'0440     0x4  startup_stm32f40_41xxx.o [2]
  .text     ro code   0x800'0444     0x4  startup_stm32f40_41xxx.o [2]
  .text     ro code   0x800'0448     0x4  startup_stm32f40_41xxx.o [2]
  .text     ro code   0x800'044c     0x4  startup_stm32f40_41xxx.o [2]
  .text     ro code   0x800'0450     0x4  startup_stm32f40_41xxx.o [2]
  .text     ro code   0x800'0454     0x4  startup_stm32f40_41xxx.o [2]
  .text     ro code   0x800'0458     0x4  startup_stm32f40_41xxx.o [2]
  .text     ro code   0x800'045c     0x4  startup_stm32f40_41xxx.o [2]
  .text     ro code   0x800'0460     0x4  startup_stm32f40_41xxx.o [2]
  .text     ro code   0x800'0464     0x4  startup_stm32f40_41xxx.o [2]
  .text     ro code   0x800'0468     0x4  startup_stm32f40_41xxx.o [2]
  .text     ro code   0x800'046c     0x4  startup_stm32f40_41xxx.o [2]
  .text     ro code   0x800'0470     0x4  startup_stm32f40_41xxx.o [2]
  .text     ro code   0x800'0474     0x4  startup_stm32f40_41xxx.o [2]
  .text     ro code   0x800'0478     0x4  startup_stm32f40_41xxx.o [2]
  .text     ro code   0x800'047c     0x4  startup_stm32f40_41xxx.o [2]
  .text     ro code   0x800'0480     0x4  startup_stm32f40_41xxx.o [2]
  .text     ro code   0x800'0484     0x4  startup_stm32f40_41xxx.o [2]
  .text     ro code   0x800'0488     0x4  startup_stm32f40_41xxx.o [2]
  .text     ro code   0x800'048c     0x4  startup_stm32f40_41xxx.o [2]
  .text     ro code   0x800'0490     0x4  startup_stm32f40_41xxx.o [2]
  .text     ro code   0x800'0494     0x4  startup_stm32f40_41xxx.o [2]
  .text     ro code   0x800'0498     0x4  startup_stm32f40_41xxx.o [2]
  .text     ro code   0x800'049c     0x4  startup_stm32f40_41xxx.o [2]
                    - 0x800'04a0   0x318

"P2":                             0x2000
  CSTACK             0x2000'0000  0x2000  <Block>
    CSTACK  uninit   0x2000'0000  0x2000  <Block tail>
                   - 0x2000'2000  0x2000

Unused ranges:

         From           To      Size
         ----           --      ----
   0x800'04a0   0x80f'ffff  0xf'fb60
  0x2000'2000  0x2001'ffff  0x1'e000



*******************************************************************************
*** MODULE SUMMARY
***

    Module                    ro code  rw data
    ------                    -------  -------
command line/config:
    ------------------------------------------
    Total:

C:\Users\USER\Documents\IAR\sample\Debug\Obj: [1]
    main.o                          4
    ------------------------------------------
    Total:                          4

C:\Users\USER\Documents\IAR\sample\Debug\Obj\CMSIS: [2]
    startup_stm32f40_41xxx.o      736
    ------------------------------------------
    Total:                        736

C:\Users\USER\Documents\IAR\sample\Debug\Obj\COMM: [3]
    stm32f4xx_it.o                 18
    system_stm32f4xx.o            292
    ------------------------------------------
    Total:                        310

C:\Users\USER\Documents\IAR\sample\Debug\Obj\STM32: [4]
    ------------------------------------------
    Total:

dl7M_tln.a: [5]
    exit.o                          4
    low_level_init.o                4
    ------------------------------------------
    Total:                          8

m7M_tls.a: [6]
    fpinit_M.o                     34
    ------------------------------------------
    Total:                         34

rt7M_tl.a: [7]
    cexit.o                        10
    cmain.o                        30
    cstartup_M.o                   28
    ------------------------------------------
    Total:                         68

shb_l.a: [8]
    exit.o                         20
    ------------------------------------------
    Total:                         20

    Gaps                            4
    Linker created                       8'192
----------------------------------------------
    Grand Total:                1'184    8'192


*******************************************************************************
*** ENTRY LIST
***

Entry                       Address  Size  Type      Object
-----                       -------  ----  ----      ------
?main                    0x800'02e1        Code  Gb  cmain.o [7]
ADC_IRQHandler           0x800'03a1        Code  Wk  startup_stm32f40_41xxx.o [2]
BusFault_Handler         0x800'02d5   0x2  Code  Gb  stm32f4xx_it.o [3]
CAN1_RX0_IRQHandler      0x800'03a9        Code  Wk  startup_stm32f40_41xxx.o [2]
CAN1_RX1_IRQHandler      0x800'03ad        Code  Wk  startup_stm32f40_41xxx.o [2]
CAN1_SCE_IRQHandler      0x800'03b1        Code  Wk  startup_stm32f40_41xxx.o [2]
CAN1_TX_IRQHandler       0x800'03a5        Code  Wk  startup_stm32f40_41xxx.o [2]
CAN2_RX0_IRQHandler      0x800'0459        Code  Wk  startup_stm32f40_41xxx.o [2]
CAN2_RX1_IRQHandler      0x800'045d        Code  Wk  startup_stm32f40_41xxx.o [2]
CAN2_SCE_IRQHandler      0x800'0461        Code  Wk  startup_stm32f40_41xxx.o [2]
CAN2_TX_IRQHandler       0x800'0455        Code  Wk  startup_stm32f40_41xxx.o [2]
CRYP_IRQHandler          0x800'0495        Code  Wk  startup_stm32f40_41xxx.o [2]
CSTACK$$Base            0x2000'0000         --   Gb  - Linker created -
CSTACK$$Limit           0x2000'2000         --   Gb  - Linker created -
DCMI_IRQHandler          0x800'0491        Code  Wk  startup_stm32f40_41xxx.o [2]
DMA1_Stream0_IRQHandler
                         0x800'0385        Code  Wk  startup_stm32f40_41xxx.o [2]
DMA1_Stream1_IRQHandler
                         0x800'0389        Code  Wk  startup_stm32f40_41xxx.o [2]
DMA1_Stream2_IRQHandler
                         0x800'038d        Code  Wk  startup_stm32f40_41xxx.o [2]
DMA1_Stream3_IRQHandler
                         0x800'0391        Code  Wk  startup_stm32f40_41xxx.o [2]
DMA1_Stream4_IRQHandler
                         0x800'0395        Code  Wk  startup_stm32f40_41xxx.o [2]
DMA1_Stream5_IRQHandler
                         0x800'0399        Code  Wk  startup_stm32f40_41xxx.o [2]
DMA1_Stream6_IRQHandler
                         0x800'039d        Code  Wk  startup_stm32f40_41xxx.o [2]
DMA1_Stream7_IRQHandler
                         0x800'0415        Code  Wk  startup_stm32f40_41xxx.o [2]
DMA2_Stream0_IRQHandler
                         0x800'0439        Code  Wk  startup_stm32f40_41xxx.o [2]
DMA2_Stream1_IRQHandler
                         0x800'043d        Code  Wk  startup_stm32f40_41xxx.o [2]
DMA2_Stream2_IRQHandler
                         0x800'0441        Code  Wk  startup_stm32f40_41xxx.o [2]
DMA2_Stream3_IRQHandler
                         0x800'0445        Code  Wk  startup_stm32f40_41xxx.o [2]
DMA2_Stream4_IRQHandler
                         0x800'0449        Code  Wk  startup_stm32f40_41xxx.o [2]
DMA2_Stream5_IRQHandler
                         0x800'0469        Code  Wk  startup_stm32f40_41xxx.o [2]
DMA2_Stream6_IRQHandler
                         0x800'046d        Code  Wk  startup_stm32f40_41xxx.o [2]
DMA2_Stream7_IRQHandler
                         0x800'0471        Code  Wk  startup_stm32f40_41xxx.o [2]
DebugMon_Handler         0x800'02db   0x2  Code  Gb  stm32f4xx_it.o [3]
ETH_IRQHandler           0x800'044d        Code  Wk  startup_stm32f40_41xxx.o [2]
ETH_WKUP_IRQHandler      0x800'0451        Code  Wk  startup_stm32f40_41xxx.o [2]
EXTI0_IRQHandler         0x800'0371        Code  Wk  startup_stm32f40_41xxx.o [2]
EXTI15_10_IRQHandler     0x800'03f9        Code  Wk  startup_stm32f40_41xxx.o [2]
EXTI1_IRQHandler         0x800'0375        Code  Wk  startup_stm32f40_41xxx.o [2]
EXTI2_IRQHandler         0x800'0379        Code  Wk  startup_stm32f40_41xxx.o [2]
EXTI3_IRQHandler         0x800'037d        Code  Wk  startup_stm32f40_41xxx.o [2]
EXTI4_IRQHandler         0x800'0381        Code  Wk  startup_stm32f40_41xxx.o [2]
EXTI9_5_IRQHandler       0x800'03b5        Code  Wk  startup_stm32f40_41xxx.o [2]
FLASH_IRQHandler         0x800'0369        Code  Wk  startup_stm32f40_41xxx.o [2]
FPU_IRQHandler           0x800'049d        Code  Wk  startup_stm32f40_41xxx.o [2]
FSMC_IRQHandler          0x800'0419        Code  Wk  startup_stm32f40_41xxx.o [2]
HASH_RNG_IRQHandler      0x800'0499        Code  Wk  startup_stm32f40_41xxx.o [2]
HardFault_Handler        0x800'02d1   0x2  Code  Gb  stm32f4xx_it.o [3]
I2C1_ER_IRQHandler       0x800'03d9        Code  Wk  startup_stm32f40_41xxx.o [2]
I2C1_EV_IRQHandler       0x800'03d5        Code  Wk  startup_stm32f40_41xxx.o [2]
I2C2_ER_IRQHandler       0x800'03e1        Code  Wk  startup_stm32f40_41xxx.o [2]
I2C2_EV_IRQHandler       0x800'03dd        Code  Wk  startup_stm32f40_41xxx.o [2]
I2C3_ER_IRQHandler       0x800'047d        Code  Wk  startup_stm32f40_41xxx.o [2]
I2C3_EV_IRQHandler       0x800'0479        Code  Wk  startup_stm32f40_41xxx.o [2]
MemManage_Handler        0x800'02d3   0x2  Code  Gb  stm32f4xx_it.o [3]
NMI_Handler              0x800'02cf   0x2  Code  Gb  stm32f4xx_it.o [3]
OTG_FS_IRQHandler        0x800'0465        Code  Wk  startup_stm32f40_41xxx.o [2]
OTG_FS_WKUP_IRQHandler   0x800'0401        Code  Wk  startup_stm32f40_41xxx.o [2]
OTG_HS_EP1_IN_IRQHandler
                         0x800'0485        Code  Wk  startup_stm32f40_41xxx.o [2]
OTG_HS_EP1_OUT_IRQHandler
                         0x800'0481        Code  Wk  startup_stm32f40_41xxx.o [2]
OTG_HS_IRQHandler        0x800'048d        Code  Wk  startup_stm32f40_41xxx.o [2]
OTG_HS_WKUP_IRQHandler   0x800'0489        Code  Wk  startup_stm32f40_41xxx.o [2]
PVD_IRQHandler           0x800'035d        Code  Wk  startup_stm32f40_41xxx.o [2]
PendSV_Handler           0x800'02dd   0x2  Code  Gb  stm32f4xx_it.o [3]
RCC_IRQHandler           0x800'036d        Code  Wk  startup_stm32f40_41xxx.o [2]
RTC_Alarm_IRQHandler     0x800'03fd        Code  Wk  startup_stm32f40_41xxx.o [2]
RTC_WKUP_IRQHandler      0x800'0365        Code  Wk  startup_stm32f40_41xxx.o [2]
Region$$Table$$Base             0x0         --   Gb  - Linker created -
Region$$Table$$Limit            0x0         --   Gb  - Linker created -
Reset_Handler            0x800'0349        Code  Wk  startup_stm32f40_41xxx.o [2]
SDIO_IRQHandler          0x800'041d        Code  Wk  startup_stm32f40_41xxx.o [2]
SPI1_IRQHandler          0x800'03e5        Code  Wk  startup_stm32f40_41xxx.o [2]
SPI2_IRQHandler          0x800'03e9        Code  Wk  startup_stm32f40_41xxx.o [2]
SPI3_IRQHandler          0x800'0425        Code  Wk  startup_stm32f40_41xxx.o [2]
SVC_Handler              0x800'02d9   0x2  Code  Gb  stm32f4xx_it.o [3]
SetSysClock              0x800'01cf  0xaa  Code  Lc  system_stm32f4xx.o [3]
SysTick_Handler          0x800'02df   0x2  Code  Gb  stm32f4xx_it.o [3]
SystemInit               0x800'0189  0x46  Code  Gb  system_stm32f4xx.o [3]
TAMP_STAMP_IRQHandler    0x800'0361        Code  Wk  startup_stm32f40_41xxx.o [2]
TIM1_BRK_TIM9_IRQHandler
                         0x800'03b9        Code  Wk  startup_stm32f40_41xxx.o [2]
TIM1_CC_IRQHandler       0x800'03c5        Code  Wk  startup_stm32f40_41xxx.o [2]
TIM1_TRG_COM_TIM11_IRQHandler
                         0x800'03c1        Code  Wk  startup_stm32f40_41xxx.o [2]
TIM1_UP_TIM10_IRQHandler
                         0x800'03bd        Code  Wk  startup_stm32f40_41xxx.o [2]
TIM2_IRQHandler          0x800'03c9        Code  Wk  startup_stm32f40_41xxx.o [2]
TIM3_IRQHandler          0x800'03cd        Code  Wk  startup_stm32f40_41xxx.o [2]
TIM4_IRQHandler          0x800'03d1        Code  Wk  startup_stm32f40_41xxx.o [2]
TIM5_IRQHandler          0x800'0421        Code  Wk  startup_stm32f40_41xxx.o [2]
TIM6_DAC_IRQHandler      0x800'0431        Code  Wk  startup_stm32f40_41xxx.o [2]
TIM7_IRQHandler          0x800'0435        Code  Wk  startup_stm32f40_41xxx.o [2]
TIM8_BRK_TIM12_IRQHandler
                         0x800'0405        Code  Wk  startup_stm32f40_41xxx.o [2]
TIM8_CC_IRQHandler       0x800'0411        Code  Wk  startup_stm32f40_41xxx.o [2]
TIM8_TRG_COM_TIM14_IRQHandler
                         0x800'040d        Code  Wk  startup_stm32f40_41xxx.o [2]
TIM8_UP_TIM13_IRQHandler
                         0x800'0409        Code  Wk  startup_stm32f40_41xxx.o [2]
UART4_IRQHandler         0x800'0429        Code  Wk  startup_stm32f40_41xxx.o [2]
UART5_IRQHandler         0x800'042d        Code  Wk  startup_stm32f40_41xxx.o [2]
USART1_IRQHandler        0x800'03ed        Code  Wk  startup_stm32f40_41xxx.o [2]
USART2_IRQHandler        0x800'03f1        Code  Wk  startup_stm32f40_41xxx.o [2]
USART3_IRQHandler        0x800'03f5        Code  Wk  startup_stm32f40_41xxx.o [2]
USART6_IRQHandler        0x800'0475        Code  Wk  startup_stm32f40_41xxx.o [2]
UsageFault_Handler       0x800'02d7   0x2  Code  Gb  stm32f4xx_it.o [3]
WWDG_IRQHandler          0x800'0359        Code  Wk  startup_stm32f40_41xxx.o [2]
__cmain                  0x800'02e1        Code  Gb  cmain.o [7]
__exit                   0x800'0319  0x14  Code  Gb  exit.o [8]
__iar_init_vfp           0x800'02ad        Code  Gb  fpinit_M.o [6]
__iar_program_start      0x800'032d        Code  Gb  cstartup_M.o [7]
__low_level_init         0x800'02ff   0x4  Code  Gb  low_level_init.o [5]
__vector_table           0x800'0000        Data  Gb  startup_stm32f40_41xxx.o [2]
_call_main               0x800'02ed        Code  Gb  cmain.o [7]
_exit                    0x800'030d        Code  Gb  cexit.o [7]
exit                     0x800'0307   0x4  Code  Gb  exit.o [5]
main                     0x800'0303   0x4  Code  Gb  main.o [1]


[1] = C:\Users\USER\Documents\IAR\sample\Debug\Obj
[2] = C:\Users\USER\Documents\IAR\sample\Debug\Obj\CMSIS
[3] = C:\Users\USER\Documents\IAR\sample\Debug\Obj\COMM
[4] = C:\Users\USER\Documents\IAR\sample\Debug\Obj\STM32
[5] = dl7M_tln.a
[6] = m7M_tls.a
[7] = rt7M_tl.a
[8] = shb_l.a

  1'184 bytes of readonly  code memory
  8'192 bytes of readwrite data memory

Errors: none
Warnings: none
