###############################################################################
#
# IAR ELF Linker V9.32.1.338/W64 for ARM                  15/Apr/2024  10:06:27
# Copyright 2007-2022 IAR Systems AB.
#
#    Output file  =
#        C:\Users\USER\Documents\IAR\kcci_m4_project_fnd_TIM7_1ms_dht11\Debug\Exe\kcci_m4_project.out
#    Map file     =
#        C:\Users\USER\Documents\IAR\kcci_m4_project_fnd_TIM7_1ms_dht11\Debug\List\kcci_m4_project.map
#    Command line =
#        -f
#        C:\Users\USER\Documents\IAR\kcci_m4_project_fnd_TIM7_1ms_dht11\Debug\Exe\kcci_m4_project.out.rsp
#        (C:\Users\USER\Documents\IAR\kcci_m4_project_fnd_TIM7_1ms_dht11\Debug\Obj\adc1.o
#        C:\Users\USER\Documents\IAR\kcci_m4_project_fnd_TIM7_1ms_dht11\Debug\Obj\dcmotor.o
#        C:\Users\USER\Documents\IAR\kcci_m4_project_fnd_TIM7_1ms_dht11\Debug\Obj\dht11.o
#        C:\Users\USER\Documents\IAR\kcci_m4_project_fnd_TIM7_1ms_dht11\Debug\Obj\fnd.o
#        C:\Users\USER\Documents\IAR\kcci_m4_project_fnd_TIM7_1ms_dht11\Debug\Obj\key.o
#        C:\Users\USER\Documents\IAR\kcci_m4_project_fnd_TIM7_1ms_dht11\Debug\Obj\lcd.o
#        C:\Users\USER\Documents\IAR\kcci_m4_project_fnd_TIM7_1ms_dht11\Debug\Obj\main.o
#        C:\Users\USER\Documents\IAR\kcci_m4_project_fnd_TIM7_1ms_dht11\Debug\Obj\STM32\misc.o
#        C:\Users\USER\Documents\IAR\kcci_m4_project_fnd_TIM7_1ms_dht11\Debug\Obj\CMSIS\startup_stm32f40_41xxx.o
#        C:\Users\USER\Documents\IAR\kcci_m4_project_fnd_TIM7_1ms_dht11\Debug\Obj\STM32\stm32f4xx_adc.o
#        C:\Users\USER\Documents\IAR\kcci_m4_project_fnd_TIM7_1ms_dht11\Debug\Obj\STM32\stm32f4xx_exti.o
#        C:\Users\USER\Documents\IAR\kcci_m4_project_fnd_TIM7_1ms_dht11\Debug\Obj\STM32\stm32f4xx_gpio.o
#        C:\Users\USER\Documents\IAR\kcci_m4_project_fnd_TIM7_1ms_dht11\Debug\Obj\COMM\stm32f4xx_it.o
#        C:\Users\USER\Documents\IAR\kcci_m4_project_fnd_TIM7_1ms_dht11\Debug\Obj\STM32\stm32f4xx_rcc.o
#        C:\Users\USER\Documents\IAR\kcci_m4_project_fnd_TIM7_1ms_dht11\Debug\Obj\STM32\stm32f4xx_syscfg.o
#        C:\Users\USER\Documents\IAR\kcci_m4_project_fnd_TIM7_1ms_dht11\Debug\Obj\STM32\stm32f4xx_tim.o
#        C:\Users\USER\Documents\IAR\kcci_m4_project_fnd_TIM7_1ms_dht11\Debug\Obj\STM32\stm32f4xx_usart.o
#        C:\Users\USER\Documents\IAR\kcci_m4_project_fnd_TIM7_1ms_dht11\Debug\Obj\COMM\system_stm32f4xx.o
#        C:\Users\USER\Documents\IAR\kcci_m4_project_fnd_TIM7_1ms_dht11\Debug\Obj\uart2.o
#        --no_out_extension -o
#        C:\Users\USER\Documents\IAR\kcci_m4_project_fnd_TIM7_1ms_dht11\Debug\Exe\kcci_m4_project.out
#        --redirect _Printf=_PrintfFullNoMb --redirect _Scanf=_ScanfFullNoMb
#        --map
#        C:\Users\USER\Documents\IAR\kcci_m4_project_fnd_TIM7_1ms_dht11\Debug\List\kcci_m4_project.map
#        --config
#        C:\Users\USER\Documents\IAR\kcci_m4_project_fnd_TIM7_1ms_dht11\stm32f405xG.icf
#        --semihosting --entry __iar_program_start --vfe --text_out locale
#        --cpu=Cortex-M4 --fpu=VFPv4_sp)
#
###############################################################################

*******************************************************************************
*** RUNTIME MODEL ATTRIBUTES
***

CppFlavor       = *
__CPP_Runtime   = 1
__SystemLibrary = DLib
__dlib_version  = 6


*******************************************************************************
*** HEAP SELECTION
***

The basic heap was selected because --advanced_heap
was not specified and the application did not appear to
be primarily optimized for speed.


*******************************************************************************
*** PLACEMENT SUMMARY
***

"A0":  place at address 0x800'0000 { ro section .intvec };
"P1":  place in [from 0x800'0000 to 0x80f'ffff] { ro };
define block CSTACK with size = 8K, alignment = 8 { };
define block HEAP with size = 8K, alignment = 8 { };
"P2":  place in [from 0x2000'0000 to 0x2001'ffff] {
          rw, block CSTACK, block HEAP };
initialize by copy { rw };

No sections matched the following patterns:

  section .sram  in "P3"


  Section            Kind         Address    Size  Object
  -------            ----         -------    ----  ------
"A0":                                       0x188
  .intvec            ro code   0x800'0000   0x188  startup_stm32f40_41xxx.o [2]
                             - 0x800'0188   0x188

"P1":                                      0x3b21
  .text              ro code   0x800'0188   0xeca  xprintffull_nomb.o [5]
  .text              ro code   0x800'1052    0x7e  lz77_init_single.o [7]
  .text              ro code   0x800'10d0    0x16  strchr.o [7]
  .text              ro code   0x800'10e6    0x12  stm32f4xx_it.o [3]
  .text              ro code   0x800'10f8    0x40  xfail_s.o [5]
  .text              ro code   0x800'1138    0x36  strlen.o [7]
  .rodata            const     0x800'116e     0x2  xlocale_c.o [5]
  .text              ro code   0x800'1170    0x58  memchr.o [7]
  .text              ro code   0x800'11c8    0xa6  ABImemcpy.o [7]
  .rodata            const     0x800'126e     0x2  xlocale_c.o [5]
  .text              ro code   0x800'1270    0x70  frexp.o [6]
  .text              ro code   0x800'12e0    0x34  DblCmpLe.o [6]
  .text              ro code   0x800'1314    0x34  DblCmpGe.o [6]
  .text              ro code   0x800'1348   0x13a  ldexp.o [6]
  .rodata            const     0x800'1482     0x1  xlocale_c.o [5]
  .text              ro code   0x800'1484    0x36  DblToS32.o [6]
  .text              ro code   0x800'14bc    0x22  S32ToDbl.o [6]
  .text              ro code   0x800'14e0   0x24e  DblAddSub.o [6]
  .text              ro code   0x800'1730   0x246  DblDiv.o [6]
  .text              ro code   0x800'1978    0x22  DblToU32.o [6]
  .text              ro code   0x800'199c    0x1c  U32ToDbl.o [6]
  .text              ro code   0x800'19b8   0x1aa  DblMul.o [6]
  .text              ro code   0x800'1b64    0x3c  xlocale_c.o [5]
  .text              ro code   0x800'1ba0   0x230  I64DivMod.o [7]
  .text              ro code   0x800'1dd0     0x6  abort.o [5]
  .text              ro code   0x800'1dd8     0x2  I64DivZer.o [7]
  .text              ro code   0x800'1ddc    0x14  exit.o [8]
  .text              ro code   0x800'1df0   0x378  main.o [1]
  .text              ro code   0x800'2168   0x1d4  fnd.o [1]
  .text              ro code   0x800'233c   0x134  uart2.o [1]
  .text              ro code   0x800'2470   0x114  key.o [1]
  .text              ro code   0x800'2584   0x190  dcmotor.o [1]
  .text              ro code   0x800'2714    0xf8  adc1.o [1]
  .text              ro code   0x800'280c   0x232  lcd.o [1]
  .text              ro code   0x800'2a40    0x28  printf.o [5]
  .text              ro code   0x800'2a68   0x1d8  stm32f4xx_adc.o [4]
  .text              ro code   0x800'2c40   0x1ca  dht11.o [1]
  .text              ro code   0x800'2e0c   0x108  stm32f4xx_gpio.o [4]
  .text              ro code   0x800'2f14   0x24c  stm32f4xx_tim.o [4]
  .text              ro code   0x800'3160   0x14e  iar_Stoulx.o [5]
  .text              ro code   0x800'32ae     0x8  abs.o [5]
  .text              ro code   0x800'32b8   0x130  stm32f4xx_rcc.o [4]
  .text              ro code   0x800'33e8    0x80  misc.o [4]
  .text              ro code   0x800'3468   0x1c6  stm32f4xx_usart.o [4]
  .text              ro code   0x800'3630    0x50  stm32f4xx_syscfg.o [4]
  .text              ro code   0x800'3680    0xa8  stm32f4xx_exti.o [4]
  .text              ro code   0x800'3728    0x14  isspace.o [5]
  .text              ro code   0x800'373c    0x14  tolower.o [5]
  .text              ro code   0x800'3750   0x124  system_stm32f4xx.o [3]
  .rodata            const     0x800'3874    0x50  iar_Stoulx.o [5]
  .rodata            const     0x800'38c4    0x48  main.o [1]
  .text              ro code   0x800'390c    0x38  zero_init3.o [7]
  .rodata            const     0x800'3944    0x28  main.o [1]
  .text              ro code   0x800'396c    0x28  data_init.o [7]
  .text              ro code   0x800'3994    0x22  fpinit_M.o [6]
  .iar.init_table    const     0x800'39b8    0x20  - Linker created -
  .text              ro code   0x800'39d8    0x1e  cmain.o [7]
  .text              ro code   0x800'39f6     0x4  low_level_init.o [5]
  .text              ro code   0x800'39fa     0x4  exit.o [5]
  .text              ro code   0x800'3a00     0xa  cexit.o [7]
  .rodata            const     0x800'3a0c    0x1c  main.o [1]
  .rodata            const     0x800'3a28    0x1c  main.o [1]
  .text              ro code   0x800'3a44    0x1c  cstartup_M.o [7]
  .text              ro code   0x800'3a60    0x16  xprout.o [5]
  .rodata            const     0x800'3a78    0x14  main.o [1]
  .rodata            const     0x800'3a8c    0x10  main.o [1]
  .rodata            const     0x800'3a9c    0x10  main.o [1]
  .rodata            const     0x800'3aac    0x10  main.o [1]
  .rodata            const     0x800'3abc    0x10  main.o [1]
  .rodata            const     0x800'3acc    0x10  main.o [1]
  .rodata            const     0x800'3adc    0x10  main.o [1]
  .rodata            const     0x800'3aec    0x10  main.o [1]
  .text              ro code   0x800'3afc    0x10  startup_stm32f40_41xxx.o [2]
  .rodata            const     0x800'3b0c     0xc  main.o [1]
  .rodata            const     0x800'3b18     0x8  main.o [1]
  .text              ro code   0x800'3b20     0x4  startup_stm32f40_41xxx.o [2]
  .text              ro code   0x800'3b24     0x4  startup_stm32f40_41xxx.o [2]
  .text              ro code   0x800'3b28     0x4  startup_stm32f40_41xxx.o [2]
  .text              ro code   0x800'3b2c     0x4  startup_stm32f40_41xxx.o [2]
  .text              ro code   0x800'3b30     0x4  startup_stm32f40_41xxx.o [2]
  .text              ro code   0x800'3b34     0x4  startup_stm32f40_41xxx.o [2]
  .text              ro code   0x800'3b38     0x4  startup_stm32f40_41xxx.o [2]
  .text              ro code   0x800'3b3c     0x4  startup_stm32f40_41xxx.o [2]
  .text              ro code   0x800'3b40     0x4  startup_stm32f40_41xxx.o [2]
  .text              ro code   0x800'3b44     0x4  startup_stm32f40_41xxx.o [2]
  .text              ro code   0x800'3b48     0x4  startup_stm32f40_41xxx.o [2]
  .text              ro code   0x800'3b4c     0x4  startup_stm32f40_41xxx.o [2]
  .text              ro code   0x800'3b50     0x4  startup_stm32f40_41xxx.o [2]
  .text              ro code   0x800'3b54     0x4  startup_stm32f40_41xxx.o [2]
  .text              ro code   0x800'3b58     0x4  startup_stm32f40_41xxx.o [2]
  .text              ro code   0x800'3b5c     0x4  startup_stm32f40_41xxx.o [2]
  .text              ro code   0x800'3b60     0x4  startup_stm32f40_41xxx.o [2]
  .text              ro code   0x800'3b64     0x4  startup_stm32f40_41xxx.o [2]
  .text              ro code   0x800'3b68     0x4  startup_stm32f40_41xxx.o [2]
  .text              ro code   0x800'3b6c     0x4  startup_stm32f40_41xxx.o [2]
  .text              ro code   0x800'3b70     0x4  startup_stm32f40_41xxx.o [2]
  .text              ro code   0x800'3b74     0x4  startup_stm32f40_41xxx.o [2]
  .text              ro code   0x800'3b78     0x4  startup_stm32f40_41xxx.o [2]
  .text              ro code   0x800'3b7c     0x4  startup_stm32f40_41xxx.o [2]
  .text              ro code   0x800'3b80     0x4  startup_stm32f40_41xxx.o [2]
  .text              ro code   0x800'3b84     0x4  startup_stm32f40_41xxx.o [2]
  .text              ro code   0x800'3b88     0x4  startup_stm32f40_41xxx.o [2]
  .text              ro code   0x800'3b8c     0x4  startup_stm32f40_41xxx.o [2]
  .text              ro code   0x800'3b90     0x4  startup_stm32f40_41xxx.o [2]
  .text              ro code   0x800'3b94     0x4  startup_stm32f40_41xxx.o [2]
  .text              ro code   0x800'3b98     0x4  startup_stm32f40_41xxx.o [2]
  .text              ro code   0x800'3b9c     0x4  startup_stm32f40_41xxx.o [2]
  .text              ro code   0x800'3ba0     0x4  startup_stm32f40_41xxx.o [2]
  .text              ro code   0x800'3ba4     0x4  startup_stm32f40_41xxx.o [2]
  .text              ro code   0x800'3ba8     0x4  startup_stm32f40_41xxx.o [2]
  .text              ro code   0x800'3bac     0x4  startup_stm32f40_41xxx.o [2]
  .text              ro code   0x800'3bb0     0x4  startup_stm32f40_41xxx.o [2]
  .text              ro code   0x800'3bb4     0x4  startup_stm32f40_41xxx.o [2]
  .text              ro code   0x800'3bb8     0x4  startup_stm32f40_41xxx.o [2]
  .text              ro code   0x800'3bbc     0x4  startup_stm32f40_41xxx.o [2]
  .text              ro code   0x800'3bc0     0x4  startup_stm32f40_41xxx.o [2]
  .text              ro code   0x800'3bc4     0x4  startup_stm32f40_41xxx.o [2]
  .text              ro code   0x800'3bc8     0x4  startup_stm32f40_41xxx.o [2]
  .text              ro code   0x800'3bcc     0x4  startup_stm32f40_41xxx.o [2]
  .text              ro code   0x800'3bd0     0x4  startup_stm32f40_41xxx.o [2]
  .text              ro code   0x800'3bd4     0x4  startup_stm32f40_41xxx.o [2]
  .text              ro code   0x800'3bd8     0x4  startup_stm32f40_41xxx.o [2]
  .text              ro code   0x800'3bdc     0x4  startup_stm32f40_41xxx.o [2]
  .text              ro code   0x800'3be0     0x4  startup_stm32f40_41xxx.o [2]
  .text              ro code   0x800'3be4     0x4  startup_stm32f40_41xxx.o [2]
  .text              ro code   0x800'3be8     0x4  startup_stm32f40_41xxx.o [2]
  .text              ro code   0x800'3bec     0x4  startup_stm32f40_41xxx.o [2]
  .text              ro code   0x800'3bf0     0x4  startup_stm32f40_41xxx.o [2]
  .text              ro code   0x800'3bf4     0x4  startup_stm32f40_41xxx.o [2]
  .text              ro code   0x800'3bf8     0x4  startup_stm32f40_41xxx.o [2]
  .text              ro code   0x800'3bfc     0x4  startup_stm32f40_41xxx.o [2]
  .text              ro code   0x800'3c00     0x4  startup_stm32f40_41xxx.o [2]
  .text              ro code   0x800'3c04     0x4  startup_stm32f40_41xxx.o [2]
  .text              ro code   0x800'3c08     0x4  startup_stm32f40_41xxx.o [2]
  .text              ro code   0x800'3c0c     0x4  startup_stm32f40_41xxx.o [2]
  .text              ro code   0x800'3c10     0x4  startup_stm32f40_41xxx.o [2]
  .text              ro code   0x800'3c14     0x4  startup_stm32f40_41xxx.o [2]
  .text              ro code   0x800'3c18     0x4  startup_stm32f40_41xxx.o [2]
  .text              ro code   0x800'3c1c     0x4  startup_stm32f40_41xxx.o [2]
  .text              ro code   0x800'3c20     0x4  startup_stm32f40_41xxx.o [2]
  .text              ro code   0x800'3c24     0x4  startup_stm32f40_41xxx.o [2]
  .text              ro code   0x800'3c28     0x4  startup_stm32f40_41xxx.o [2]
  .text              ro code   0x800'3c2c     0x4  startup_stm32f40_41xxx.o [2]
  .text              ro code   0x800'3c30     0x4  startup_stm32f40_41xxx.o [2]
  .text              ro code   0x800'3c34     0x4  startup_stm32f40_41xxx.o [2]
  .text              ro code   0x800'3c38     0x4  startup_stm32f40_41xxx.o [2]
  .text              ro code   0x800'3c3c     0x4  startup_stm32f40_41xxx.o [2]
  .text              ro code   0x800'3c40     0x4  startup_stm32f40_41xxx.o [2]
  .text              ro code   0x800'3c44     0x4  startup_stm32f40_41xxx.o [2]
  .text              ro code   0x800'3c48     0x4  startup_stm32f40_41xxx.o [2]
  .text              ro code   0x800'3c4c     0x4  startup_stm32f40_41xxx.o [2]
  .text              ro code   0x800'3c50     0x4  startup_stm32f40_41xxx.o [2]
  .rodata            const     0x800'3c54     0x0  zero_init3.o [7]
  .rodata            const     0x800'3c54     0x0  lz77_init_single.o [7]
  Initializer bytes  const     0x800'3c54    0x55  <for P2-1>
                             - 0x800'3ca9  0x3b21

"P2", part 1 of 3:                           0xa8
  P2-1                        0x2000'0000    0xa8  <Init block>
    .data            inited   0x2000'0000    0x14  fnd.o [1]
    .data            inited   0x2000'0014     0x4  fnd.o [1]
    .data            inited   0x2000'0018    0x10  stm32f4xx_rcc.o [4]
    .data            inited   0x2000'0028    0x38  xlocale_c.o [5]
    .data            inited   0x2000'0060    0x48  xlocale_c.o [5]
                            - 0x2000'00a8    0xa8

"P2", part 2 of 3:                           0x60
  .bss               zero     0x2000'00a8    0x34  uart2.o [1]
  .bss               zero     0x2000'00dc     0x4  adc1.o [1]
  .bss               zero     0x2000'00e0     0x4  dcmotor.o [1]
  .bss               zero     0x2000'00e4     0x4  fnd.o [1]
  .bss               zero     0x2000'00e8     0x4  fnd.o [1]
  .bss               zero     0x2000'00ec     0x4  fnd.o [1]
  .bss               zero     0x2000'00f0     0x4  fnd.o [1]
  .bss               zero     0x2000'00f4     0x4  fnd.o [1]
  .bss               zero     0x2000'00f8     0x4  key.o [1]
  .bss               zero     0x2000'00fc     0x4  uart2.o [1]
  .bss               zero     0x2000'0100     0x4  xfail_s.o [5]
  .bss               zero     0x2000'0104     0x1  uart2.o [1]
                            - 0x2000'0105    0x5d

"P2", part 3 of 3:                         0x2000
  CSTACK                      0x2000'0108  0x2000  <Block>
    CSTACK           uninit   0x2000'0108  0x2000  <Block tail>
                            - 0x2000'2108  0x2000

Unused ranges:

         From           To      Size
         ----           --      ----
   0x800'3ca9   0x80f'ffff  0xf'c357
  0x2000'2108  0x2001'ffff  0x1'def8


*******************************************************************************
*** INIT TABLE
***

          Address      Size
          -------      ----
Zero (__iar_zero_init3)
    1 destination range, total size 0x5d:
          0x2000'00a8  0x5d

Copy/lz77 (__iar_lz77_init_single3)
    1 source range, total size 0x55 (50% of destination):
           0x800'3c54  0x55
    1 destination range, total size 0xa8:
          0x2000'0000  0xa8



*******************************************************************************
*** MODULE SUMMARY
***

    Module                    ro code  ro data  rw data
    ------                    -------  -------  -------
command line/config:
    ---------------------------------------------------
    Total:

C:\Users\USER\Documents\IAR\kcci_m4_project_fnd_TIM7_1ms_dht11\Debug\Obj: [1]
    adc1.o                        248                 4
    dcmotor.o                     400                 4
    dht11.o                       458
    fnd.o                         468       12       44
    key.o                         276                 4
    lcd.o                         562
    main.o                        888      320
    uart2.o                       308                57
    ---------------------------------------------------
    Total:                      3'608      332      113

C:\Users\USER\Documents\IAR\kcci_m4_project_fnd_TIM7_1ms_dht11\Debug\Obj\CMSIS: [2]
    startup_stm32f40_41xxx.o      716
    ---------------------------------------------------
    Total:                        716

C:\Users\USER\Documents\IAR\kcci_m4_project_fnd_TIM7_1ms_dht11\Debug\Obj\COMM: [3]
    stm32f4xx_it.o                 18
    system_stm32f4xx.o            292
    ---------------------------------------------------
    Total:                        310

C:\Users\USER\Documents\IAR\kcci_m4_project_fnd_TIM7_1ms_dht11\Debug\Obj\STM32: [4]
    misc.o                        128
    stm32f4xx_adc.o               472
    stm32f4xx_exti.o              168
    stm32f4xx_gpio.o              264
    stm32f4xx_rcc.o               304        8       16
    stm32f4xx_syscfg.o             80
    stm32f4xx_tim.o               588
    stm32f4xx_usart.o             454
    ---------------------------------------------------
    Total:                      2'458        8       16

dl7M_tlf.a: [5]
    abort.o                         6
    abs.o                           8
    exit.o                          4
    iar_Stoulx.o                  334       80
    isspace.o                      20
    low_level_init.o                4
    printf.o                       40
    tolower.o                      20
    xfail_s.o                      64                 4
    xlocale_c.o                    60       70      128
    xprintffull_nomb.o          3'786
    xprout.o                       22
    ---------------------------------------------------
    Total:                      4'368      150      132

m7M_tls.a: [6]
    DblAddSub.o                   590
    DblCmpGe.o                     52
    DblCmpLe.o                     52
    DblDiv.o                      582
    DblMul.o                      426
    DblToS32.o                     54
    DblToU32.o                     34
    S32ToDbl.o                     34
    U32ToDbl.o                     28
    fpinit_M.o                     34
    frexp.o                       112
    ldexp.o                       314
    ---------------------------------------------------
    Total:                      2'312

rt7M_tl.a: [7]
    ABImemcpy.o                   166
    I64DivMod.o                   560
    I64DivZer.o                     2
    cexit.o                        10
    cmain.o                        30
    cstartup_M.o                   28
    data_init.o                    40
    lz77_init_single.o            126
    memchr.o                       88
    strchr.o                       22
    strlen.o                       54
    zero_init3.o                   56
    ---------------------------------------------------
    Total:                      1'182

shb_l.a: [8]
    exit.o                         20
    ---------------------------------------------------
    Total:                         20

    Gaps                           27        6
    Linker created                          32    8'192
-------------------------------------------------------
    Grand Total:               15'001      528    8'453


*******************************************************************************
*** ENTRY LIST
***

Entry                       Address   Size  Type      Object
-----                       -------   ----  ----      ------
.iar.init_table$$Base    0x800'39b8          --   Gb  - Linker created -
.iar.init_table$$Limit   0x800'39d8          --   Gb  - Linker created -
?main                    0x800'39d9         Code  Gb  cmain.o [7]
ADC1_init                0x800'2715   0xc8  Code  Gb  adc1.o [1]
ADC_ClearITPendingBit    0x800'2c33    0xe  Code  Gb  stm32f4xx_adc.o [4]
ADC_Cmd                  0x800'2ad1   0x1a  Code  Gb  stm32f4xx_adc.o [4]
ADC_CommonInit           0x800'2ab3   0x1e  Code  Gb  stm32f4xx_adc.o [4]
ADC_GetConversionValue   0x800'2bc9    0x6  Code  Gb  stm32f4xx_adc.o [4]
ADC_GetITStatus          0x800'2c03   0x30  Code  Gb  stm32f4xx_adc.o [4]
ADC_IRQHandler           0x800'27dd   0x24  Code  Gb  adc1.o [1]
ADC_ITConfig             0x800'2be1   0x22  Code  Gb  stm32f4xx_adc.o [4]
ADC_Init                 0x800'2a69   0x4a  Code  Gb  stm32f4xx_adc.o [4]
ADC_RegularChannelConfig
                         0x800'2aeb   0xd4  Code  Gb  stm32f4xx_adc.o [4]
ADC_SoftwareStartConv    0x800'2bbf    0xa  Code  Gb  stm32f4xx_adc.o [4]
APBAHBPrescTable        0x2000'0018   0x10  Data  Lc  stm32f4xx_rcc.o [4]
BusFault_Handler         0x800'10ed    0x2  Code  Gb  stm32f4xx_it.o [3]
CAN1_RX0_IRQHandler      0x800'3b6d         Code  Wk  startup_stm32f40_41xxx.o [2]
CAN1_RX1_IRQHandler      0x800'3b71         Code  Wk  startup_stm32f40_41xxx.o [2]
CAN1_SCE_IRQHandler      0x800'3b75         Code  Wk  startup_stm32f40_41xxx.o [2]
CAN1_TX_IRQHandler       0x800'3b69         Code  Wk  startup_stm32f40_41xxx.o [2]
CAN2_RX0_IRQHandler      0x800'3c0d         Code  Wk  startup_stm32f40_41xxx.o [2]
CAN2_RX1_IRQHandler      0x800'3c11         Code  Wk  startup_stm32f40_41xxx.o [2]
CAN2_SCE_IRQHandler      0x800'3c15         Code  Wk  startup_stm32f40_41xxx.o [2]
CAN2_TX_IRQHandler       0x800'3c09         Code  Wk  startup_stm32f40_41xxx.o [2]
CRYP_IRQHandler          0x800'3c49         Code  Wk  startup_stm32f40_41xxx.o [2]
CSTACK$$Base            0x2000'0108          --   Gb  - Linker created -
CSTACK$$Limit           0x2000'2108          --   Gb  - Linker created -
DCMI_IRQHandler          0x800'3c45         Code  Wk  startup_stm32f40_41xxx.o [2]
DHT11_Read               0x800'2cad  0x122  Code  Gb  dht11.o [1]
DHT11_init               0x800'2c41   0x60  Code  Gb  dht11.o [1]
DMA1_Stream0_IRQHandler
                         0x800'3b4d         Code  Wk  startup_stm32f40_41xxx.o [2]
DMA1_Stream1_IRQHandler
                         0x800'3b51         Code  Wk  startup_stm32f40_41xxx.o [2]
DMA1_Stream2_IRQHandler
                         0x800'3b55         Code  Wk  startup_stm32f40_41xxx.o [2]
DMA1_Stream3_IRQHandler
                         0x800'3b59         Code  Wk  startup_stm32f40_41xxx.o [2]
DMA1_Stream4_IRQHandler
                         0x800'3b5d         Code  Wk  startup_stm32f40_41xxx.o [2]
DMA1_Stream5_IRQHandler
                         0x800'3b61         Code  Wk  startup_stm32f40_41xxx.o [2]
DMA1_Stream6_IRQHandler
                         0x800'3b65         Code  Wk  startup_stm32f40_41xxx.o [2]
DMA1_Stream7_IRQHandler
                         0x800'3bcd         Code  Wk  startup_stm32f40_41xxx.o [2]
DMA2_Stream0_IRQHandler
                         0x800'3bed         Code  Wk  startup_stm32f40_41xxx.o [2]
DMA2_Stream1_IRQHandler
                         0x800'3bf1         Code  Wk  startup_stm32f40_41xxx.o [2]
DMA2_Stream2_IRQHandler
                         0x800'3bf5         Code  Wk  startup_stm32f40_41xxx.o [2]
DMA2_Stream3_IRQHandler
                         0x800'3bf9         Code  Wk  startup_stm32f40_41xxx.o [2]
DMA2_Stream4_IRQHandler
                         0x800'3bfd         Code  Wk  startup_stm32f40_41xxx.o [2]
DMA2_Stream5_IRQHandler
                         0x800'3c1d         Code  Wk  startup_stm32f40_41xxx.o [2]
DMA2_Stream6_IRQHandler
                         0x800'3c21         Code  Wk  startup_stm32f40_41xxx.o [2]
DMA2_Stream7_IRQHandler
                         0x800'3c25         Code  Wk  startup_stm32f40_41xxx.o [2]
DebugMon_Handler         0x800'10f3    0x2  Code  Gb  stm32f4xx_it.o [3]
Delay                    0x800'2dcf   0x20  Code  Lc  dht11.o [1]
Delay                    0x800'280d   0x20  Code  Lc  lcd.o [1]
Delay_us                 0x800'2def   0x1c  Code  Lc  dht11.o [1]
Delay_us                 0x800'282d   0x1c  Code  Lc  lcd.o [1]
ETH_IRQHandler           0x800'3c01         Code  Wk  startup_stm32f40_41xxx.o [2]
ETH_WKUP_IRQHandler      0x800'3c05         Code  Wk  startup_stm32f40_41xxx.o [2]
EXTI0_IRQHandler         0x800'3b39         Code  Wk  startup_stm32f40_41xxx.o [2]
EXTI15_10_IRQHandler     0x800'2511   0x6c  Code  Gb  key.o [1]
EXTI1_IRQHandler         0x800'3b3d         Code  Wk  startup_stm32f40_41xxx.o [2]
EXTI2_IRQHandler         0x800'3b41         Code  Wk  startup_stm32f40_41xxx.o [2]
EXTI3_IRQHandler         0x800'3b45         Code  Wk  startup_stm32f40_41xxx.o [2]
EXTI4_IRQHandler         0x800'3b49         Code  Wk  startup_stm32f40_41xxx.o [2]
EXTI9_5_IRQHandler       0x800'3b79         Code  Wk  startup_stm32f40_41xxx.o [2]
EXTI_ClearITPendingBit   0x800'370d    0x6  Code  Gb  stm32f4xx_exti.o [4]
EXTI_GetITStatus         0x800'36f9   0x14  Code  Gb  stm32f4xx_exti.o [4]
EXTI_Init                0x800'3681   0x78  Code  Gb  stm32f4xx_exti.o [4]
E_Pulse                  0x800'2887   0x1c  Code  Gb  lcd.o [1]
FLASH_IRQHandler         0x800'3b31         Code  Wk  startup_stm32f40_41xxx.o [2]
FND_init                 0x800'2169   0x3a  Code  Gb  fnd.o [1]
FPU_IRQHandler           0x800'3c51         Code  Wk  startup_stm32f40_41xxx.o [2]
FSMC_IRQHandler          0x800'3bd1         Code  Wk  startup_stm32f40_41xxx.o [2]
Font                    0x2000'0000   0x14  Data  Gb  fnd.o [1]
Func_Set                 0x800'28a3   0x24  Code  Gb  lcd.o [1]
GPIO_Init                0x800'2e0d   0x90  Code  Gb  stm32f4xx_gpio.o [4]
GPIO_PinAFConfig         0x800'2ec5   0x50  Code  Gb  stm32f4xx_gpio.o [4]
GPIO_ReadInputData       0x800'2eb1    0x6  Code  Gb  stm32f4xx_gpio.o [4]
GPIO_ReadInputDataBit    0x800'2e9d   0x14  Code  Gb  stm32f4xx_gpio.o [4]
GPIO_ResetBits           0x800'2ebb    0x4  Code  Gb  stm32f4xx_gpio.o [4]
GPIO_SetBits             0x800'2eb7    0x4  Code  Gb  stm32f4xx_gpio.o [4]
GPIO_Write               0x800'2ebf    0x6  Code  Gb  stm32f4xx_gpio.o [4]
HASH_RNG_IRQHandler      0x800'3c4d         Code  Wk  startup_stm32f40_41xxx.o [2]
HardFault_Handler        0x800'10e9    0x2  Code  Gb  stm32f4xx_it.o [3]
I2C1_ER_IRQHandler       0x800'3b99         Code  Wk  startup_stm32f40_41xxx.o [2]
I2C1_EV_IRQHandler       0x800'3b95         Code  Wk  startup_stm32f40_41xxx.o [2]
I2C2_ER_IRQHandler       0x800'3ba1         Code  Wk  startup_stm32f40_41xxx.o [2]
I2C2_EV_IRQHandler       0x800'3b9d         Code  Wk  startup_stm32f40_41xxx.o [2]
I2C3_ER_IRQHandler       0x800'3c31         Code  Wk  startup_stm32f40_41xxx.o [2]
I2C3_EV_IRQHandler       0x800'3c2d         Code  Wk  startup_stm32f40_41xxx.o [2]
KEY_init                 0x800'2471   0xa0  Code  Gb  key.o [1]
LCD_init                 0x800'28c7   0x56  Code  Gb  lcd.o [1]
MORTOR_init              0x800'2709    0xc  Code  Gb  dcmotor.o [1]
MemManage_Handler        0x800'10eb    0x2  Code  Gb  stm32f4xx_it.o [3]
NMI_Handler              0x800'10e7    0x2  Code  Gb  stm32f4xx_it.o [3]
NVIC_Init                0x800'33f3   0x62  Code  Gb  misc.o [4]
NVIC_PriorityGroupConfig
                         0x800'33e9    0xa  Code  Gb  misc.o [4]
OTG_FS_IRQHandler        0x800'3c19         Code  Wk  startup_stm32f40_41xxx.o [2]
OTG_FS_WKUP_IRQHandler   0x800'3bb9         Code  Wk  startup_stm32f40_41xxx.o [2]
OTG_HS_EP1_IN_IRQHandler
                         0x800'3c39         Code  Wk  startup_stm32f40_41xxx.o [2]
OTG_HS_EP1_OUT_IRQHandler
                         0x800'3c35         Code  Wk  startup_stm32f40_41xxx.o [2]
OTG_HS_IRQHandler        0x800'3c41         Code  Wk  startup_stm32f40_41xxx.o [2]
OTG_HS_WKUP_IRQHandler   0x800'3c3d         Code  Wk  startup_stm32f40_41xxx.o [2]
PVD_IRQHandler           0x800'3b25         Code  Wk  startup_stm32f40_41xxx.o [2]
PendSV_Handler           0x800'10f5    0x2  Code  Gb  stm32f4xx_it.o [3]
Port_Init                0x800'2849   0x3e  Code  Gb  lcd.o [1]
RCC_AHB1PeriphClockCmd   0x800'3375   0x1c  Code  Gb  stm32f4xx_rcc.o [4]
RCC_APB1PeriphClockCmd   0x800'3391   0x1c  Code  Gb  stm32f4xx_rcc.o [4]
RCC_APB2PeriphClockCmd   0x800'33ad   0x1c  Code  Gb  stm32f4xx_rcc.o [4]
RCC_GetClocksFreq        0x800'32b9   0xbc  Code  Gb  stm32f4xx_rcc.o [4]
RCC_IRQHandler           0x800'3b35         Code  Wk  startup_stm32f40_41xxx.o [2]
RTC_Alarm_IRQHandler     0x800'3bb5         Code  Wk  startup_stm32f40_41xxx.o [2]
RTC_WKUP_IRQHandler      0x800'3b2d         Code  Wk  startup_stm32f40_41xxx.o [2]
Region$$Table$$Base      0x800'39b8          --   Gb  - Linker created -
Region$$Table$$Limit     0x800'39d8          --   Gb  - Linker created -
Reset_Handler            0x800'3afd         Code  Wk  startup_stm32f40_41xxx.o [2]
SDIO_IRQHandler          0x800'3bd5         Code  Wk  startup_stm32f40_41xxx.o [2]
SPI1_IRQHandler          0x800'3ba5         Code  Wk  startup_stm32f40_41xxx.o [2]
SPI2_IRQHandler          0x800'3ba9         Code  Wk  startup_stm32f40_41xxx.o [2]
SPI3_IRQHandler          0x800'3bdd         Code  Wk  startup_stm32f40_41xxx.o [2]
SVC_Handler              0x800'10f1    0x2  Code  Gb  stm32f4xx_it.o [3]
SYSCFG_EXTILineConfig    0x800'3631   0x4c  Code  Gb  stm32f4xx_syscfg.o [4]
SetSysClock              0x800'3797   0xaa  Code  Lc  system_stm32f4xx.o [3]
SysTick_Handler          0x800'10f7    0x2  Code  Gb  stm32f4xx_it.o [3]
SystemInit               0x800'3751   0x46  Code  Gb  system_stm32f4xx.o [3]
TAMP_STAMP_IRQHandler    0x800'3b29         Code  Wk  startup_stm32f40_41xxx.o [2]
TI1_Config               0x800'30f3   0x34  Code  Lc  stm32f4xx_tim.o [4]
TI2_Config               0x800'3127   0x3a  Code  Lc  stm32f4xx_tim.o [4]
TIM10_init               0x800'2585   0xbe  Code  Gb  dcmotor.o [1]
TIM1_BRK_TIM9_IRQHandler
                         0x800'3b7d         Code  Wk  startup_stm32f40_41xxx.o [2]
TIM1_CC_IRQHandler       0x800'3b89         Code  Wk  startup_stm32f40_41xxx.o [2]
TIM1_TRG_COM_TIM11_IRQHandler
                         0x800'3b85         Code  Wk  startup_stm32f40_41xxx.o [2]
TIM1_UP_TIM10_IRQHandler
                         0x800'3b81         Code  Wk  startup_stm32f40_41xxx.o [2]
TIM2_IRQHandler          0x800'3b8d         Code  Wk  startup_stm32f40_41xxx.o [2]
TIM3_IRQHandler          0x800'3b91         Code  Wk  startup_stm32f40_41xxx.o [2]
TIM4_IRQHandler          0x800'26d5   0x22  Code  Gb  dcmotor.o [1]
TIM4_init                0x800'2643   0x92  Code  Gb  dcmotor.o [1]
TIM5_IRQHandler          0x800'3bd9         Code  Wk  startup_stm32f40_41xxx.o [2]
TIM6_DAC_IRQHandler      0x800'3be9         Code  Wk  startup_stm32f40_41xxx.o [2]
TIM7_IRQHandler          0x800'2211   0x5a  Code  Gb  fnd.o [1]
TIM7_IRQHandler::digit  0x2000'00f4    0x4  Data  Lc  fnd.o [1]
TIM7_init                0x800'21a3   0x6e  Code  Gb  fnd.o [1]
TIM8_BRK_TIM12_IRQHandler
                         0x800'3bbd         Code  Wk  startup_stm32f40_41xxx.o [2]
TIM8_CC_IRQHandler       0x800'3bc9         Code  Wk  startup_stm32f40_41xxx.o [2]
TIM8_TRG_COM_TIM14_IRQHandler
                         0x800'3bc5         Code  Wk  startup_stm32f40_41xxx.o [2]
TIM8_UP_TIM13_IRQHandler
                         0x800'3bc1         Code  Wk  startup_stm32f40_41xxx.o [2]
TIM_ARRPreloadConfig     0x800'2f7f   0x1c  Code  Gb  stm32f4xx_tim.o [4]
TIM_ClearITPendingBit    0x800'309d    0x8  Code  Gb  stm32f4xx_tim.o [4]
TIM_Cmd                  0x800'2f9b   0x1c  Code  Gb  stm32f4xx_tim.o [4]
TIM_GetITStatus          0x800'3079   0x24  Code  Gb  stm32f4xx_tim.o [4]
TIM_ITConfig             0x800'3061   0x18  Code  Gb  stm32f4xx_tim.o [4]
TIM_OC1Init              0x800'2fb7   0x78  Code  Gb  stm32f4xx_tim.o [4]
TIM_OC1PreloadConfig     0x800'3051   0x10  Code  Gb  stm32f4xx_tim.o [4]
TIM_SelectInputTrigger   0x800'30e3   0x10  Code  Gb  stm32f4xx_tim.o [4]
TIM_SetCompare1          0x800'304d    0x4  Code  Gb  stm32f4xx_tim.o [4]
TIM_TIxExternalClockConfig
                         0x800'30a5   0x3e  Code  Gb  stm32f4xx_tim.o [4]
TIM_TimeBaseInit         0x800'2f15   0x6a  Code  Gb  stm32f4xx_tim.o [4]
UART2_init               0x800'233d   0xbc  Code  Gb  uart2.o [1]
UART4_IRQHandler         0x800'3be1         Code  Wk  startup_stm32f40_41xxx.o [2]
UART5_IRQHandler         0x800'3be5         Code  Wk  startup_stm32f40_41xxx.o [2]
USART1_IRQHandler        0x800'3bad         Code  Wk  startup_stm32f40_41xxx.o [2]
USART2_IRQHandler        0x800'241b   0x42  Code  Gb  uart2.o [1]
USART2_IRQHandler{1}{2}::i
                        0x2000'00fc    0x4  Data  Lc  uart2.o [1]
USART3_IRQHandler        0x800'3bb1         Code  Wk  startup_stm32f40_41xxx.o [2]
USART6_IRQHandler        0x800'3c29         Code  Wk  startup_stm32f40_41xxx.o [2]
USART_Cmd                0x800'3531   0x1c  Code  Gb  stm32f4xx_usart.o [4]
USART_GetFlagStatus      0x800'35b1   0x1a  Code  Gb  stm32f4xx_usart.o [4]
USART_GetITStatus        0x800'35cb   0x64  Code  Gb  stm32f4xx_usart.o [4]
USART_ITConfig           0x800'355d   0x54  Code  Gb  stm32f4xx_usart.o [4]
USART_Init               0x800'3469   0xba  Code  Gb  stm32f4xx_usart.o [4]
USART_ReceiveData        0x800'3555    0x8  Code  Gb  stm32f4xx_usart.o [4]
USART_SendData           0x800'354d    0x8  Code  Gb  stm32f4xx_usart.o [4]
UsageFault_Handler       0x800'10ef    0x2  Code  Gb  stm32f4xx_it.o [3]
WWDG_IRQHandler          0x800'3b21         Code  Wk  startup_stm32f40_41xxx.o [2]
_LC                      0x800'0189    0x6  Code  Lc  xprintffull_nomb.o [5]
_LitobFullNoMb           0x800'0e71  0x114  Code  Lc  xprintffull_nomb.o [5]
_LocaleC_isspace         0x800'1b71   0x14  Code  Gb  xlocale_c.o [5]
_LocaleC_isupper         0x800'1b65    0x2  Code  Gb  xlocale_c.o [5]
_LocaleC_tolower         0x800'1b85    0xc  Code  Gb  xlocale_c.o [5]
_Locale_lconv           0x2000'0028   0x38  Data  Lc  xlocale_c.o [5]
_PrintfFullNoMb          0x800'018f  0xcb4  Code  Gb  xprintffull_nomb.o [5]
_Prout                   0x800'3a61   0x16  Code  Gb  xprout.o [5]
_PutcharsFullNoMb        0x800'0fdd   0x2e  Code  Lc  xprintffull_nomb.o [5]
__aeabi_cdcmple          0x800'12e1         Code  Gb  DblCmpLe.o [6]
__aeabi_cdrcmple         0x800'1315         Code  Gb  DblCmpGe.o [6]
__aeabi_d2iz             0x800'1485         Code  Gb  DblToS32.o [6]
__aeabi_d2uiz            0x800'1979         Code  Gb  DblToU32.o [6]
__aeabi_ddiv             0x800'1731         Code  Gb  DblDiv.o [6]
__aeabi_dmul             0x800'19b9         Code  Gb  DblMul.o [6]
__aeabi_dsub             0x800'164d         Code  Gb  DblAddSub.o [6]
__aeabi_i2d              0x800'14bd         Code  Gb  S32ToDbl.o [6]
__aeabi_ldiv0            0x800'1dd9         Code  Gb  I64DivZer.o [7]
__aeabi_memcpy           0x800'11c9         Code  Gb  ABImemcpy.o [7]
__aeabi_memcpy4          0x800'11e9         Code  Gb  ABImemcpy.o [7]
__aeabi_memcpy8          0x800'11e9         Code  Gb  ABImemcpy.o [7]
__aeabi_ui2d             0x800'199d         Code  Gb  U32ToDbl.o [6]
__aeabi_uldivmod         0x800'1ba1         Code  Gb  I64DivMod.o [7]
__cmain                  0x800'39d9         Code  Gb  cmain.o [7]
__exit                   0x800'1ddd   0x14  Code  Gb  exit.o [8]
__iar_Fail_s             0x800'10f9   0x1c  Code  Gb  xfail_s.o [5]
__iar_Memchr             0x800'1171         Code  Gb  memchr.o [7]
__iar_Stoul              0x800'32a1    0x2  Code  Gb  iar_Stoulx.o [5]
__iar_Stoulx             0x800'3161  0x13a  Code  Gb  iar_Stoulx.o [5]
__iar_Strchr             0x800'10d1         Code  Gb  strchr.o [7]
__iar_data_init3         0x800'396d   0x28  Code  Gb  data_init.o [7]
__iar_frexp              0x800'127d         Code  Gb  frexp.o [6]
__iar_frexpl             0x800'127d         Code  Gb  frexp.o [6]
__iar_globLocale        0x2000'0060   0x48  Data  Lc  xlocale_c.o [5]
__iar_global_Locale      0x800'1b91    0x4  Code  Gb  xlocale_c.o [5]
__iar_init_vfp           0x800'3995         Code  Gb  fpinit_M.o [6]
__iar_ldexp64            0x800'1349         Code  Gb  ldexp.o [6]
__iar_lz77_init_single3
                         0x800'1053   0x7e  Code  Gb  lz77_init_single.o [7]
__iar_program_start      0x800'3a45         Code  Gb  cstartup_M.o [7]
__iar_scalbln64          0x800'1349         Code  Gb  ldexp.o [6]
__iar_scalbn64           0x800'1349         Code  Gb  ldexp.o [6]
__iar_softfp___iar_frexp64
                         0x800'1271         Code  Gb  frexp.o [6]
__iar_softfp_frexp       0x800'1271         Code  Gb  frexp.o [6]
__iar_softfp_frexpl      0x800'1271         Code  Gb  frexp.o [6]
__iar_zero_init3         0x800'390d   0x38  Code  Gb  zero_init3.o [7]
__low_level_init         0x800'39f7    0x4  Code  Gb  low_level_init.o [5]
__vector_table           0x800'0000         Data  Gb  startup_stm32f40_41xxx.o [2]
_call_main               0x800'39e5         Code  Gb  cmain.o [7]
_exit                    0x800'3a01         Code  Gb  cexit.o [7]
abort                    0x800'1dd1    0x6  Code  Gb  abort.o [5]
abs                      0x800'32af    0x8  Code  Wk  abs.o [5]
adc1Flag                0x2000'00dc    0x4  Data  Gb  adc1.o [1]
arrayNum                0x2000'00f0    0x4  Data  Gb  fnd.o [1]
atoi                     0x800'32a3    0x2  Code  Gb  iar_Stoulx.o [5]
clrscr                   0x800'29ef   0x28  Code  Gb  lcd.o [1]
digits                   0x800'389c   0x28  Data  Lc  iar_Stoulx.o [5]
disp_ON_OFF              0x800'298b   0x64  Code  Gb  lcd.o [1]
display_digit            0x800'226b   0x5c  Code  Gb  fnd.o [1]
display_fnd              0x800'22c7   0x50  Code  Gb  fnd.o [1]
exit                     0x800'39fb    0x4  Code  Gb  exit.o [5]
fndFlag                 0x2000'0014    0x4  Data  Gb  fnd.o [1]
isspace                  0x800'3729   0x14  Code  Gb  isspace.o [5]
key                     0x2000'00f8    0x4  Data  Gb  key.o [1]
lcd                      0x800'2a21   0x1e  Code  Gb  lcd.o [1]
lcd_char                 0x800'291d   0x20  Code  Gb  lcd.o [1]
lcd_disp                 0x800'293d   0x4e  Code  Gb  lcd.o [1]
ldexp                    0x800'1349         Code  Gb  ldexp.o [6]
ldexpl                   0x800'1349         Code  Gb  ldexp.o [6]
localeconv               0x800'1b95    0x4  Code  Gb  xlocale_c.o [5]
m_cnt                   0x2000'00e8    0x4  Data  Gb  fnd.o [1]
m_cntFlag               0x2000'00ec    0x4  Data  Gb  fnd.o [1]
main                     0x800'1df1  0x2f8  Code  Gb  main.o [1]
map                      0x800'2151   0x18  Code  Gb  main.o [1]
memchr                   0x800'1171         Code  Gb  memchr.o [7]
ndigs                    0x800'3874   0x28  Data  Lc  iar_Stoulx.o [5]
printf                   0x800'2a41   0x28  Code  Gb  printf.o [5]
putchar                  0x800'23f9   0x22  Code  Gb  uart2.o [1]
rx2Data                 0x2000'00a8   0x34  Data  Gb  uart2.o [1]
rx2Flag                 0x2000'0104    0x1  Data  Gb  uart2.o [1]
scalbln                  0x800'1349         Code  Gb  ldexp.o [6]
scalblnl                 0x800'1349         Code  Gb  ldexp.o [6]
scalbn                   0x800'1349         Code  Gb  ldexp.o [6]
scalbnl                  0x800'1349         Code  Gb  ldexp.o [6]
scale                    0x800'0f85   0x46  Code  Lc  xprintffull_nomb.o [5]
sec_hand                0x2000'0100    0x4  Data  Lc  xfail_s.o [5]
strchr                   0x800'10d1         Code  Gb  strchr.o [7]
strlen                   0x800'1139         Code  Gb  strlen.o [7]
t_cnt                   0x2000'00e4    0x4  Data  Gb  fnd.o [1]
tim4_counter            0x2000'00e0    0x4  Data  Gb  dcmotor.o [1]
tolower                  0x800'373d   0x14  Code  Gb  tolower.o [5]


[1] = C:\Users\USER\Documents\IAR\kcci_m4_project_fnd_TIM7_1ms_dht11\Debug\Obj
[2] = C:\Users\USER\Documents\IAR\kcci_m4_project_fnd_TIM7_1ms_dht11\Debug\Obj\CMSIS
[3] = C:\Users\USER\Documents\IAR\kcci_m4_project_fnd_TIM7_1ms_dht11\Debug\Obj\COMM
[4] = C:\Users\USER\Documents\IAR\kcci_m4_project_fnd_TIM7_1ms_dht11\Debug\Obj\STM32
[5] = dl7M_tlf.a
[6] = m7M_tls.a
[7] = rt7M_tl.a
[8] = shb_l.a

  15'001 bytes of readonly  code memory
     528 bytes of readonly  data memory
   8'453 bytes of readwrite data memory

Errors: none
Warnings: none
