###############################################################################
#
# IAR ELF Linker V9.32.1.338/W64 for ARM                  11/Apr/2024  13:54:48
# Copyright 2007-2022 IAR Systems AB.
#
#    Output file  =
#        C:\Users\USER\Documents\IAR\12-1_uart2_pa2_pa3_timer10_pwm\Debug\Exe\12-1.out
#    Map file     =
#        C:\Users\USER\Documents\IAR\12-1_uart2_pa2_pa3_timer10_pwm\Debug\List\12-1.map
#    Command line =
#        -f
#        C:\Users\USER\Documents\IAR\12-1_uart2_pa2_pa3_timer10_pwm\Debug\Exe\12-1.out.rsp
#        (C:\Users\USER\Documents\IAR\12-1_uart2_pa2_pa3_timer10_pwm\Debug\Obj\key.o
#        C:\Users\USER\Documents\IAR\12-1_uart2_pa2_pa3_timer10_pwm\Debug\Obj\main.o
#        C:\Users\USER\Documents\IAR\12-1_uart2_pa2_pa3_timer10_pwm\Debug\Obj\STM32\misc.o
#        C:\Users\USER\Documents\IAR\12-1_uart2_pa2_pa3_timer10_pwm\Debug\Obj\CMSIS\startup_stm32f40_41xxx.o
#        C:\Users\USER\Documents\IAR\12-1_uart2_pa2_pa3_timer10_pwm\Debug\Obj\STM32\stm32f4xx_exti.o
#        C:\Users\USER\Documents\IAR\12-1_uart2_pa2_pa3_timer10_pwm\Debug\Obj\STM32\stm32f4xx_gpio.o
#        C:\Users\USER\Documents\IAR\12-1_uart2_pa2_pa3_timer10_pwm\Debug\Obj\COMM\stm32f4xx_it.o
#        C:\Users\USER\Documents\IAR\12-1_uart2_pa2_pa3_timer10_pwm\Debug\Obj\STM32\stm32f4xx_rcc.o
#        C:\Users\USER\Documents\IAR\12-1_uart2_pa2_pa3_timer10_pwm\Debug\Obj\STM32\stm32f4xx_syscfg.o
#        C:\Users\USER\Documents\IAR\12-1_uart2_pa2_pa3_timer10_pwm\Debug\Obj\STM32\stm32f4xx_tim.o
#        C:\Users\USER\Documents\IAR\12-1_uart2_pa2_pa3_timer10_pwm\Debug\Obj\STM32\stm32f4xx_usart.o
#        C:\Users\USER\Documents\IAR\12-1_uart2_pa2_pa3_timer10_pwm\Debug\Obj\COMM\system_stm32f4xx.o
#        C:\Users\USER\Documents\IAR\12-1_uart2_pa2_pa3_timer10_pwm\Debug\Obj\uart2.o
#        --no_out_extension -o
#        C:\Users\USER\Documents\IAR\12-1_uart2_pa2_pa3_timer10_pwm\Debug\Exe\12-1.out
#        --redirect _Printf=_PrintfFullNoMb --redirect _Scanf=_ScanfFullNoMb
#        --map
#        C:\Users\USER\Documents\IAR\12-1_uart2_pa2_pa3_timer10_pwm\Debug\List\12-1.map
#        --config
#        C:\Users\USER\Documents\IAR\12-1_uart2_pa2_pa3_timer10_pwm\stm32f405xG.icf
#        --semihosting --entry __iar_program_start --vfe --text_out locale
#        --cpu=Cortex-M4 --fpu=VFPv4_sp)
#
###############################################################################

*******************************************************************************
*** RUNTIME MODEL ATTRIBUTES
***

CppFlavor       = *
__CPP_Runtime   = 1
__SystemLibrary = DLib
__dlib_version  = 6


*******************************************************************************
*** HEAP SELECTION
***

The basic heap was selected because --advanced_heap
was not specified and the application did not appear to
be primarily optimized for speed.


*******************************************************************************
*** PLACEMENT SUMMARY
***

"A0":  place at address 0x800'0000 { ro section .intvec };
"P1":  place in [from 0x800'0000 to 0x80f'ffff] { ro };
define block CSTACK with size = 8K, alignment = 8 { };
define block HEAP with size = 8K, alignment = 8 { };
"P2":  place in [from 0x2000'0000 to 0x2001'ffff] {
          rw, block CSTACK, block HEAP };
initialize by copy { rw };

No sections matched the following patterns:

  section .sram  in "P3"


  Section            Kind         Address    Size  Object
  -------            ----         -------    ----  ------
"A0":                                       0x188
  .intvec            ro code   0x800'0000   0x188  startup_stm32f40_41xxx.o [2]
                             - 0x800'0188   0x188

"P1":                                      0x2cbc
  .text              ro code   0x800'0188   0xeca  xprintffull_nomb.o [5]
  .text              ro code   0x800'1052    0x2a  copy_init3.o [7]
  .text              ro code   0x800'107c    0x16  strchr.o [7]
  .text              ro code   0x800'1092    0x12  stm32f4xx_it.o [3]
  .text              ro code   0x800'10a4    0x40  xfail_s.o [5]
  .text              ro code   0x800'10e4    0x36  strlen.o [7]
  .rodata            const     0x800'111a     0x2  xlocale_c.o [5]
  .text              ro code   0x800'111c    0x58  memchr.o [7]
  .text              ro code   0x800'1174    0xa6  ABImemcpy.o [7]
  .rodata            const     0x800'121a     0x1  xlocale_c.o [5]
  .text              ro code   0x800'121c    0x70  frexp.o [6]
  .text              ro code   0x800'128c    0x34  DblCmpLe.o [6]
  .text              ro code   0x800'12c0    0x34  DblCmpGe.o [6]
  .text              ro code   0x800'12f4   0x13a  ldexp.o [6]
  .text              ro code   0x800'1430    0x36  DblToS32.o [6]
  .text              ro code   0x800'1468    0x22  S32ToDbl.o [6]
  .text              ro code   0x800'148c   0x24e  DblAddSub.o [6]
  .text              ro code   0x800'16dc   0x246  DblDiv.o [6]
  .text              ro code   0x800'1924    0x22  DblToU32.o [6]
  .text              ro code   0x800'1948    0x1c  U32ToDbl.o [6]
  .text              ro code   0x800'1964   0x1aa  DblMul.o [6]
  .text              ro code   0x800'1b10     0x8  xlocale_c.o [5]
  .text              ro code   0x800'1b18   0x230  I64DivMod.o [7]
  .text              ro code   0x800'1d48     0x6  abort.o [5]
  .text              ro code   0x800'1d50     0x2  I64DivZer.o [7]
  .text              ro code   0x800'1d54    0x14  exit.o [8]
  .text              ro code   0x800'1d68   0x378  main.o [1]
  .text              ro code   0x800'20e0    0xe6  stm32f4xx_gpio.o [4]
  .text              ro code   0x800'21c8   0x190  stm32f4xx_tim.o [4]
  .text              ro code   0x800'2358   0x114  key.o [1]
  .text              ro code   0x800'246c   0x134  uart2.o [1]
  .text              ro code   0x800'25a0   0x130  stm32f4xx_rcc.o [4]
  .text              ro code   0x800'26d0    0x80  misc.o [4]
  .text              ro code   0x800'2750    0x28  printf.o [5]
  .text              ro code   0x800'2778    0x50  stm32f4xx_syscfg.o [4]
  .text              ro code   0x800'27c8    0xa8  stm32f4xx_exti.o [4]
  .text              ro code   0x800'2870   0x1c6  stm32f4xx_usart.o [4]
  .text              ro code   0x800'2a38   0x124  system_stm32f4xx.o [3]
  Initializer bytes  const     0x800'2b5c    0x5c  <for P2-1>
  .text              ro code   0x800'2bb8    0x38  zero_init3.o [7]
  .text              ro code   0x800'2bf0    0x28  data_init.o [7]
  .text              ro code   0x800'2c18    0x22  fpinit_M.o [6]
  .iar.init_table    const     0x800'2c3c    0x24  - Linker created -
  .text              ro code   0x800'2c60    0x1e  cmain.o [7]
  .text              ro code   0x800'2c7e     0x4  low_level_init.o [5]
  .text              ro code   0x800'2c82     0x4  exit.o [5]
  .text              ro code   0x800'2c88     0xa  cexit.o [7]
  .text              ro code   0x800'2c94    0x1c  cstartup_M.o [7]
  .text              ro code   0x800'2cb0    0x16  xprout.o [5]
  .rodata            const     0x800'2cc8    0x10  main.o [1]
  .rodata            const     0x800'2cd8    0x10  main.o [1]
  .rodata            const     0x800'2ce8    0x10  main.o [1]
  .text              ro code   0x800'2cf8    0x10  startup_stm32f40_41xxx.o [2]
  .text              ro code   0x800'2d08     0x4  startup_stm32f40_41xxx.o [2]
  .text              ro code   0x800'2d0c     0x4  startup_stm32f40_41xxx.o [2]
  .text              ro code   0x800'2d10     0x4  startup_stm32f40_41xxx.o [2]
  .text              ro code   0x800'2d14     0x4  startup_stm32f40_41xxx.o [2]
  .text              ro code   0x800'2d18     0x4  startup_stm32f40_41xxx.o [2]
  .text              ro code   0x800'2d1c     0x4  startup_stm32f40_41xxx.o [2]
  .text              ro code   0x800'2d20     0x4  startup_stm32f40_41xxx.o [2]
  .text              ro code   0x800'2d24     0x4  startup_stm32f40_41xxx.o [2]
  .text              ro code   0x800'2d28     0x4  startup_stm32f40_41xxx.o [2]
  .text              ro code   0x800'2d2c     0x4  startup_stm32f40_41xxx.o [2]
  .text              ro code   0x800'2d30     0x4  startup_stm32f40_41xxx.o [2]
  .text              ro code   0x800'2d34     0x4  startup_stm32f40_41xxx.o [2]
  .text              ro code   0x800'2d38     0x4  startup_stm32f40_41xxx.o [2]
  .text              ro code   0x800'2d3c     0x4  startup_stm32f40_41xxx.o [2]
  .text              ro code   0x800'2d40     0x4  startup_stm32f40_41xxx.o [2]
  .text              ro code   0x800'2d44     0x4  startup_stm32f40_41xxx.o [2]
  .text              ro code   0x800'2d48     0x4  startup_stm32f40_41xxx.o [2]
  .text              ro code   0x800'2d4c     0x4  startup_stm32f40_41xxx.o [2]
  .text              ro code   0x800'2d50     0x4  startup_stm32f40_41xxx.o [2]
  .text              ro code   0x800'2d54     0x4  startup_stm32f40_41xxx.o [2]
  .text              ro code   0x800'2d58     0x4  startup_stm32f40_41xxx.o [2]
  .text              ro code   0x800'2d5c     0x4  startup_stm32f40_41xxx.o [2]
  .text              ro code   0x800'2d60     0x4  startup_stm32f40_41xxx.o [2]
  .text              ro code   0x800'2d64     0x4  startup_stm32f40_41xxx.o [2]
  .text              ro code   0x800'2d68     0x4  startup_stm32f40_41xxx.o [2]
  .text              ro code   0x800'2d6c     0x4  startup_stm32f40_41xxx.o [2]
  .text              ro code   0x800'2d70     0x4  startup_stm32f40_41xxx.o [2]
  .text              ro code   0x800'2d74     0x4  startup_stm32f40_41xxx.o [2]
  .text              ro code   0x800'2d78     0x4  startup_stm32f40_41xxx.o [2]
  .text              ro code   0x800'2d7c     0x4  startup_stm32f40_41xxx.o [2]
  .text              ro code   0x800'2d80     0x4  startup_stm32f40_41xxx.o [2]
  .text              ro code   0x800'2d84     0x4  startup_stm32f40_41xxx.o [2]
  .text              ro code   0x800'2d88     0x4  startup_stm32f40_41xxx.o [2]
  .text              ro code   0x800'2d8c     0x4  startup_stm32f40_41xxx.o [2]
  .text              ro code   0x800'2d90     0x4  startup_stm32f40_41xxx.o [2]
  .text              ro code   0x800'2d94     0x4  startup_stm32f40_41xxx.o [2]
  .text              ro code   0x800'2d98     0x4  startup_stm32f40_41xxx.o [2]
  .text              ro code   0x800'2d9c     0x4  startup_stm32f40_41xxx.o [2]
  .text              ro code   0x800'2da0     0x4  startup_stm32f40_41xxx.o [2]
  .text              ro code   0x800'2da4     0x4  startup_stm32f40_41xxx.o [2]
  .text              ro code   0x800'2da8     0x4  startup_stm32f40_41xxx.o [2]
  .text              ro code   0x800'2dac     0x4  startup_stm32f40_41xxx.o [2]
  .text              ro code   0x800'2db0     0x4  startup_stm32f40_41xxx.o [2]
  .text              ro code   0x800'2db4     0x4  startup_stm32f40_41xxx.o [2]
  .text              ro code   0x800'2db8     0x4  startup_stm32f40_41xxx.o [2]
  .text              ro code   0x800'2dbc     0x4  startup_stm32f40_41xxx.o [2]
  .text              ro code   0x800'2dc0     0x4  startup_stm32f40_41xxx.o [2]
  .text              ro code   0x800'2dc4     0x4  startup_stm32f40_41xxx.o [2]
  .text              ro code   0x800'2dc8     0x4  startup_stm32f40_41xxx.o [2]
  .text              ro code   0x800'2dcc     0x4  startup_stm32f40_41xxx.o [2]
  .text              ro code   0x800'2dd0     0x4  startup_stm32f40_41xxx.o [2]
  .text              ro code   0x800'2dd4     0x4  startup_stm32f40_41xxx.o [2]
  .text              ro code   0x800'2dd8     0x4  startup_stm32f40_41xxx.o [2]
  .text              ro code   0x800'2ddc     0x4  startup_stm32f40_41xxx.o [2]
  .text              ro code   0x800'2de0     0x4  startup_stm32f40_41xxx.o [2]
  .text              ro code   0x800'2de4     0x4  startup_stm32f40_41xxx.o [2]
  .text              ro code   0x800'2de8     0x4  startup_stm32f40_41xxx.o [2]
  .text              ro code   0x800'2dec     0x4  startup_stm32f40_41xxx.o [2]
  .text              ro code   0x800'2df0     0x4  startup_stm32f40_41xxx.o [2]
  .text              ro code   0x800'2df4     0x4  startup_stm32f40_41xxx.o [2]
  .text              ro code   0x800'2df8     0x4  startup_stm32f40_41xxx.o [2]
  .text              ro code   0x800'2dfc     0x4  startup_stm32f40_41xxx.o [2]
  .text              ro code   0x800'2e00     0x4  startup_stm32f40_41xxx.o [2]
  .text              ro code   0x800'2e04     0x4  startup_stm32f40_41xxx.o [2]
  .text              ro code   0x800'2e08     0x4  startup_stm32f40_41xxx.o [2]
  .text              ro code   0x800'2e0c     0x4  startup_stm32f40_41xxx.o [2]
  .text              ro code   0x800'2e10     0x4  startup_stm32f40_41xxx.o [2]
  .text              ro code   0x800'2e14     0x4  startup_stm32f40_41xxx.o [2]
  .text              ro code   0x800'2e18     0x4  startup_stm32f40_41xxx.o [2]
  .text              ro code   0x800'2e1c     0x4  startup_stm32f40_41xxx.o [2]
  .text              ro code   0x800'2e20     0x4  startup_stm32f40_41xxx.o [2]
  .text              ro code   0x800'2e24     0x4  startup_stm32f40_41xxx.o [2]
  .text              ro code   0x800'2e28     0x4  startup_stm32f40_41xxx.o [2]
  .text              ro code   0x800'2e2c     0x4  startup_stm32f40_41xxx.o [2]
  .text              ro code   0x800'2e30     0x4  startup_stm32f40_41xxx.o [2]
  .text              ro code   0x800'2e34     0x4  startup_stm32f40_41xxx.o [2]
  .text              ro code   0x800'2e38     0x4  startup_stm32f40_41xxx.o [2]
  .text              ro code   0x800'2e3c     0x4  startup_stm32f40_41xxx.o [2]
  .text              ro code   0x800'2e40     0x4  startup_stm32f40_41xxx.o [2]
  .rodata            const     0x800'2e44     0x0  zero_init3.o [7]
  .rodata            const     0x800'2e44     0x0  copy_init3.o [7]
                             - 0x800'2e44  0x2cbc

"P2", part 1 of 3:                           0x5c
  P2-1                        0x2000'0000    0x5c  <Init block>
    .data            inited   0x2000'0000    0x14  main.o [1]
    .data            inited   0x2000'0014    0x10  stm32f4xx_rcc.o [4]
    .data            inited   0x2000'0024    0x38  xlocale_c.o [5]
                            - 0x2000'005c    0x5c

"P2", part 2 of 3:                           0x54
  .bss               zero     0x2000'005c    0x34  uart2.o [1]
  .bss               zero     0x2000'0090     0x4  key.o [1]
  .bss               zero     0x2000'0094     0x4  main.o [1]
  .bss               zero     0x2000'0098     0x4  main.o [1]
  .bss               zero     0x2000'009c     0x4  main.o [1]
  .bss               zero     0x2000'00a0     0x4  main.o [1]
  .bss               zero     0x2000'00a4     0x4  uart2.o [1]
  .bss               zero     0x2000'00a8     0x4  xfail_s.o [5]
  .bss               zero     0x2000'00ac     0x1  uart2.o [1]
                            - 0x2000'00ad    0x51

"P2", part 3 of 3:                         0x2000
  CSTACK                      0x2000'00b0  0x2000  <Block>
    CSTACK           uninit   0x2000'00b0  0x2000  <Block tail>
                            - 0x2000'20b0  0x2000

Unused ranges:

         From           To      Size
         ----           --      ----
   0x800'2e44   0x80f'ffff  0xf'd1bc
  0x2000'20b0  0x2001'ffff  0x1'df50


*******************************************************************************
*** INIT TABLE
***

          Address      Size
          -------      ----
Zero (__iar_zero_init3)
    1 destination range, total size 0x51:
          0x2000'005c  0x51

Copy (__iar_copy_init3)
    1 source range, total size 0x5c:
           0x800'2b5c  0x5c
    1 destination range, total size 0x5c:
          0x2000'0000  0x5c



*******************************************************************************
*** MODULE SUMMARY
***

    Module                    ro code  ro data  rw data
    ------                    -------  -------  -------
command line/config:
    ---------------------------------------------------
    Total:

C:\Users\USER\Documents\IAR\12-1_uart2_pa2_pa3_timer10_pwm\Debug\Obj: [1]
    key.o                         276                 4
    main.o                        888       68       36
    uart2.o                       308                57
    ---------------------------------------------------
    Total:                      1'472       68       97

C:\Users\USER\Documents\IAR\12-1_uart2_pa2_pa3_timer10_pwm\Debug\Obj\CMSIS: [2]
    startup_stm32f40_41xxx.o      724
    ---------------------------------------------------
    Total:                        724

C:\Users\USER\Documents\IAR\12-1_uart2_pa2_pa3_timer10_pwm\Debug\Obj\COMM: [3]
    stm32f4xx_it.o                 18
    system_stm32f4xx.o            292
    ---------------------------------------------------
    Total:                        310

C:\Users\USER\Documents\IAR\12-1_uart2_pa2_pa3_timer10_pwm\Debug\Obj\STM32: [4]
    misc.o                        128
    stm32f4xx_exti.o              168
    stm32f4xx_gpio.o              230
    stm32f4xx_rcc.o               304       16       16
    stm32f4xx_syscfg.o             80
    stm32f4xx_tim.o               400
    stm32f4xx_usart.o             454
    ---------------------------------------------------
    Total:                      1'764       16       16

dl7M_tlf.a: [5]
    abort.o                         6
    exit.o                          4
    low_level_init.o                4
    printf.o                       40
    xfail_s.o                      64                 4
    xlocale_c.o                     8       59       56
    xprintffull_nomb.o          3'786
    xprout.o                       22
    ---------------------------------------------------
    Total:                      3'934       59       60

m7M_tls.a: [6]
    DblAddSub.o                   590
    DblCmpGe.o                     52
    DblCmpLe.o                     52
    DblDiv.o                      582
    DblMul.o                      426
    DblToS32.o                     54
    DblToU32.o                     34
    S32ToDbl.o                     34
    U32ToDbl.o                     28
    fpinit_M.o                     34
    frexp.o                       112
    ldexp.o                       314
    ---------------------------------------------------
    Total:                      2'312

rt7M_tl.a: [7]
    ABImemcpy.o                   166
    I64DivMod.o                   560
    I64DivZer.o                     2
    cexit.o                        10
    cmain.o                        30
    copy_init3.o                   42
    cstartup_M.o                   28
    data_init.o                    40
    memchr.o                       88
    strchr.o                       22
    strlen.o                       54
    zero_init3.o                   56
    ---------------------------------------------------
    Total:                      1'098

shb_l.a: [8]
    exit.o                         20
    ---------------------------------------------------
    Total:                         20

    Gaps                           27        4
    Linker created                          36    8'192
-------------------------------------------------------
    Grand Total:               11'661      183    8'365


*******************************************************************************
*** ENTRY LIST
***

Entry                       Address   Size  Type      Object
-----                       -------   ----  ----      ------
.iar.init_table$$Base    0x800'2c3c          --   Gb  - Linker created -
.iar.init_table$$Limit   0x800'2c60          --   Gb  - Linker created -
?main                    0x800'2c61         Code  Gb  cmain.o [7]
ADC_IRQHandler           0x800'2d51         Code  Wk  startup_stm32f40_41xxx.o [2]
APBAHBPrescTable        0x2000'0014   0x10  Data  Lc  stm32f4xx_rcc.o [4]
BusFault_Handler         0x800'1099    0x2  Code  Gb  stm32f4xx_it.o [3]
CAN1_RX0_IRQHandler      0x800'2d59         Code  Wk  startup_stm32f40_41xxx.o [2]
CAN1_RX1_IRQHandler      0x800'2d5d         Code  Wk  startup_stm32f40_41xxx.o [2]
CAN1_SCE_IRQHandler      0x800'2d61         Code  Wk  startup_stm32f40_41xxx.o [2]
CAN1_TX_IRQHandler       0x800'2d55         Code  Wk  startup_stm32f40_41xxx.o [2]
CAN2_RX0_IRQHandler      0x800'2dfd         Code  Wk  startup_stm32f40_41xxx.o [2]
CAN2_RX1_IRQHandler      0x800'2e01         Code  Wk  startup_stm32f40_41xxx.o [2]
CAN2_SCE_IRQHandler      0x800'2e05         Code  Wk  startup_stm32f40_41xxx.o [2]
CAN2_TX_IRQHandler       0x800'2df9         Code  Wk  startup_stm32f40_41xxx.o [2]
CRYP_IRQHandler          0x800'2e39         Code  Wk  startup_stm32f40_41xxx.o [2]
CSTACK$$Base            0x2000'00b0          --   Gb  - Linker created -
CSTACK$$Limit           0x2000'20b0          --   Gb  - Linker created -
DCMI_IRQHandler          0x800'2e35         Code  Wk  startup_stm32f40_41xxx.o [2]
DMA1_Stream0_IRQHandler
                         0x800'2d35         Code  Wk  startup_stm32f40_41xxx.o [2]
DMA1_Stream1_IRQHandler
                         0x800'2d39         Code  Wk  startup_stm32f40_41xxx.o [2]
DMA1_Stream2_IRQHandler
                         0x800'2d3d         Code  Wk  startup_stm32f40_41xxx.o [2]
DMA1_Stream3_IRQHandler
                         0x800'2d41         Code  Wk  startup_stm32f40_41xxx.o [2]
DMA1_Stream4_IRQHandler
                         0x800'2d45         Code  Wk  startup_stm32f40_41xxx.o [2]
DMA1_Stream5_IRQHandler
                         0x800'2d49         Code  Wk  startup_stm32f40_41xxx.o [2]
DMA1_Stream6_IRQHandler
                         0x800'2d4d         Code  Wk  startup_stm32f40_41xxx.o [2]
DMA1_Stream7_IRQHandler
                         0x800'2db9         Code  Wk  startup_stm32f40_41xxx.o [2]
DMA2_Stream0_IRQHandler
                         0x800'2ddd         Code  Wk  startup_stm32f40_41xxx.o [2]
DMA2_Stream1_IRQHandler
                         0x800'2de1         Code  Wk  startup_stm32f40_41xxx.o [2]
DMA2_Stream2_IRQHandler
                         0x800'2de5         Code  Wk  startup_stm32f40_41xxx.o [2]
DMA2_Stream3_IRQHandler
                         0x800'2de9         Code  Wk  startup_stm32f40_41xxx.o [2]
DMA2_Stream4_IRQHandler
                         0x800'2ded         Code  Wk  startup_stm32f40_41xxx.o [2]
DMA2_Stream5_IRQHandler
                         0x800'2e0d         Code  Wk  startup_stm32f40_41xxx.o [2]
DMA2_Stream6_IRQHandler
                         0x800'2e11         Code  Wk  startup_stm32f40_41xxx.o [2]
DMA2_Stream7_IRQHandler
                         0x800'2e15         Code  Wk  startup_stm32f40_41xxx.o [2]
DebugMon_Handler         0x800'109f    0x2  Code  Gb  stm32f4xx_it.o [3]
Delay                    0x800'1d69   0x20  Code  Lc  main.o [1]
ETH_IRQHandler           0x800'2df1         Code  Wk  startup_stm32f40_41xxx.o [2]
ETH_WKUP_IRQHandler      0x800'2df5         Code  Wk  startup_stm32f40_41xxx.o [2]
EXTI0_IRQHandler         0x800'2d21         Code  Wk  startup_stm32f40_41xxx.o [2]
EXTI15_10_IRQHandler     0x800'23f9   0x6c  Code  Gb  key.o [1]
EXTI1_IRQHandler         0x800'2d25         Code  Wk  startup_stm32f40_41xxx.o [2]
EXTI2_IRQHandler         0x800'2d29         Code  Wk  startup_stm32f40_41xxx.o [2]
EXTI3_IRQHandler         0x800'2d2d         Code  Wk  startup_stm32f40_41xxx.o [2]
EXTI4_IRQHandler         0x800'2d31         Code  Wk  startup_stm32f40_41xxx.o [2]
EXTI9_5_IRQHandler       0x800'2d65         Code  Wk  startup_stm32f40_41xxx.o [2]
EXTI_ClearITPendingBit   0x800'2855    0x6  Code  Gb  stm32f4xx_exti.o [4]
EXTI_GetITStatus         0x800'2841   0x14  Code  Gb  stm32f4xx_exti.o [4]
EXTI_Init                0x800'27c9   0x78  Code  Gb  stm32f4xx_exti.o [4]
FLASH_IRQHandler         0x800'2d19         Code  Wk  startup_stm32f40_41xxx.o [2]
FPU_IRQHandler           0x800'2e41         Code  Wk  startup_stm32f40_41xxx.o [2]
FSMC_IRQHandler          0x800'2dbd         Code  Wk  startup_stm32f40_41xxx.o [2]
Font                    0x2000'0000   0x14  Data  Gb  main.o [1]
GPIO_Init                0x800'20e1   0x90  Code  Gb  stm32f4xx_gpio.o [4]
GPIO_PinAFConfig         0x800'2177   0x50  Code  Gb  stm32f4xx_gpio.o [4]
GPIO_Write               0x800'2171    0x6  Code  Gb  stm32f4xx_gpio.o [4]
HASH_RNG_IRQHandler      0x800'2e3d         Code  Wk  startup_stm32f40_41xxx.o [2]
HardFault_Handler        0x800'1095    0x2  Code  Gb  stm32f4xx_it.o [3]
I2C1_ER_IRQHandler       0x800'2d85         Code  Wk  startup_stm32f40_41xxx.o [2]
I2C1_EV_IRQHandler       0x800'2d81         Code  Wk  startup_stm32f40_41xxx.o [2]
I2C2_ER_IRQHandler       0x800'2d8d         Code  Wk  startup_stm32f40_41xxx.o [2]
I2C2_EV_IRQHandler       0x800'2d89         Code  Wk  startup_stm32f40_41xxx.o [2]
I2C3_ER_IRQHandler       0x800'2e21         Code  Wk  startup_stm32f40_41xxx.o [2]
I2C3_EV_IRQHandler       0x800'2e1d         Code  Wk  startup_stm32f40_41xxx.o [2]
KEY_init                 0x800'2359   0xa0  Code  Gb  key.o [1]
LSegment                 0x800'1de7   0x5e  Code  Gb  main.o [1]
MemManage_Handler        0x800'1097    0x2  Code  Gb  stm32f4xx_it.o [3]
NMI_Handler              0x800'1093    0x2  Code  Gb  stm32f4xx_it.o [3]
NVIC_Init                0x800'26db   0x62  Code  Gb  misc.o [4]
NVIC_PriorityGroupConfig
                         0x800'26d1    0xa  Code  Gb  misc.o [4]
OTG_FS_IRQHandler        0x800'2e09         Code  Wk  startup_stm32f40_41xxx.o [2]
OTG_FS_WKUP_IRQHandler   0x800'2da5         Code  Wk  startup_stm32f40_41xxx.o [2]
OTG_HS_EP1_IN_IRQHandler
                         0x800'2e29         Code  Wk  startup_stm32f40_41xxx.o [2]
OTG_HS_EP1_OUT_IRQHandler
                         0x800'2e25         Code  Wk  startup_stm32f40_41xxx.o [2]
OTG_HS_IRQHandler        0x800'2e31         Code  Wk  startup_stm32f40_41xxx.o [2]
OTG_HS_WKUP_IRQHandler   0x800'2e2d         Code  Wk  startup_stm32f40_41xxx.o [2]
PVD_IRQHandler           0x800'2d0d         Code  Wk  startup_stm32f40_41xxx.o [2]
PendSV_Handler           0x800'10a1    0x2  Code  Gb  stm32f4xx_it.o [3]
RCC_AHB1PeriphClockCmd   0x800'265d   0x1c  Code  Gb  stm32f4xx_rcc.o [4]
RCC_APB1PeriphClockCmd   0x800'2679   0x1c  Code  Gb  stm32f4xx_rcc.o [4]
RCC_APB2PeriphClockCmd   0x800'2695   0x1c  Code  Gb  stm32f4xx_rcc.o [4]
RCC_GetClocksFreq        0x800'25a1   0xbc  Code  Gb  stm32f4xx_rcc.o [4]
RCC_IRQHandler           0x800'2d1d         Code  Wk  startup_stm32f40_41xxx.o [2]
RSegment                 0x800'1d89   0x5e  Code  Gb  main.o [1]
RTC_Alarm_IRQHandler     0x800'2da1         Code  Wk  startup_stm32f40_41xxx.o [2]
RTC_WKUP_IRQHandler      0x800'2d15         Code  Wk  startup_stm32f40_41xxx.o [2]
Region$$Table$$Base      0x800'2c3c          --   Gb  - Linker created -
Region$$Table$$Limit     0x800'2c60          --   Gb  - Linker created -
Reset_Handler            0x800'2cf9         Code  Wk  startup_stm32f40_41xxx.o [2]
SDIO_IRQHandler          0x800'2dc1         Code  Wk  startup_stm32f40_41xxx.o [2]
SPI1_IRQHandler          0x800'2d91         Code  Wk  startup_stm32f40_41xxx.o [2]
SPI2_IRQHandler          0x800'2d95         Code  Wk  startup_stm32f40_41xxx.o [2]
SPI3_IRQHandler          0x800'2dc9         Code  Wk  startup_stm32f40_41xxx.o [2]
SVC_Handler              0x800'109d    0x2  Code  Gb  stm32f4xx_it.o [3]
SYSCFG_EXTILineConfig    0x800'2779   0x4c  Code  Gb  stm32f4xx_syscfg.o [4]
SetSysClock              0x800'2a7f   0xaa  Code  Lc  system_stm32f4xx.o [3]
SysTick_Handler          0x800'10a3    0x2  Code  Gb  stm32f4xx_it.o [3]
SystemInit               0x800'2a39   0x46  Code  Gb  system_stm32f4xx.o [3]
TAMP_STAMP_IRQHandler    0x800'2d11         Code  Wk  startup_stm32f40_41xxx.o [2]
TIM1_BRK_TIM9_IRQHandler
                         0x800'2d69         Code  Wk  startup_stm32f40_41xxx.o [2]
TIM1_CC_IRQHandler       0x800'2d71         Code  Wk  startup_stm32f40_41xxx.o [2]
TIM1_TRG_COM_TIM11_IRQHandler
                         0x800'2d6d         Code  Wk  startup_stm32f40_41xxx.o [2]
TIM1_UP_TIM10_IRQHandler
                         0x800'1e45   0x76  Code  Gb  main.o [1]
TIM2_IRQHandler          0x800'2d75         Code  Wk  startup_stm32f40_41xxx.o [2]
TIM3_IRQHandler          0x800'2d79         Code  Wk  startup_stm32f40_41xxx.o [2]
TIM4_IRQHandler          0x800'2d7d         Code  Wk  startup_stm32f40_41xxx.o [2]
TIM5_IRQHandler          0x800'2dc5         Code  Wk  startup_stm32f40_41xxx.o [2]
TIM6_DAC_IRQHandler      0x800'2dd5         Code  Wk  startup_stm32f40_41xxx.o [2]
TIM7_IRQHandler          0x800'2dd9         Code  Wk  startup_stm32f40_41xxx.o [2]
TIM8_BRK_TIM12_IRQHandler
                         0x800'2da9         Code  Wk  startup_stm32f40_41xxx.o [2]
TIM8_CC_IRQHandler       0x800'2db5         Code  Wk  startup_stm32f40_41xxx.o [2]
TIM8_TRG_COM_TIM14_IRQHandler
                         0x800'2db1         Code  Wk  startup_stm32f40_41xxx.o [2]
TIM8_UP_TIM13_IRQHandler
                         0x800'2dad         Code  Wk  startup_stm32f40_41xxx.o [2]
TIM_ARRPreloadConfig     0x800'2233   0x1c  Code  Gb  stm32f4xx_tim.o [4]
TIM_ClearITPendingBit    0x800'2351    0x8  Code  Gb  stm32f4xx_tim.o [4]
TIM_Cmd                  0x800'224f   0x1c  Code  Gb  stm32f4xx_tim.o [4]
TIM_GetITStatus          0x800'232d   0x24  Code  Gb  stm32f4xx_tim.o [4]
TIM_ITConfig             0x800'2315   0x18  Code  Gb  stm32f4xx_tim.o [4]
TIM_OC1Init              0x800'226b   0x78  Code  Gb  stm32f4xx_tim.o [4]
TIM_OC1PreloadConfig     0x800'2305   0x10  Code  Gb  stm32f4xx_tim.o [4]
TIM_SetCompare1          0x800'2301    0x4  Code  Gb  stm32f4xx_tim.o [4]
TIM_TimeBaseInit         0x800'21c9   0x6a  Code  Gb  stm32f4xx_tim.o [4]
UART2_init               0x800'246d   0xbc  Code  Gb  uart2.o [1]
UART4_IRQHandler         0x800'2dcd         Code  Wk  startup_stm32f40_41xxx.o [2]
UART5_IRQHandler         0x800'2dd1         Code  Wk  startup_stm32f40_41xxx.o [2]
USART1_IRQHandler        0x800'2d99         Code  Wk  startup_stm32f40_41xxx.o [2]
USART2_IRQHandler        0x800'254b   0x42  Code  Gb  uart2.o [1]
USART2_IRQHandler{1}{2}::i
                        0x2000'00a4    0x4  Data  Lc  uart2.o [1]
USART3_IRQHandler        0x800'2d9d         Code  Wk  startup_stm32f40_41xxx.o [2]
USART6_IRQHandler        0x800'2e19         Code  Wk  startup_stm32f40_41xxx.o [2]
USART_Cmd                0x800'2939   0x1c  Code  Gb  stm32f4xx_usart.o [4]
USART_GetFlagStatus      0x800'29b9   0x1a  Code  Gb  stm32f4xx_usart.o [4]
USART_GetITStatus        0x800'29d3   0x64  Code  Gb  stm32f4xx_usart.o [4]
USART_ITConfig           0x800'2965   0x54  Code  Gb  stm32f4xx_usart.o [4]
USART_Init               0x800'2871   0xba  Code  Gb  stm32f4xx_usart.o [4]
USART_ReceiveData        0x800'295d    0x8  Code  Gb  stm32f4xx_usart.o [4]
USART_SendData           0x800'2955    0x8  Code  Gb  stm32f4xx_usart.o [4]
UsageFault_Handler       0x800'109b    0x2  Code  Gb  stm32f4xx_it.o [3]
WWDG_IRQHandler          0x800'2d09         Code  Wk  startup_stm32f40_41xxx.o [2]
_LC                      0x800'0189    0x6  Code  Lc  xprintffull_nomb.o [5]
_LitobFullNoMb           0x800'0e71  0x114  Code  Lc  xprintffull_nomb.o [5]
_Locale_lconv           0x2000'0024   0x38  Data  Lc  xlocale_c.o [5]
_PrintfFullNoMb          0x800'018f  0xcb4  Code  Gb  xprintffull_nomb.o [5]
_Prout                   0x800'2cb1   0x16  Code  Gb  xprout.o [5]
_PutcharsFullNoMb        0x800'0fdd   0x2e  Code  Lc  xprintffull_nomb.o [5]
__aeabi_cdcmple          0x800'128d         Code  Gb  DblCmpLe.o [6]
__aeabi_cdrcmple         0x800'12c1         Code  Gb  DblCmpGe.o [6]
__aeabi_d2iz             0x800'1431         Code  Gb  DblToS32.o [6]
__aeabi_d2uiz            0x800'1925         Code  Gb  DblToU32.o [6]
__aeabi_ddiv             0x800'16dd         Code  Gb  DblDiv.o [6]
__aeabi_dmul             0x800'1965         Code  Gb  DblMul.o [6]
__aeabi_dsub             0x800'15f9         Code  Gb  DblAddSub.o [6]
__aeabi_i2d              0x800'1469         Code  Gb  S32ToDbl.o [6]
__aeabi_ldiv0            0x800'1d51         Code  Gb  I64DivZer.o [7]
__aeabi_memcpy           0x800'1175         Code  Gb  ABImemcpy.o [7]
__aeabi_memcpy4          0x800'1195         Code  Gb  ABImemcpy.o [7]
__aeabi_memcpy8          0x800'1195         Code  Gb  ABImemcpy.o [7]
__aeabi_ui2d             0x800'1949         Code  Gb  U32ToDbl.o [6]
__aeabi_uldivmod         0x800'1b19         Code  Gb  I64DivMod.o [7]
__cmain                  0x800'2c61         Code  Gb  cmain.o [7]
__exit                   0x800'1d55   0x14  Code  Gb  exit.o [8]
__iar_Fail_s             0x800'10a5   0x1c  Code  Gb  xfail_s.o [5]
__iar_Memchr             0x800'111d         Code  Gb  memchr.o [7]
__iar_Strchr             0x800'107d         Code  Gb  strchr.o [7]
__iar_copy_init3         0x800'1053   0x2a  Code  Gb  copy_init3.o [7]
__iar_data_init3         0x800'2bf1   0x28  Code  Gb  data_init.o [7]
__iar_frexp              0x800'1229         Code  Gb  frexp.o [6]
__iar_frexpl             0x800'1229         Code  Gb  frexp.o [6]
__iar_init_vfp           0x800'2c19         Code  Gb  fpinit_M.o [6]
__iar_ldexp64            0x800'12f5         Code  Gb  ldexp.o [6]
__iar_program_start      0x800'2c95         Code  Gb  cstartup_M.o [7]
__iar_scalbln64          0x800'12f5         Code  Gb  ldexp.o [6]
__iar_scalbn64           0x800'12f5         Code  Gb  ldexp.o [6]
__iar_softfp___iar_frexp64
                         0x800'121d         Code  Gb  frexp.o [6]
__iar_softfp_frexp       0x800'121d         Code  Gb  frexp.o [6]
__iar_softfp_frexpl      0x800'121d         Code  Gb  frexp.o [6]
__iar_zero_init3         0x800'2bb9   0x38  Code  Gb  zero_init3.o [7]
__low_level_init         0x800'2c7f    0x4  Code  Gb  low_level_init.o [5]
__vector_table           0x800'0000         Data  Gb  startup_stm32f40_41xxx.o [2]
_call_main               0x800'2c6d         Code  Gb  cmain.o [7]
_exit                    0x800'2c89         Code  Gb  cexit.o [7]
abort                    0x800'1d49    0x6  Code  Gb  abort.o [5]
exit                     0x800'2c83    0x4  Code  Gb  exit.o [5]
key                     0x2000'0090    0x4  Data  Gb  key.o [1]
ldexp                    0x800'12f5         Code  Gb  ldexp.o [6]
ldexpl                   0x800'12f5         Code  Gb  ldexp.o [6]
localeconv               0x800'1b11    0x4  Code  Gb  xlocale_c.o [5]
main                     0x800'1ebd  0x1e6  Code  Gb  main.o [1]
memchr                   0x800'111d         Code  Gb  memchr.o [7]
ml_cnt                  0x2000'00a0    0x4  Data  Gb  main.o [1]
mr_cnt                  0x2000'0098    0x4  Data  Gb  main.o [1]
printf                   0x800'2751   0x28  Code  Gb  printf.o [5]
putchar                  0x800'2529   0x22  Code  Gb  uart2.o [1]
rx2Data                 0x2000'005c   0x34  Data  Gb  uart2.o [1]
rx2Flag                 0x2000'00ac    0x1  Data  Gb  uart2.o [1]
scalbln                  0x800'12f5         Code  Gb  ldexp.o [6]
scalblnl                 0x800'12f5         Code  Gb  ldexp.o [6]
scalbn                   0x800'12f5         Code  Gb  ldexp.o [6]
scalbnl                  0x800'12f5         Code  Gb  ldexp.o [6]
scale                    0x800'0f85   0x46  Code  Lc  xprintffull_nomb.o [5]
sec_hand                0x2000'00a8    0x4  Data  Lc  xfail_s.o [5]
strchr                   0x800'107d         Code  Gb  strchr.o [7]
strlen                   0x800'10e5         Code  Gb  strlen.o [7]
tl_cnt                  0x2000'009c    0x4  Data  Gb  main.o [1]
tr_cnt                  0x2000'0094    0x4  Data  Gb  main.o [1]


[1] = C:\Users\USER\Documents\IAR\12-1_uart2_pa2_pa3_timer10_pwm\Debug\Obj
[2] = C:\Users\USER\Documents\IAR\12-1_uart2_pa2_pa3_timer10_pwm\Debug\Obj\CMSIS
[3] = C:\Users\USER\Documents\IAR\12-1_uart2_pa2_pa3_timer10_pwm\Debug\Obj\COMM
[4] = C:\Users\USER\Documents\IAR\12-1_uart2_pa2_pa3_timer10_pwm\Debug\Obj\STM32
[5] = dl7M_tlf.a
[6] = m7M_tls.a
[7] = rt7M_tl.a
[8] = shb_l.a

  11'661 bytes of readonly  code memory
     183 bytes of readonly  data memory
   8'365 bytes of readwrite data memory

Errors: none
Warnings: none
