###############################################################################
#
# IAR ELF Linker V9.32.1.338/W64 for ARM                  15/Apr/2024  14:08:00
# Copyright 2007-2022 IAR Systems AB.
#
#    Output file  =
#        C:\Users\USER\Documents\IAR\kcci_m4_project_fnd_TIM7_1ms_dht11_bluetooth\Debug\Exe\kcci_m4_project.out
#    Map file     =
#        C:\Users\USER\Documents\IAR\kcci_m4_project_fnd_TIM7_1ms_dht11_bluetooth\Debug\List\kcci_m4_project.map
#    Command line =
#        -f
#        C:\Users\USER\Documents\IAR\kcci_m4_project_fnd_TIM7_1ms_dht11_bluetooth\Debug\Exe\kcci_m4_project.out.rsp
#        (C:\Users\USER\Documents\IAR\kcci_m4_project_fnd_TIM7_1ms_dht11_bluetooth\Debug\Obj\adc1.o
#        C:\Users\USER\Documents\IAR\kcci_m4_project_fnd_TIM7_1ms_dht11_bluetooth\Debug\Obj\dcmotor.o
#        C:\Users\USER\Documents\IAR\kcci_m4_project_fnd_TIM7_1ms_dht11_bluetooth\Debug\Obj\dht11.o
#        C:\Users\USER\Documents\IAR\kcci_m4_project_fnd_TIM7_1ms_dht11_bluetooth\Debug\Obj\fnd.o
#        C:\Users\USER\Documents\IAR\kcci_m4_project_fnd_TIM7_1ms_dht11_bluetooth\Debug\Obj\key.o
#        C:\Users\USER\Documents\IAR\kcci_m4_project_fnd_TIM7_1ms_dht11_bluetooth\Debug\Obj\lcd.o
#        C:\Users\USER\Documents\IAR\kcci_m4_project_fnd_TIM7_1ms_dht11_bluetooth\Debug\Obj\main.o
#        C:\Users\USER\Documents\IAR\kcci_m4_project_fnd_TIM7_1ms_dht11_bluetooth\Debug\Obj\STM32\misc.o
#        C:\Users\USER\Documents\IAR\kcci_m4_project_fnd_TIM7_1ms_dht11_bluetooth\Debug\Obj\CMSIS\startup_stm32f40_41xxx.o
#        C:\Users\USER\Documents\IAR\kcci_m4_project_fnd_TIM7_1ms_dht11_bluetooth\Debug\Obj\STM32\stm32f4xx_adc.o
#        C:\Users\USER\Documents\IAR\kcci_m4_project_fnd_TIM7_1ms_dht11_bluetooth\Debug\Obj\STM32\stm32f4xx_exti.o
#        C:\Users\USER\Documents\IAR\kcci_m4_project_fnd_TIM7_1ms_dht11_bluetooth\Debug\Obj\STM32\stm32f4xx_gpio.o
#        C:\Users\USER\Documents\IAR\kcci_m4_project_fnd_TIM7_1ms_dht11_bluetooth\Debug\Obj\COMM\stm32f4xx_it.o
#        C:\Users\USER\Documents\IAR\kcci_m4_project_fnd_TIM7_1ms_dht11_bluetooth\Debug\Obj\STM32\stm32f4xx_rcc.o
#        C:\Users\USER\Documents\IAR\kcci_m4_project_fnd_TIM7_1ms_dht11_bluetooth\Debug\Obj\STM32\stm32f4xx_syscfg.o
#        C:\Users\USER\Documents\IAR\kcci_m4_project_fnd_TIM7_1ms_dht11_bluetooth\Debug\Obj\STM32\stm32f4xx_tim.o
#        C:\Users\USER\Documents\IAR\kcci_m4_project_fnd_TIM7_1ms_dht11_bluetooth\Debug\Obj\STM32\stm32f4xx_usart.o
#        C:\Users\USER\Documents\IAR\kcci_m4_project_fnd_TIM7_1ms_dht11_bluetooth\Debug\Obj\COMM\system_stm32f4xx.o
#        C:\Users\USER\Documents\IAR\kcci_m4_project_fnd_TIM7_1ms_dht11_bluetooth\Debug\Obj\uart2.o
#        C:\Users\USER\Documents\IAR\kcci_m4_project_fnd_TIM7_1ms_dht11_bluetooth\Debug\Obj\uart4.o
#        --no_out_extension -o
#        C:\Users\USER\Documents\IAR\kcci_m4_project_fnd_TIM7_1ms_dht11_bluetooth\Debug\Exe\kcci_m4_project.out
#        --redirect _Printf=_PrintfFullNoMb --redirect _Scanf=_ScanfFullNoMb
#        --map
#        C:\Users\USER\Documents\IAR\kcci_m4_project_fnd_TIM7_1ms_dht11_bluetooth\Debug\List\kcci_m4_project.map
#        --config
#        C:\Users\USER\Documents\IAR\kcci_m4_project_fnd_TIM7_1ms_dht11_bluetooth\stm32f405xG.icf
#        --semihosting --entry __iar_program_start --vfe --text_out locale
#        --cpu=Cortex-M4 --fpu=VFPv4_sp)
#
###############################################################################

*******************************************************************************
*** RUNTIME MODEL ATTRIBUTES
***

CppFlavor       = *
__CPP_Runtime   = 1
__SystemLibrary = DLib
__dlib_version  = 6


*******************************************************************************
*** HEAP SELECTION
***

The basic heap was selected because --advanced_heap
was not specified and the application did not appear to
be primarily optimized for speed.


*******************************************************************************
*** PLACEMENT SUMMARY
***

"A0":  place at address 0x800'0000 { ro section .intvec };
"P1":  place in [from 0x800'0000 to 0x80f'ffff] { ro };
define block CSTACK with size = 8K, alignment = 8 { };
define block HEAP with size = 8K, alignment = 8 { };
"P2":  place in [from 0x2000'0000 to 0x2001'ffff] {
          rw, block CSTACK, block HEAP };
initialize by copy { rw };

No sections matched the following patterns:

  section .sram  in "P3"


  Section            Kind         Address    Size  Object
  -------            ----         -------    ----  ------
"A0":                                       0x188
  .intvec            ro code   0x800'0000   0x188  startup_stm32f40_41xxx.o [2]
                             - 0x800'0188   0x188

"P1":                                      0x3f68
  .text              ro code   0x800'0188   0xeca  xprintffull_nomb.o [5]
  .text              ro code   0x800'1052    0x7e  lz77_init_single.o [7]
  .text              ro code   0x800'10d0    0x16  strchr.o [7]
  .text              ro code   0x800'10e6    0x12  stm32f4xx_it.o [3]
  .text              ro code   0x800'10f8    0x40  xfail_s.o [5]
  .text              ro code   0x800'1138    0x36  strlen.o [7]
  .text              ro code   0x800'116e     0xa  xsprout.o [5]
  .text              ro code   0x800'1178    0x58  memchr.o [7]
  .text              ro code   0x800'11d0    0xa6  ABImemcpy.o [7]
  .rodata            const     0x800'1276     0x2  xlocale_c.o [5]
  .text              ro code   0x800'1278    0x70  frexp.o [6]
  .text              ro code   0x800'12e8    0x34  DblCmpLe.o [6]
  .text              ro code   0x800'131c    0x34  DblCmpGe.o [6]
  .text              ro code   0x800'1350   0x13a  ldexp.o [6]
  .rodata            const     0x800'148a     0x2  xlocale_c.o [5]
  .text              ro code   0x800'148c    0x36  DblToS32.o [6]
  .rodata            const     0x800'14c2     0x1  xlocale_c.o [5]
  .text              ro code   0x800'14c4    0x22  S32ToDbl.o [6]
  .text              ro code   0x800'14e8   0x24e  DblAddSub.o [6]
  .text              ro code   0x800'1738   0x246  DblDiv.o [6]
  .text              ro code   0x800'1980    0x22  DblToU32.o [6]
  .text              ro code   0x800'19a4    0x1c  U32ToDbl.o [6]
  .text              ro code   0x800'19c0   0x1aa  DblMul.o [6]
  .text              ro code   0x800'1b6c    0x3c  xlocale_c.o [5]
  .text              ro code   0x800'1ba8   0x230  I64DivMod.o [7]
  .text              ro code   0x800'1dd8     0x6  abort.o [5]
  .text              ro code   0x800'1de0     0x2  I64DivZer.o [7]
  .text              ro code   0x800'1de4    0x14  exit.o [8]
  .text              ro code   0x800'1df8   0x46c  main.o [1]
  .text              ro code   0x800'2264   0x1f8  fnd.o [1]
  .text              ro code   0x800'245c   0x134  uart2.o [1]
  .text              ro code   0x800'2590   0x148  uart4.o [1]
  .text              ro code   0x800'26d8   0x114  key.o [1]
  .text              ro code   0x800'27ec   0x190  dcmotor.o [1]
  .text              ro code   0x800'297c    0xf8  adc1.o [1]
  .text              ro code   0x800'2a74   0x232  lcd.o [1]
  .text              ro code   0x800'2ca8    0x28  printf.o [5]
  .text              ro code   0x800'2cd0   0x1d8  stm32f4xx_adc.o [4]
  .text              ro code   0x800'2ea8   0x1f0  dht11.o [1]
  .text              ro code   0x800'3098   0x14e  iar_Stoulx.o [5]
  .text              ro code   0x800'31e8     0x6  ABImemclr4.o [7]
  .text              ro code   0x800'31f0    0x66  ABImemset.o [7]
  .text              ro code   0x800'3258    0x18  strcpy.o [7]
  .text              ro code   0x800'3270    0x4c  strtok.o [5]
  .text              ro code   0x800'32bc    0x12  strcmp.o [7]
  .text              ro code   0x800'32d0    0x40  sprintf.o [5]
  .text              ro code   0x800'3310    0x2a  strncmp.o [5]
  .text              ro code   0x800'333c   0x108  stm32f4xx_gpio.o [4]
  .text              ro code   0x800'3444   0x24c  stm32f4xx_tim.o [4]
  .text              ro code   0x800'3690   0x130  stm32f4xx_rcc.o [4]
  .text              ro code   0x800'37c0    0x80  misc.o [4]
  .text              ro code   0x800'3840   0x1c6  stm32f4xx_usart.o [4]
  .text              ro code   0x800'3a08    0x50  stm32f4xx_syscfg.o [4]
  .text              ro code   0x800'3a58    0xa8  stm32f4xx_exti.o [4]
  .text              ro code   0x800'3b00    0x14  isspace.o [5]
  .text              ro code   0x800'3b14    0x14  tolower.o [5]
  .text              ro code   0x800'3b28    0x32  ABImemset48.o [7]
  .text              ro code   0x800'3b5a    0x22  strspn.o [5]
  .text              ro code   0x800'3b7c    0x22  strcspn.o [5]
  .text              ro code   0x800'3ba0   0x124  system_stm32f4xx.o [3]
  .rodata            const     0x800'3cc4    0x50  main.o [1]
  .rodata            const     0x800'3d14    0x50  iar_Stoulx.o [5]
  .text              ro code   0x800'3d64    0x38  zero_init3.o [7]
  .rodata            const     0x800'3d9c    0x28  main.o [1]
  .text              ro code   0x800'3dc4    0x28  data_init.o [7]
  .text              ro code   0x800'3dec    0x22  fpinit_M.o [6]
  .iar.init_table    const     0x800'3e10    0x20  - Linker created -
  .text              ro code   0x800'3e30    0x1e  cmain.o [7]
  .text              ro code   0x800'3e4e     0x4  low_level_init.o [5]
  .text              ro code   0x800'3e52     0x4  exit.o [5]
  .text              ro code   0x800'3e58     0xa  cexit.o [7]
  .text              ro code   0x800'3e64    0x1c  cstartup_M.o [7]
  .text              ro code   0x800'3e80    0x16  xprout.o [5]
  .rodata            const     0x800'3e98    0x14  main.o [1]
  .rodata            const     0x800'3eac    0x10  main.o [1]
  .rodata            const     0x800'3ebc    0x10  main.o [1]
  .rodata            const     0x800'3ecc    0x10  main.o [1]
  .rodata            const     0x800'3edc    0x10  main.o [1]
  .rodata            const     0x800'3eec    0x10  main.o [1]
  .rodata            const     0x800'3efc    0x10  main.o [1]
  .rodata            const     0x800'3f0c    0x10  main.o [1]
  .text              ro code   0x800'3f1c    0x10  startup_stm32f40_41xxx.o [2]
  .rodata            const     0x800'3f2c     0xc  main.o [1]
  .rodata            const     0x800'3f38     0xc  main.o [1]
  .rodata            const     0x800'3f44     0x8  main.o [1]
  .rodata            const     0x800'3f4c     0x8  main.o [1]
  .rodata            const     0x800'3f54     0x8  main.o [1]
  .rodata            const     0x800'3f5c     0x8  main.o [1]
  .rodata            const     0x800'3f64     0x8  main.o [1]
  .text              ro code   0x800'3f6c     0x4  startup_stm32f40_41xxx.o [2]
  .text              ro code   0x800'3f70     0x4  startup_stm32f40_41xxx.o [2]
  .text              ro code   0x800'3f74     0x4  startup_stm32f40_41xxx.o [2]
  .text              ro code   0x800'3f78     0x4  startup_stm32f40_41xxx.o [2]
  .text              ro code   0x800'3f7c     0x4  startup_stm32f40_41xxx.o [2]
  .text              ro code   0x800'3f80     0x4  startup_stm32f40_41xxx.o [2]
  .text              ro code   0x800'3f84     0x4  startup_stm32f40_41xxx.o [2]
  .text              ro code   0x800'3f88     0x4  startup_stm32f40_41xxx.o [2]
  .text              ro code   0x800'3f8c     0x4  startup_stm32f40_41xxx.o [2]
  .text              ro code   0x800'3f90     0x4  startup_stm32f40_41xxx.o [2]
  .text              ro code   0x800'3f94     0x4  startup_stm32f40_41xxx.o [2]
  .text              ro code   0x800'3f98     0x4  startup_stm32f40_41xxx.o [2]
  .text              ro code   0x800'3f9c     0x4  startup_stm32f40_41xxx.o [2]
  .text              ro code   0x800'3fa0     0x4  startup_stm32f40_41xxx.o [2]
  .text              ro code   0x800'3fa4     0x4  startup_stm32f40_41xxx.o [2]
  .text              ro code   0x800'3fa8     0x4  startup_stm32f40_41xxx.o [2]
  .text              ro code   0x800'3fac     0x4  startup_stm32f40_41xxx.o [2]
  .text              ro code   0x800'3fb0     0x4  startup_stm32f40_41xxx.o [2]
  .text              ro code   0x800'3fb4     0x4  startup_stm32f40_41xxx.o [2]
  .text              ro code   0x800'3fb8     0x4  startup_stm32f40_41xxx.o [2]
  .text              ro code   0x800'3fbc     0x4  startup_stm32f40_41xxx.o [2]
  .text              ro code   0x800'3fc0     0x4  startup_stm32f40_41xxx.o [2]
  .text              ro code   0x800'3fc4     0x4  startup_stm32f40_41xxx.o [2]
  .text              ro code   0x800'3fc8     0x4  startup_stm32f40_41xxx.o [2]
  .text              ro code   0x800'3fcc     0x4  startup_stm32f40_41xxx.o [2]
  .text              ro code   0x800'3fd0     0x4  startup_stm32f40_41xxx.o [2]
  .text              ro code   0x800'3fd4     0x4  startup_stm32f40_41xxx.o [2]
  .text              ro code   0x800'3fd8     0x4  startup_stm32f40_41xxx.o [2]
  .text              ro code   0x800'3fdc     0x4  startup_stm32f40_41xxx.o [2]
  .text              ro code   0x800'3fe0     0x4  startup_stm32f40_41xxx.o [2]
  .text              ro code   0x800'3fe4     0x4  startup_stm32f40_41xxx.o [2]
  .text              ro code   0x800'3fe8     0x4  startup_stm32f40_41xxx.o [2]
  .text              ro code   0x800'3fec     0x4  startup_stm32f40_41xxx.o [2]
  .text              ro code   0x800'3ff0     0x4  startup_stm32f40_41xxx.o [2]
  .text              ro code   0x800'3ff4     0x4  startup_stm32f40_41xxx.o [2]
  .text              ro code   0x800'3ff8     0x4  startup_stm32f40_41xxx.o [2]
  .text              ro code   0x800'3ffc     0x4  startup_stm32f40_41xxx.o [2]
  .text              ro code   0x800'4000     0x4  startup_stm32f40_41xxx.o [2]
  .text              ro code   0x800'4004     0x4  startup_stm32f40_41xxx.o [2]
  .text              ro code   0x800'4008     0x4  startup_stm32f40_41xxx.o [2]
  .text              ro code   0x800'400c     0x4  startup_stm32f40_41xxx.o [2]
  .text              ro code   0x800'4010     0x4  startup_stm32f40_41xxx.o [2]
  .text              ro code   0x800'4014     0x4  startup_stm32f40_41xxx.o [2]
  .text              ro code   0x800'4018     0x4  startup_stm32f40_41xxx.o [2]
  .text              ro code   0x800'401c     0x4  startup_stm32f40_41xxx.o [2]
  .text              ro code   0x800'4020     0x4  startup_stm32f40_41xxx.o [2]
  .text              ro code   0x800'4024     0x4  startup_stm32f40_41xxx.o [2]
  .text              ro code   0x800'4028     0x4  startup_stm32f40_41xxx.o [2]
  .text              ro code   0x800'402c     0x4  startup_stm32f40_41xxx.o [2]
  .text              ro code   0x800'4030     0x4  startup_stm32f40_41xxx.o [2]
  .text              ro code   0x800'4034     0x4  startup_stm32f40_41xxx.o [2]
  .text              ro code   0x800'4038     0x4  startup_stm32f40_41xxx.o [2]
  .text              ro code   0x800'403c     0x4  startup_stm32f40_41xxx.o [2]
  .text              ro code   0x800'4040     0x4  startup_stm32f40_41xxx.o [2]
  .text              ro code   0x800'4044     0x4  startup_stm32f40_41xxx.o [2]
  .text              ro code   0x800'4048     0x4  startup_stm32f40_41xxx.o [2]
  .text              ro code   0x800'404c     0x4  startup_stm32f40_41xxx.o [2]
  .text              ro code   0x800'4050     0x4  startup_stm32f40_41xxx.o [2]
  .text              ro code   0x800'4054     0x4  startup_stm32f40_41xxx.o [2]
  .text              ro code   0x800'4058     0x4  startup_stm32f40_41xxx.o [2]
  .text              ro code   0x800'405c     0x4  startup_stm32f40_41xxx.o [2]
  .text              ro code   0x800'4060     0x4  startup_stm32f40_41xxx.o [2]
  .text              ro code   0x800'4064     0x4  startup_stm32f40_41xxx.o [2]
  .text              ro code   0x800'4068     0x4  startup_stm32f40_41xxx.o [2]
  .text              ro code   0x800'406c     0x4  startup_stm32f40_41xxx.o [2]
  .text              ro code   0x800'4070     0x4  startup_stm32f40_41xxx.o [2]
  .text              ro code   0x800'4074     0x4  startup_stm32f40_41xxx.o [2]
  .text              ro code   0x800'4078     0x4  startup_stm32f40_41xxx.o [2]
  .text              ro code   0x800'407c     0x4  startup_stm32f40_41xxx.o [2]
  .text              ro code   0x800'4080     0x4  startup_stm32f40_41xxx.o [2]
  .text              ro code   0x800'4084     0x4  startup_stm32f40_41xxx.o [2]
  .text              ro code   0x800'4088     0x4  startup_stm32f40_41xxx.o [2]
  .text              ro code   0x800'408c     0x4  startup_stm32f40_41xxx.o [2]
  .text              ro code   0x800'4090     0x4  startup_stm32f40_41xxx.o [2]
  .text              ro code   0x800'4094     0x4  startup_stm32f40_41xxx.o [2]
  .text              ro code   0x800'4098     0x4  startup_stm32f40_41xxx.o [2]
  .rodata            const     0x800'409c     0x0  zero_init3.o [7]
  .rodata            const     0x800'409c     0x0  lz77_init_single.o [7]
  Initializer bytes  const     0x800'409c    0x54  <for P2-1>
                             - 0x800'40f0  0x3f68

"P2", part 1 of 3:                           0xa8
  P2-1                        0x2000'0000    0xa8  <Init block>
    .data            inited   0x2000'0000    0x14  fnd.o [1]
    .data            inited   0x2000'0014     0x4  fnd.o [1]
    .data            inited   0x2000'0018    0x10  stm32f4xx_rcc.o [4]
    .data            inited   0x2000'0028    0x38  xlocale_c.o [5]
    .data            inited   0x2000'0060    0x48  xlocale_c.o [5]
                            - 0x2000'00a8    0xa8

"P2", part 2 of 3:                           0x9c
  .bss               zero     0x2000'00a8    0x34  uart2.o [1]
  .bss               zero     0x2000'00dc    0x34  uart4.o [1]
  .bss               zero     0x2000'0110     0x4  adc1.o [1]
  .bss               zero     0x2000'0114     0x4  dcmotor.o [1]
  .bss               zero     0x2000'0118     0x4  fnd.o [1]
  .bss               zero     0x2000'011c     0x4  fnd.o [1]
  .bss               zero     0x2000'0120     0x4  fnd.o [1]
  .bss               zero     0x2000'0124     0x4  fnd.o [1]
  .bss               zero     0x2000'0128     0x4  fnd.o [1]
  .bss               zero     0x2000'012c     0x4  key.o [1]
  .bss               zero     0x2000'0130     0x4  uart2.o [1]
  .bss               zero     0x2000'0134     0x4  uart4.o [1]
  .bss               zero     0x2000'0138     0x4  strtok.o [5]
  .bss               zero     0x2000'013c     0x4  xfail_s.o [5]
  .bss               zero     0x2000'0140     0x1  uart2.o [1]
  .bss               zero     0x2000'0141     0x1  uart4.o [1]
                            - 0x2000'0142    0x9a

"P2", part 3 of 3:                         0x2000
  CSTACK                      0x2000'0148  0x2000  <Block>
    CSTACK           uninit   0x2000'0148  0x2000  <Block tail>
                            - 0x2000'2148  0x2000

Unused ranges:

         From           To      Size
         ----           --      ----
   0x800'40f0   0x80f'ffff  0xf'bf10
  0x2000'0144  0x2000'0147       0x4
  0x2000'2148  0x2001'ffff  0x1'deb8


*******************************************************************************
*** INIT TABLE
***

          Address      Size
          -------      ----
Zero (__iar_zero_init3)
    1 destination range, total size 0x9a:
          0x2000'00a8  0x9a

Copy/lz77 (__iar_lz77_init_single3)
    1 source range, total size 0x54 (50% of destination):
           0x800'409c  0x54
    1 destination range, total size 0xa8:
          0x2000'0000  0xa8



*******************************************************************************
*** MODULE SUMMARY
***

    Module                    ro code  ro data  rw data
    ------                    -------  -------  -------
command line/config:
    ---------------------------------------------------
    Total:

C:\Users\USER\Documents\IAR\kcci_m4_project_fnd_TIM7_1ms_dht11_bluetooth\Debug\Obj: [1]
    adc1.o                        248                 4
    dcmotor.o                     400                 4
    dht11.o                       496
    fnd.o                         504       12       44
    key.o                         276                 4
    lcd.o                         562
    main.o                      1'132      316
    uart2.o                       308                57
    uart4.o                       328                57
    ---------------------------------------------------
    Total:                      4'254      328      170

C:\Users\USER\Documents\IAR\kcci_m4_project_fnd_TIM7_1ms_dht11_bluetooth\Debug\Obj\CMSIS: [2]
    startup_stm32f40_41xxx.o      712
    ---------------------------------------------------
    Total:                        712

C:\Users\USER\Documents\IAR\kcci_m4_project_fnd_TIM7_1ms_dht11_bluetooth\Debug\Obj\COMM: [3]
    stm32f4xx_it.o                 18
    system_stm32f4xx.o            292
    ---------------------------------------------------
    Total:                        310

C:\Users\USER\Documents\IAR\kcci_m4_project_fnd_TIM7_1ms_dht11_bluetooth\Debug\Obj\STM32: [4]
    misc.o                        128
    stm32f4xx_adc.o               472
    stm32f4xx_exti.o              168
    stm32f4xx_gpio.o              264
    stm32f4xx_rcc.o               304        8       16
    stm32f4xx_syscfg.o             80
    stm32f4xx_tim.o               588
    stm32f4xx_usart.o             454
    ---------------------------------------------------
    Total:                      2'458        8       16

dl7M_tlf.a: [5]
    abort.o                         6
    exit.o                          4
    iar_Stoulx.o                  334       80
    isspace.o                      20
    low_level_init.o                4
    printf.o                       40
    sprintf.o                      64
    strcspn.o                      34
    strncmp.o                      42
    strspn.o                       34
    strtok.o                       76                 4
    tolower.o                      20
    xfail_s.o                      64                 4
    xlocale_c.o                    60       69      128
    xprintffull_nomb.o          3'786
    xprout.o                       22
    xsprout.o                      10
    ---------------------------------------------------
    Total:                      4'620      149      136

m7M_tls.a: [6]
    DblAddSub.o                   590
    DblCmpGe.o                     52
    DblCmpLe.o                     52
    DblDiv.o                      582
    DblMul.o                      426
    DblToS32.o                     54
    DblToU32.o                     34
    S32ToDbl.o                     34
    U32ToDbl.o                     28
    fpinit_M.o                     34
    frexp.o                       112
    ldexp.o                       314
    ---------------------------------------------------
    Total:                      2'312

rt7M_tl.a: [7]
    ABImemclr4.o                    6
    ABImemcpy.o                   166
    ABImemset.o                   102
    ABImemset48.o                  50
    I64DivMod.o                   560
    I64DivZer.o                     2
    cexit.o                        10
    cmain.o                        30
    cstartup_M.o                   28
    data_init.o                    40
    lz77_init_single.o            126
    memchr.o                       88
    strchr.o                       22
    strcmp.o                       18
    strcpy.o                       24
    strlen.o                       54
    zero_init3.o                   56
    ---------------------------------------------------
    Total:                      1'382

shb_l.a: [8]
    exit.o                         20
    ---------------------------------------------------
    Total:                         20

    Gaps                           35        4
    Linker created                          32    8'192
-------------------------------------------------------
    Grand Total:               16'103      521    8'514


*******************************************************************************
*** ENTRY LIST
***

Entry                       Address   Size  Type      Object
-----                       -------   ----  ----      ------
.iar.init_table$$Base    0x800'3e10          --   Gb  - Linker created -
.iar.init_table$$Limit   0x800'3e30          --   Gb  - Linker created -
?main                    0x800'3e31         Code  Gb  cmain.o [7]
ADC1_init                0x800'297d   0xc8  Code  Gb  adc1.o [1]
ADC_ClearITPendingBit    0x800'2e9b    0xe  Code  Gb  stm32f4xx_adc.o [4]
ADC_Cmd                  0x800'2d39   0x1a  Code  Gb  stm32f4xx_adc.o [4]
ADC_CommonInit           0x800'2d1b   0x1e  Code  Gb  stm32f4xx_adc.o [4]
ADC_GetConversionValue   0x800'2e31    0x6  Code  Gb  stm32f4xx_adc.o [4]
ADC_GetITStatus          0x800'2e6b   0x30  Code  Gb  stm32f4xx_adc.o [4]
ADC_IRQHandler           0x800'2a45   0x24  Code  Gb  adc1.o [1]
ADC_ITConfig             0x800'2e49   0x22  Code  Gb  stm32f4xx_adc.o [4]
ADC_Init                 0x800'2cd1   0x4a  Code  Gb  stm32f4xx_adc.o [4]
ADC_RegularChannelConfig
                         0x800'2d53   0xd4  Code  Gb  stm32f4xx_adc.o [4]
ADC_SoftwareStartConv    0x800'2e27    0xa  Code  Gb  stm32f4xx_adc.o [4]
APBAHBPrescTable        0x2000'0018   0x10  Data  Lc  stm32f4xx_rcc.o [4]
BusFault_Handler         0x800'10ed    0x2  Code  Gb  stm32f4xx_it.o [3]
CAN1_RX0_IRQHandler      0x800'3fb9         Code  Wk  startup_stm32f40_41xxx.o [2]
CAN1_RX1_IRQHandler      0x800'3fbd         Code  Wk  startup_stm32f40_41xxx.o [2]
CAN1_SCE_IRQHandler      0x800'3fc1         Code  Wk  startup_stm32f40_41xxx.o [2]
CAN1_TX_IRQHandler       0x800'3fb5         Code  Wk  startup_stm32f40_41xxx.o [2]
CAN2_RX0_IRQHandler      0x800'4055         Code  Wk  startup_stm32f40_41xxx.o [2]
CAN2_RX1_IRQHandler      0x800'4059         Code  Wk  startup_stm32f40_41xxx.o [2]
CAN2_SCE_IRQHandler      0x800'405d         Code  Wk  startup_stm32f40_41xxx.o [2]
CAN2_TX_IRQHandler       0x800'4051         Code  Wk  startup_stm32f40_41xxx.o [2]
CRYP_IRQHandler          0x800'4091         Code  Wk  startup_stm32f40_41xxx.o [2]
CSTACK$$Base            0x2000'0148          --   Gb  - Linker created -
CSTACK$$Limit           0x2000'2148          --   Gb  - Linker created -
DCMI_IRQHandler          0x800'408d         Code  Wk  startup_stm32f40_41xxx.o [2]
DHT11_Read               0x800'2f09  0x142  Code  Gb  dht11.o [1]
DHT11_init               0x800'2ea9   0x60  Code  Gb  dht11.o [1]
DMA1_Stream0_IRQHandler
                         0x800'3f99         Code  Wk  startup_stm32f40_41xxx.o [2]
DMA1_Stream1_IRQHandler
                         0x800'3f9d         Code  Wk  startup_stm32f40_41xxx.o [2]
DMA1_Stream2_IRQHandler
                         0x800'3fa1         Code  Wk  startup_stm32f40_41xxx.o [2]
DMA1_Stream3_IRQHandler
                         0x800'3fa5         Code  Wk  startup_stm32f40_41xxx.o [2]
DMA1_Stream4_IRQHandler
                         0x800'3fa9         Code  Wk  startup_stm32f40_41xxx.o [2]
DMA1_Stream5_IRQHandler
                         0x800'3fad         Code  Wk  startup_stm32f40_41xxx.o [2]
DMA1_Stream6_IRQHandler
                         0x800'3fb1         Code  Wk  startup_stm32f40_41xxx.o [2]
DMA1_Stream7_IRQHandler
                         0x800'4019         Code  Wk  startup_stm32f40_41xxx.o [2]
DMA2_Stream0_IRQHandler
                         0x800'4035         Code  Wk  startup_stm32f40_41xxx.o [2]
DMA2_Stream1_IRQHandler
                         0x800'4039         Code  Wk  startup_stm32f40_41xxx.o [2]
DMA2_Stream2_IRQHandler
                         0x800'403d         Code  Wk  startup_stm32f40_41xxx.o [2]
DMA2_Stream3_IRQHandler
                         0x800'4041         Code  Wk  startup_stm32f40_41xxx.o [2]
DMA2_Stream4_IRQHandler
                         0x800'4045         Code  Wk  startup_stm32f40_41xxx.o [2]
DMA2_Stream5_IRQHandler
                         0x800'4065         Code  Wk  startup_stm32f40_41xxx.o [2]
DMA2_Stream6_IRQHandler
                         0x800'4069         Code  Wk  startup_stm32f40_41xxx.o [2]
DMA2_Stream7_IRQHandler
                         0x800'406d         Code  Wk  startup_stm32f40_41xxx.o [2]
DebugMon_Handler         0x800'10f3    0x2  Code  Gb  stm32f4xx_it.o [3]
Delay                    0x800'305d   0x20  Code  Lc  dht11.o [1]
Delay                    0x800'2a75   0x20  Code  Lc  lcd.o [1]
Delay_us                 0x800'307d   0x1c  Code  Lc  dht11.o [1]
Delay_us                 0x800'2a95   0x1c  Code  Lc  lcd.o [1]
ETH_IRQHandler           0x800'4049         Code  Wk  startup_stm32f40_41xxx.o [2]
ETH_WKUP_IRQHandler      0x800'404d         Code  Wk  startup_stm32f40_41xxx.o [2]
EXTI0_IRQHandler         0x800'3f85         Code  Wk  startup_stm32f40_41xxx.o [2]
EXTI15_10_IRQHandler     0x800'2779   0x6c  Code  Gb  key.o [1]
EXTI1_IRQHandler         0x800'3f89         Code  Wk  startup_stm32f40_41xxx.o [2]
EXTI2_IRQHandler         0x800'3f8d         Code  Wk  startup_stm32f40_41xxx.o [2]
EXTI3_IRQHandler         0x800'3f91         Code  Wk  startup_stm32f40_41xxx.o [2]
EXTI4_IRQHandler         0x800'3f95         Code  Wk  startup_stm32f40_41xxx.o [2]
EXTI9_5_IRQHandler       0x800'3fc5         Code  Wk  startup_stm32f40_41xxx.o [2]
EXTI_ClearITPendingBit   0x800'3ae5    0x6  Code  Gb  stm32f4xx_exti.o [4]
EXTI_GetITStatus         0x800'3ad1   0x14  Code  Gb  stm32f4xx_exti.o [4]
EXTI_Init                0x800'3a59   0x78  Code  Gb  stm32f4xx_exti.o [4]
E_Pulse                  0x800'2aef   0x1c  Code  Gb  lcd.o [1]
FLASH_IRQHandler         0x800'3f7d         Code  Wk  startup_stm32f40_41xxx.o [2]
FND_init                 0x800'2265   0x3a  Code  Gb  fnd.o [1]
FPU_IRQHandler           0x800'4099         Code  Wk  startup_stm32f40_41xxx.o [2]
FSMC_IRQHandler          0x800'401d         Code  Wk  startup_stm32f40_41xxx.o [2]
Font                    0x2000'0000   0x14  Data  Gb  fnd.o [1]
Func_Set                 0x800'2b0b   0x24  Code  Gb  lcd.o [1]
GPIO_Init                0x800'333d   0x90  Code  Gb  stm32f4xx_gpio.o [4]
GPIO_PinAFConfig         0x800'33f5   0x50  Code  Gb  stm32f4xx_gpio.o [4]
GPIO_ReadInputData       0x800'33e1    0x6  Code  Gb  stm32f4xx_gpio.o [4]
GPIO_ReadInputDataBit    0x800'33cd   0x14  Code  Gb  stm32f4xx_gpio.o [4]
GPIO_ResetBits           0x800'33eb    0x4  Code  Gb  stm32f4xx_gpio.o [4]
GPIO_SetBits             0x800'33e7    0x4  Code  Gb  stm32f4xx_gpio.o [4]
GPIO_Write               0x800'33ef    0x6  Code  Gb  stm32f4xx_gpio.o [4]
HASH_RNG_IRQHandler      0x800'4095         Code  Wk  startup_stm32f40_41xxx.o [2]
HardFault_Handler        0x800'10e9    0x2  Code  Gb  stm32f4xx_it.o [3]
I2C1_ER_IRQHandler       0x800'3fe5         Code  Wk  startup_stm32f40_41xxx.o [2]
I2C1_EV_IRQHandler       0x800'3fe1         Code  Wk  startup_stm32f40_41xxx.o [2]
I2C2_ER_IRQHandler       0x800'3fed         Code  Wk  startup_stm32f40_41xxx.o [2]
I2C2_EV_IRQHandler       0x800'3fe9         Code  Wk  startup_stm32f40_41xxx.o [2]
I2C3_ER_IRQHandler       0x800'4079         Code  Wk  startup_stm32f40_41xxx.o [2]
I2C3_EV_IRQHandler       0x800'4075         Code  Wk  startup_stm32f40_41xxx.o [2]
KEY_init                 0x800'26d9   0xa0  Code  Gb  key.o [1]
LCD_init                 0x800'2b2f   0x56  Code  Gb  lcd.o [1]
MORTOR_init              0x800'2971    0xc  Code  Gb  dcmotor.o [1]
MemManage_Handler        0x800'10eb    0x2  Code  Gb  stm32f4xx_it.o [3]
Motor_Left               0x800'2149   0x1a  Code  Gb  main.o [1]
Motor_Pwm                0x800'2197   0x24  Code  Gb  main.o [1]
Motor_Right              0x800'2163   0x1a  Code  Gb  main.o [1]
Motor_Stop               0x800'217d   0x1a  Code  Gb  main.o [1]
NMI_Handler              0x800'10e7    0x2  Code  Gb  stm32f4xx_it.o [3]
NVIC_Init                0x800'37cb   0x62  Code  Gb  misc.o [4]
NVIC_PriorityGroupConfig
                         0x800'37c1    0xa  Code  Gb  misc.o [4]
OTG_FS_IRQHandler        0x800'4061         Code  Wk  startup_stm32f40_41xxx.o [2]
OTG_FS_WKUP_IRQHandler   0x800'4005         Code  Wk  startup_stm32f40_41xxx.o [2]
OTG_HS_EP1_IN_IRQHandler
                         0x800'4081         Code  Wk  startup_stm32f40_41xxx.o [2]
OTG_HS_EP1_OUT_IRQHandler
                         0x800'407d         Code  Wk  startup_stm32f40_41xxx.o [2]
OTG_HS_IRQHandler        0x800'4089         Code  Wk  startup_stm32f40_41xxx.o [2]
OTG_HS_WKUP_IRQHandler   0x800'4085         Code  Wk  startup_stm32f40_41xxx.o [2]
PVD_IRQHandler           0x800'3f71         Code  Wk  startup_stm32f40_41xxx.o [2]
PendSV_Handler           0x800'10f5    0x2  Code  Gb  stm32f4xx_it.o [3]
Port_Init                0x800'2ab1   0x3e  Code  Gb  lcd.o [1]
RCC_AHB1PeriphClockCmd   0x800'374d   0x1c  Code  Gb  stm32f4xx_rcc.o [4]
RCC_APB1PeriphClockCmd   0x800'3769   0x1c  Code  Gb  stm32f4xx_rcc.o [4]
RCC_APB2PeriphClockCmd   0x800'3785   0x1c  Code  Gb  stm32f4xx_rcc.o [4]
RCC_GetClocksFreq        0x800'3691   0xbc  Code  Gb  stm32f4xx_rcc.o [4]
RCC_IRQHandler           0x800'3f81         Code  Wk  startup_stm32f40_41xxx.o [2]
RTC_Alarm_IRQHandler     0x800'4001         Code  Wk  startup_stm32f40_41xxx.o [2]
RTC_WKUP_IRQHandler      0x800'3f79         Code  Wk  startup_stm32f40_41xxx.o [2]
Region$$Table$$Base      0x800'3e10          --   Gb  - Linker created -
Region$$Table$$Limit     0x800'3e30          --   Gb  - Linker created -
Reset_Handler            0x800'3f1d         Code  Wk  startup_stm32f40_41xxx.o [2]
SDIO_IRQHandler          0x800'4021         Code  Wk  startup_stm32f40_41xxx.o [2]
SPI1_IRQHandler          0x800'3ff1         Code  Wk  startup_stm32f40_41xxx.o [2]
SPI2_IRQHandler          0x800'3ff5         Code  Wk  startup_stm32f40_41xxx.o [2]
SPI3_IRQHandler          0x800'4029         Code  Wk  startup_stm32f40_41xxx.o [2]
SVC_Handler              0x800'10f1    0x2  Code  Gb  stm32f4xx_it.o [3]
SYSCFG_EXTILineConfig    0x800'3a09   0x4c  Code  Gb  stm32f4xx_syscfg.o [4]
Serial4_Send             0x800'264d   0x1e  Code  Gb  uart4.o [1]
Serial4_Send_String      0x800'266b   0x16  Code  Gb  uart4.o [1]
SetSysClock              0x800'3be7   0xaa  Code  Lc  system_stm32f4xx.o [3]
SysTick_Handler          0x800'10f7    0x2  Code  Gb  stm32f4xx_it.o [3]
SystemInit               0x800'3ba1   0x46  Code  Gb  system_stm32f4xx.o [3]
TAMP_STAMP_IRQHandler    0x800'3f75         Code  Wk  startup_stm32f40_41xxx.o [2]
TI1_Config               0x800'3623   0x34  Code  Lc  stm32f4xx_tim.o [4]
TI2_Config               0x800'3657   0x3a  Code  Lc  stm32f4xx_tim.o [4]
TIM10_init               0x800'27ed   0xbe  Code  Gb  dcmotor.o [1]
TIM1_BRK_TIM9_IRQHandler
                         0x800'3fc9         Code  Wk  startup_stm32f40_41xxx.o [2]
TIM1_CC_IRQHandler       0x800'3fd5         Code  Wk  startup_stm32f40_41xxx.o [2]
TIM1_TRG_COM_TIM11_IRQHandler
                         0x800'3fd1         Code  Wk  startup_stm32f40_41xxx.o [2]
TIM1_UP_TIM10_IRQHandler
                         0x800'3fcd         Code  Wk  startup_stm32f40_41xxx.o [2]
TIM2_IRQHandler          0x800'3fd9         Code  Wk  startup_stm32f40_41xxx.o [2]
TIM3_IRQHandler          0x800'3fdd         Code  Wk  startup_stm32f40_41xxx.o [2]
TIM4_IRQHandler          0x800'293d   0x22  Code  Gb  dcmotor.o [1]
TIM4_init                0x800'28ab   0x92  Code  Gb  dcmotor.o [1]
TIM5_IRQHandler          0x800'4025         Code  Wk  startup_stm32f40_41xxx.o [2]
TIM6_DAC_IRQHandler      0x800'4031         Code  Wk  startup_stm32f40_41xxx.o [2]
TIM7_IRQHandler          0x800'230d   0x5a  Code  Gb  fnd.o [1]
TIM7_IRQHandler::digit  0x2000'0128    0x4  Data  Lc  fnd.o [1]
TIM7_init                0x800'229f   0x6e  Code  Gb  fnd.o [1]
TIM8_BRK_TIM12_IRQHandler
                         0x800'4009         Code  Wk  startup_stm32f40_41xxx.o [2]
TIM8_CC_IRQHandler       0x800'4015         Code  Wk  startup_stm32f40_41xxx.o [2]
TIM8_TRG_COM_TIM14_IRQHandler
                         0x800'4011         Code  Wk  startup_stm32f40_41xxx.o [2]
TIM8_UP_TIM13_IRQHandler
                         0x800'400d         Code  Wk  startup_stm32f40_41xxx.o [2]
TIM_ARRPreloadConfig     0x800'34af   0x1c  Code  Gb  stm32f4xx_tim.o [4]
TIM_ClearITPendingBit    0x800'35cd    0x8  Code  Gb  stm32f4xx_tim.o [4]
TIM_Cmd                  0x800'34cb   0x1c  Code  Gb  stm32f4xx_tim.o [4]
TIM_GetITStatus          0x800'35a9   0x24  Code  Gb  stm32f4xx_tim.o [4]
TIM_ITConfig             0x800'3591   0x18  Code  Gb  stm32f4xx_tim.o [4]
TIM_OC1Init              0x800'34e7   0x78  Code  Gb  stm32f4xx_tim.o [4]
TIM_OC1PreloadConfig     0x800'3581   0x10  Code  Gb  stm32f4xx_tim.o [4]
TIM_SelectInputTrigger   0x800'3613   0x10  Code  Gb  stm32f4xx_tim.o [4]
TIM_SetCompare1          0x800'357d    0x4  Code  Gb  stm32f4xx_tim.o [4]
TIM_TIxExternalClockConfig
                         0x800'35d5   0x3e  Code  Gb  stm32f4xx_tim.o [4]
TIM_TimeBaseInit         0x800'3445   0x6a  Code  Gb  stm32f4xx_tim.o [4]
UART2_init               0x800'245d   0xbc  Code  Gb  uart2.o [1]
UART4_IRQHandler         0x800'2681   0x42  Code  Gb  uart4.o [1]
UART4_IRQHandler{1}{2}::i
                        0x2000'0134    0x4  Data  Lc  uart4.o [1]
UART4_init               0x800'2591   0xbc  Code  Gb  uart4.o [1]
UART5_IRQHandler         0x800'402d         Code  Wk  startup_stm32f40_41xxx.o [2]
USART1_IRQHandler        0x800'3ff9         Code  Wk  startup_stm32f40_41xxx.o [2]
USART2_IRQHandler        0x800'253b   0x42  Code  Gb  uart2.o [1]
USART2_IRQHandler{1}{2}::i
                        0x2000'0130    0x4  Data  Lc  uart2.o [1]
USART3_IRQHandler        0x800'3ffd         Code  Wk  startup_stm32f40_41xxx.o [2]
USART6_IRQHandler        0x800'4071         Code  Wk  startup_stm32f40_41xxx.o [2]
USART_Cmd                0x800'3909   0x1c  Code  Gb  stm32f4xx_usart.o [4]
USART_GetFlagStatus      0x800'3989   0x1a  Code  Gb  stm32f4xx_usart.o [4]
USART_GetITStatus        0x800'39a3   0x64  Code  Gb  stm32f4xx_usart.o [4]
USART_ITConfig           0x800'3935   0x54  Code  Gb  stm32f4xx_usart.o [4]
USART_Init               0x800'3841   0xba  Code  Gb  stm32f4xx_usart.o [4]
USART_ReceiveData        0x800'392d    0x8  Code  Gb  stm32f4xx_usart.o [4]
USART_SendData           0x800'3925    0x8  Code  Gb  stm32f4xx_usart.o [4]
UsageFault_Handler       0x800'10ef    0x2  Code  Gb  stm32f4xx_it.o [3]
WWDG_IRQHandler          0x800'3f6d         Code  Wk  startup_stm32f40_41xxx.o [2]
_LC                      0x800'0189    0x6  Code  Lc  xprintffull_nomb.o [5]
_LitobFullNoMb           0x800'0e71  0x114  Code  Lc  xprintffull_nomb.o [5]
_LocaleC_isspace         0x800'1b79   0x14  Code  Gb  xlocale_c.o [5]
_LocaleC_isupper         0x800'1b6d    0x2  Code  Gb  xlocale_c.o [5]
_LocaleC_tolower         0x800'1b8d    0xc  Code  Gb  xlocale_c.o [5]
_Locale_lconv           0x2000'0028   0x38  Data  Lc  xlocale_c.o [5]
_PrintfFullNoMb          0x800'018f  0xcb4  Code  Gb  xprintffull_nomb.o [5]
_Prout                   0x800'3e81   0x16  Code  Gb  xprout.o [5]
_PutcharsFullNoMb        0x800'0fdd   0x2e  Code  Lc  xprintffull_nomb.o [5]
_SProut                  0x800'116f    0xa  Code  Gb  xsprout.o [5]
_Strtok_ssave           0x2000'0138    0x4  Data  Lc  strtok.o [5]
__aeabi_cdcmple          0x800'12e9         Code  Gb  DblCmpLe.o [6]
__aeabi_cdrcmple         0x800'131d         Code  Gb  DblCmpGe.o [6]
__aeabi_d2iz             0x800'148d         Code  Gb  DblToS32.o [6]
__aeabi_d2uiz            0x800'1981         Code  Gb  DblToU32.o [6]
__aeabi_ddiv             0x800'1739         Code  Gb  DblDiv.o [6]
__aeabi_dmul             0x800'19c1         Code  Gb  DblMul.o [6]
__aeabi_dsub             0x800'1655         Code  Gb  DblAddSub.o [6]
__aeabi_i2d              0x800'14c5         Code  Gb  S32ToDbl.o [6]
__aeabi_ldiv0            0x800'1de1         Code  Gb  I64DivZer.o [7]
__aeabi_memclr4          0x800'31e9         Code  Gb  ABImemclr4.o [7]
__aeabi_memcpy           0x800'11d1         Code  Gb  ABImemcpy.o [7]
__aeabi_memcpy4          0x800'11f1         Code  Gb  ABImemcpy.o [7]
__aeabi_memcpy8          0x800'11f1         Code  Gb  ABImemcpy.o [7]
__aeabi_memset           0x800'31f1         Code  Gb  ABImemset.o [7]
__aeabi_ui2d             0x800'19a5         Code  Gb  U32ToDbl.o [6]
__aeabi_uldivmod         0x800'1ba9         Code  Gb  I64DivMod.o [7]
__cmain                  0x800'3e31         Code  Gb  cmain.o [7]
__exit                   0x800'1de5   0x14  Code  Gb  exit.o [8]
__iar_Fail_s             0x800'10f9   0x1c  Code  Gb  xfail_s.o [5]
__iar_Memchr             0x800'1179         Code  Gb  memchr.o [7]
__iar_Memset             0x800'31f1         Code  Gb  ABImemset.o [7]
__iar_Memset4_word       0x800'3b29         Code  Gb  ABImemset48.o [7]
__iar_Memset8_word       0x800'3b29         Code  Gb  ABImemset48.o [7]
__iar_Memset_word        0x800'31f9         Code  Gb  ABImemset.o [7]
__iar_Stoul              0x800'31d9    0x2  Code  Gb  iar_Stoulx.o [5]
__iar_Stoulx             0x800'3099  0x13a  Code  Gb  iar_Stoulx.o [5]
__iar_Strchr             0x800'10d1         Code  Gb  strchr.o [7]
__iar_data_init3         0x800'3dc5   0x28  Code  Gb  data_init.o [7]
__iar_frexp              0x800'1285         Code  Gb  frexp.o [6]
__iar_frexpl             0x800'1285         Code  Gb  frexp.o [6]
__iar_globLocale        0x2000'0060   0x48  Data  Lc  xlocale_c.o [5]
__iar_global_Locale      0x800'1b99    0x4  Code  Gb  xlocale_c.o [5]
__iar_init_vfp           0x800'3ded         Code  Gb  fpinit_M.o [6]
__iar_ldexp64            0x800'1351         Code  Gb  ldexp.o [6]
__iar_lz77_init_single3
                         0x800'1053   0x7e  Code  Gb  lz77_init_single.o [7]
__iar_program_start      0x800'3e65         Code  Gb  cstartup_M.o [7]
__iar_scalbln64          0x800'1351         Code  Gb  ldexp.o [6]
__iar_scalbn64           0x800'1351         Code  Gb  ldexp.o [6]
__iar_softfp___iar_frexp64
                         0x800'1279         Code  Gb  frexp.o [6]
__iar_softfp_frexp       0x800'1279         Code  Gb  frexp.o [6]
__iar_softfp_frexpl      0x800'1279         Code  Gb  frexp.o [6]
__iar_zero_init3         0x800'3d65   0x38  Code  Gb  zero_init3.o [7]
__low_level_init         0x800'3e4f    0x4  Code  Gb  low_level_init.o [5]
__vector_table           0x800'0000         Data  Gb  startup_stm32f40_41xxx.o [2]
_call_main               0x800'3e3d         Code  Gb  cmain.o [7]
_exit                    0x800'3e59         Code  Gb  cexit.o [7]
abort                    0x800'1dd9    0x6  Code  Gb  abort.o [5]
adc1Flag                0x2000'0110    0x4  Data  Gb  adc1.o [1]
arrayNum                0x2000'0124    0x4  Data  Gb  fnd.o [1]
atoi                     0x800'31db    0x2  Code  Gb  iar_Stoulx.o [5]
bluetooth_Event          0x800'1ff1  0x158  Code  Gb  main.o [1]
clrscr                   0x800'2c57   0x28  Code  Gb  lcd.o [1]
digits                   0x800'3d3c   0x28  Data  Lc  iar_Stoulx.o [5]
disp_ON_OFF              0x800'2bf3   0x64  Code  Gb  lcd.o [1]
display_digit            0x800'2367   0x5c  Code  Gb  fnd.o [1]
display_fnd              0x800'23c3   0x50  Code  Gb  fnd.o [1]
display_onoff            0x800'2413   0x24  Code  Gb  fnd.o [1]
exit                     0x800'3e53    0x4  Code  Gb  exit.o [5]
fndFlag                 0x2000'0014    0x4  Data  Gb  fnd.o [1]
isspace                  0x800'3b01   0x14  Code  Gb  isspace.o [5]
key                     0x2000'012c    0x4  Data  Gb  key.o [1]
lcd                      0x800'2c89   0x1e  Code  Gb  lcd.o [1]
lcd_char                 0x800'2b85   0x20  Code  Gb  lcd.o [1]
lcd_disp                 0x800'2ba5   0x4e  Code  Gb  lcd.o [1]
ldexp                    0x800'1351         Code  Gb  ldexp.o [6]
ldexpl                   0x800'1351         Code  Gb  ldexp.o [6]
localeconv               0x800'1b9d    0x4  Code  Gb  xlocale_c.o [5]
m_cnt                   0x2000'011c    0x4  Data  Gb  fnd.o [1]
m_cntFlag               0x2000'0120    0x4  Data  Gb  fnd.o [1]
main                     0x800'1df9  0x1f8  Code  Gb  main.o [1]
map                      0x800'224d   0x18  Code  Gb  main.o [1]
memchr                   0x800'1179         Code  Gb  memchr.o [7]
ndigs                    0x800'3d14   0x28  Data  Lc  iar_Stoulx.o [5]
printf                   0x800'2ca9   0x28  Code  Gb  printf.o [5]
putchar                  0x800'2519   0x22  Code  Gb  uart2.o [1]
rx2Data                 0x2000'00a8   0x34  Data  Gb  uart2.o [1]
rx2Flag                 0x2000'0140    0x1  Data  Gb  uart2.o [1]
rx4Data                 0x2000'00dc   0x34  Data  Gb  uart4.o [1]
rx4Flag                 0x2000'0141    0x1  Data  Gb  uart4.o [1]
scalbln                  0x800'1351         Code  Gb  ldexp.o [6]
scalblnl                 0x800'1351         Code  Gb  ldexp.o [6]
scalbn                   0x800'1351         Code  Gb  ldexp.o [6]
scalbnl                  0x800'1351         Code  Gb  ldexp.o [6]
scale                    0x800'0f85   0x46  Code  Lc  xprintffull_nomb.o [5]
sec_hand                0x2000'013c    0x4  Data  Lc  xfail_s.o [5]
sprintf                  0x800'32d1   0x40  Code  Gb  sprintf.o [5]
strchr                   0x800'10d1         Code  Gb  strchr.o [7]
strcmp                   0x800'32bd         Code  Gb  strcmp.o [7]
strcpy                   0x800'3259         Code  Gb  strcpy.o [7]
strcspn                  0x800'3b7d   0x22  Code  Gb  strcspn.o [5]
strlen                   0x800'1139         Code  Gb  strlen.o [7]
strncmp                  0x800'3311   0x2a  Code  Gb  strncmp.o [5]
strspn                   0x800'3b5b   0x22  Code  Gb  strspn.o [5]
strtok                   0x800'3271   0x4c  Code  Gb  strtok.o [5]
t_cnt                   0x2000'0118    0x4  Data  Gb  fnd.o [1]
tim4_counter            0x2000'0114    0x4  Data  Gb  dcmotor.o [1]
tolower                  0x800'3b15   0x14  Code  Gb  tolower.o [5]


[1] = C:\Users\USER\Documents\IAR\kcci_m4_project_fnd_TIM7_1ms_dht11_bluetooth\Debug\Obj
[2] = C:\Users\USER\Documents\IAR\kcci_m4_project_fnd_TIM7_1ms_dht11_bluetooth\Debug\Obj\CMSIS
[3] = C:\Users\USER\Documents\IAR\kcci_m4_project_fnd_TIM7_1ms_dht11_bluetooth\Debug\Obj\COMM
[4] = C:\Users\USER\Documents\IAR\kcci_m4_project_fnd_TIM7_1ms_dht11_bluetooth\Debug\Obj\STM32
[5] = dl7M_tlf.a
[6] = m7M_tls.a
[7] = rt7M_tl.a
[8] = shb_l.a

  16'103 bytes of readonly  code memory
     521 bytes of readonly  data memory
   8'514 bytes of readwrite data memory

Errors: none
Warnings: none
