###############################################################################
#
# IAR ELF Linker V9.32.1.338/W64 for ARM                  12/Apr/2024  09:22:33
# Copyright 2007-2022 IAR Systems AB.
#
#    Output file  =
#        C:\Users\USER\Documents\IAR\12-1_uart2_pa2_pa3_timer10_pwm_dcmotor\Debug\Exe\12-1.out
#    Map file     =
#        C:\Users\USER\Documents\IAR\12-1_uart2_pa2_pa3_timer10_pwm_dcmotor\Debug\List\12-1.map
#    Command line =
#        -f
#        C:\Users\USER\Documents\IAR\12-1_uart2_pa2_pa3_timer10_pwm_dcmotor\Debug\Exe\12-1.out.rsp
#        (C:\Users\USER\Documents\IAR\12-1_uart2_pa2_pa3_timer10_pwm_dcmotor\Debug\Obj\key.o
#        C:\Users\USER\Documents\IAR\12-1_uart2_pa2_pa3_timer10_pwm_dcmotor\Debug\Obj\main.o
#        C:\Users\USER\Documents\IAR\12-1_uart2_pa2_pa3_timer10_pwm_dcmotor\Debug\Obj\STM32\misc.o
#        C:\Users\USER\Documents\IAR\12-1_uart2_pa2_pa3_timer10_pwm_dcmotor\Debug\Obj\CMSIS\startup_stm32f40_41xxx.o
#        C:\Users\USER\Documents\IAR\12-1_uart2_pa2_pa3_timer10_pwm_dcmotor\Debug\Obj\STM32\stm32f4xx_exti.o
#        C:\Users\USER\Documents\IAR\12-1_uart2_pa2_pa3_timer10_pwm_dcmotor\Debug\Obj\STM32\stm32f4xx_gpio.o
#        C:\Users\USER\Documents\IAR\12-1_uart2_pa2_pa3_timer10_pwm_dcmotor\Debug\Obj\COMM\stm32f4xx_it.o
#        C:\Users\USER\Documents\IAR\12-1_uart2_pa2_pa3_timer10_pwm_dcmotor\Debug\Obj\STM32\stm32f4xx_rcc.o
#        C:\Users\USER\Documents\IAR\12-1_uart2_pa2_pa3_timer10_pwm_dcmotor\Debug\Obj\STM32\stm32f4xx_syscfg.o
#        C:\Users\USER\Documents\IAR\12-1_uart2_pa2_pa3_timer10_pwm_dcmotor\Debug\Obj\STM32\stm32f4xx_tim.o
#        C:\Users\USER\Documents\IAR\12-1_uart2_pa2_pa3_timer10_pwm_dcmotor\Debug\Obj\STM32\stm32f4xx_usart.o
#        C:\Users\USER\Documents\IAR\12-1_uart2_pa2_pa3_timer10_pwm_dcmotor\Debug\Obj\COMM\system_stm32f4xx.o
#        C:\Users\USER\Documents\IAR\12-1_uart2_pa2_pa3_timer10_pwm_dcmotor\Debug\Obj\uart2.o
#        --no_out_extension -o
#        C:\Users\USER\Documents\IAR\12-1_uart2_pa2_pa3_timer10_pwm_dcmotor\Debug\Exe\12-1.out
#        --redirect _Printf=_PrintfFullNoMb --redirect _Scanf=_ScanfFullNoMb
#        --map
#        C:\Users\USER\Documents\IAR\12-1_uart2_pa2_pa3_timer10_pwm_dcmotor\Debug\List\12-1.map
#        --config
#        C:\Users\USER\Documents\IAR\12-1_uart2_pa2_pa3_timer10_pwm_dcmotor\stm32f405xG.icf
#        --semihosting --entry __iar_program_start --vfe --text_out locale
#        --cpu=Cortex-M4 --fpu=VFPv4_sp)
#
###############################################################################

*******************************************************************************
*** RUNTIME MODEL ATTRIBUTES
***

CppFlavor       = *
__CPP_Runtime   = 1
__SystemLibrary = DLib
__dlib_version  = 6


*******************************************************************************
*** HEAP SELECTION
***

The basic heap was selected because --advanced_heap
was not specified and the application did not appear to
be primarily optimized for speed.


*******************************************************************************
*** PLACEMENT SUMMARY
***

"A0":  place at address 0x800'0000 { ro section .intvec };
"P1":  place in [from 0x800'0000 to 0x80f'ffff] { ro };
define block CSTACK with size = 8K, alignment = 8 { };
define block HEAP with size = 8K, alignment = 8 { };
"P2":  place in [from 0x2000'0000 to 0x2001'ffff] {
          rw, block CSTACK, block HEAP };
initialize by copy { rw };

No sections matched the following patterns:

  section .sram  in "P3"


  Section            Kind         Address    Size  Object
  -------            ----         -------    ----  ------
"A0":                                       0x188
  .intvec            ro code   0x800'0000   0x188  startup_stm32f40_41xxx.o [2]
                             - 0x800'0188   0x188

"P1":                                      0x2df8
  .text              ro code   0x800'0188   0xeca  xprintffull_nomb.o [5]
  .text              ro code   0x800'1052    0x2a  copy_init3.o [7]
  .text              ro code   0x800'107c    0x16  strchr.o [7]
  .text              ro code   0x800'1092    0x12  stm32f4xx_it.o [3]
  .text              ro code   0x800'10a4    0x40  xfail_s.o [5]
  .text              ro code   0x800'10e4    0x36  strlen.o [7]
  .rodata            const     0x800'111a     0x2  xlocale_c.o [5]
  .text              ro code   0x800'111c    0x58  memchr.o [7]
  .text              ro code   0x800'1174    0xa6  ABImemcpy.o [7]
  .rodata            const     0x800'121a     0x1  xlocale_c.o [5]
  .text              ro code   0x800'121c    0x70  frexp.o [6]
  .text              ro code   0x800'128c    0x34  DblCmpLe.o [6]
  .text              ro code   0x800'12c0    0x34  DblCmpGe.o [6]
  .text              ro code   0x800'12f4   0x13a  ldexp.o [6]
  .text              ro code   0x800'1430    0x36  DblToS32.o [6]
  .text              ro code   0x800'1468    0x22  S32ToDbl.o [6]
  .text              ro code   0x800'148c   0x24e  DblAddSub.o [6]
  .text              ro code   0x800'16dc   0x246  DblDiv.o [6]
  .text              ro code   0x800'1924    0x22  DblToU32.o [6]
  .text              ro code   0x800'1948    0x1c  U32ToDbl.o [6]
  .text              ro code   0x800'1964   0x1aa  DblMul.o [6]
  .text              ro code   0x800'1b10     0x8  xlocale_c.o [5]
  .text              ro code   0x800'1b18   0x230  I64DivMod.o [7]
  .text              ro code   0x800'1d48     0x6  abort.o [5]
  .text              ro code   0x800'1d50     0x2  I64DivZer.o [7]
  .text              ro code   0x800'1d54    0x14  exit.o [8]
  .text              ro code   0x800'1d68   0x3c0  main.o [1]
  .text              ro code   0x800'2128   0x24c  stm32f4xx_tim.o [4]
  .text              ro code   0x800'2374   0x130  stm32f4xx_rcc.o [4]
  .text              ro code   0x800'24a4    0xe8  stm32f4xx_gpio.o [4]
  .text              ro code   0x800'258c    0x80  misc.o [4]
  .text              ro code   0x800'260c   0x114  key.o [1]
  .text              ro code   0x800'2720   0x134  uart2.o [1]
  .text              ro code   0x800'2854    0x28  printf.o [5]
  .text              ro code   0x800'287c    0x50  stm32f4xx_syscfg.o [4]
  .text              ro code   0x800'28cc    0xa8  stm32f4xx_exti.o [4]
  .text              ro code   0x800'2974   0x1c6  stm32f4xx_usart.o [4]
  .text              ro code   0x800'2b3c   0x124  system_stm32f4xx.o [3]
  Initializer bytes  const     0x800'2c60    0x48  <for P2-1>
  .text              ro code   0x800'2ca8    0x38  zero_init3.o [7]
  .text              ro code   0x800'2ce0    0x28  data_init.o [7]
  .text              ro code   0x800'2d08    0x22  fpinit_M.o [6]
  .iar.init_table    const     0x800'2d2c    0x24  - Linker created -
  .text              ro code   0x800'2d50    0x1e  cmain.o [7]
  .text              ro code   0x800'2d6e     0x4  low_level_init.o [5]
  .text              ro code   0x800'2d72     0x4  exit.o [5]
  .text              ro code   0x800'2d78     0xa  cexit.o [7]
  .rodata            const     0x800'2d84    0x1c  main.o [1]
  .text              ro code   0x800'2da0    0x1c  cstartup_M.o [7]
  .text              ro code   0x800'2dbc    0x16  xprout.o [5]
  .rodata            const     0x800'2dd4    0x14  main.o [1]
  .rodata            const     0x800'2de8    0x14  main.o [1]
  .rodata            const     0x800'2dfc    0x10  main.o [1]
  .rodata            const     0x800'2e0c    0x10  main.o [1]
  .rodata            const     0x800'2e1c    0x10  main.o [1]
  .text              ro code   0x800'2e2c    0x10  startup_stm32f40_41xxx.o [2]
  .rodata            const     0x800'2e3c     0xc  main.o [1]
  .text              ro code   0x800'2e48     0x4  startup_stm32f40_41xxx.o [2]
  .text              ro code   0x800'2e4c     0x4  startup_stm32f40_41xxx.o [2]
  .text              ro code   0x800'2e50     0x4  startup_stm32f40_41xxx.o [2]
  .text              ro code   0x800'2e54     0x4  startup_stm32f40_41xxx.o [2]
  .text              ro code   0x800'2e58     0x4  startup_stm32f40_41xxx.o [2]
  .text              ro code   0x800'2e5c     0x4  startup_stm32f40_41xxx.o [2]
  .text              ro code   0x800'2e60     0x4  startup_stm32f40_41xxx.o [2]
  .text              ro code   0x800'2e64     0x4  startup_stm32f40_41xxx.o [2]
  .text              ro code   0x800'2e68     0x4  startup_stm32f40_41xxx.o [2]
  .text              ro code   0x800'2e6c     0x4  startup_stm32f40_41xxx.o [2]
  .text              ro code   0x800'2e70     0x4  startup_stm32f40_41xxx.o [2]
  .text              ro code   0x800'2e74     0x4  startup_stm32f40_41xxx.o [2]
  .text              ro code   0x800'2e78     0x4  startup_stm32f40_41xxx.o [2]
  .text              ro code   0x800'2e7c     0x4  startup_stm32f40_41xxx.o [2]
  .text              ro code   0x800'2e80     0x4  startup_stm32f40_41xxx.o [2]
  .text              ro code   0x800'2e84     0x4  startup_stm32f40_41xxx.o [2]
  .text              ro code   0x800'2e88     0x4  startup_stm32f40_41xxx.o [2]
  .text              ro code   0x800'2e8c     0x4  startup_stm32f40_41xxx.o [2]
  .text              ro code   0x800'2e90     0x4  startup_stm32f40_41xxx.o [2]
  .text              ro code   0x800'2e94     0x4  startup_stm32f40_41xxx.o [2]
  .text              ro code   0x800'2e98     0x4  startup_stm32f40_41xxx.o [2]
  .text              ro code   0x800'2e9c     0x4  startup_stm32f40_41xxx.o [2]
  .text              ro code   0x800'2ea0     0x4  startup_stm32f40_41xxx.o [2]
  .text              ro code   0x800'2ea4     0x4  startup_stm32f40_41xxx.o [2]
  .text              ro code   0x800'2ea8     0x4  startup_stm32f40_41xxx.o [2]
  .text              ro code   0x800'2eac     0x4  startup_stm32f40_41xxx.o [2]
  .text              ro code   0x800'2eb0     0x4  startup_stm32f40_41xxx.o [2]
  .text              ro code   0x800'2eb4     0x4  startup_stm32f40_41xxx.o [2]
  .text              ro code   0x800'2eb8     0x4  startup_stm32f40_41xxx.o [2]
  .text              ro code   0x800'2ebc     0x4  startup_stm32f40_41xxx.o [2]
  .text              ro code   0x800'2ec0     0x4  startup_stm32f40_41xxx.o [2]
  .text              ro code   0x800'2ec4     0x4  startup_stm32f40_41xxx.o [2]
  .text              ro code   0x800'2ec8     0x4  startup_stm32f40_41xxx.o [2]
  .text              ro code   0x800'2ecc     0x4  startup_stm32f40_41xxx.o [2]
  .text              ro code   0x800'2ed0     0x4  startup_stm32f40_41xxx.o [2]
  .text              ro code   0x800'2ed4     0x4  startup_stm32f40_41xxx.o [2]
  .text              ro code   0x800'2ed8     0x4  startup_stm32f40_41xxx.o [2]
  .text              ro code   0x800'2edc     0x4  startup_stm32f40_41xxx.o [2]
  .text              ro code   0x800'2ee0     0x4  startup_stm32f40_41xxx.o [2]
  .text              ro code   0x800'2ee4     0x4  startup_stm32f40_41xxx.o [2]
  .text              ro code   0x800'2ee8     0x4  startup_stm32f40_41xxx.o [2]
  .text              ro code   0x800'2eec     0x4  startup_stm32f40_41xxx.o [2]
  .text              ro code   0x800'2ef0     0x4  startup_stm32f40_41xxx.o [2]
  .text              ro code   0x800'2ef4     0x4  startup_stm32f40_41xxx.o [2]
  .text              ro code   0x800'2ef8     0x4  startup_stm32f40_41xxx.o [2]
  .text              ro code   0x800'2efc     0x4  startup_stm32f40_41xxx.o [2]
  .text              ro code   0x800'2f00     0x4  startup_stm32f40_41xxx.o [2]
  .text              ro code   0x800'2f04     0x4  startup_stm32f40_41xxx.o [2]
  .text              ro code   0x800'2f08     0x4  startup_stm32f40_41xxx.o [2]
  .text              ro code   0x800'2f0c     0x4  startup_stm32f40_41xxx.o [2]
  .text              ro code   0x800'2f10     0x4  startup_stm32f40_41xxx.o [2]
  .text              ro code   0x800'2f14     0x4  startup_stm32f40_41xxx.o [2]
  .text              ro code   0x800'2f18     0x4  startup_stm32f40_41xxx.o [2]
  .text              ro code   0x800'2f1c     0x4  startup_stm32f40_41xxx.o [2]
  .text              ro code   0x800'2f20     0x4  startup_stm32f40_41xxx.o [2]
  .text              ro code   0x800'2f24     0x4  startup_stm32f40_41xxx.o [2]
  .text              ro code   0x800'2f28     0x4  startup_stm32f40_41xxx.o [2]
  .text              ro code   0x800'2f2c     0x4  startup_stm32f40_41xxx.o [2]
  .text              ro code   0x800'2f30     0x4  startup_stm32f40_41xxx.o [2]
  .text              ro code   0x800'2f34     0x4  startup_stm32f40_41xxx.o [2]
  .text              ro code   0x800'2f38     0x4  startup_stm32f40_41xxx.o [2]
  .text              ro code   0x800'2f3c     0x4  startup_stm32f40_41xxx.o [2]
  .text              ro code   0x800'2f40     0x4  startup_stm32f40_41xxx.o [2]
  .text              ro code   0x800'2f44     0x4  startup_stm32f40_41xxx.o [2]
  .text              ro code   0x800'2f48     0x4  startup_stm32f40_41xxx.o [2]
  .text              ro code   0x800'2f4c     0x4  startup_stm32f40_41xxx.o [2]
  .text              ro code   0x800'2f50     0x4  startup_stm32f40_41xxx.o [2]
  .text              ro code   0x800'2f54     0x4  startup_stm32f40_41xxx.o [2]
  .text              ro code   0x800'2f58     0x4  startup_stm32f40_41xxx.o [2]
  .text              ro code   0x800'2f5c     0x4  startup_stm32f40_41xxx.o [2]
  .text              ro code   0x800'2f60     0x4  startup_stm32f40_41xxx.o [2]
  .text              ro code   0x800'2f64     0x4  startup_stm32f40_41xxx.o [2]
  .text              ro code   0x800'2f68     0x4  startup_stm32f40_41xxx.o [2]
  .text              ro code   0x800'2f6c     0x4  startup_stm32f40_41xxx.o [2]
  .text              ro code   0x800'2f70     0x4  startup_stm32f40_41xxx.o [2]
  .text              ro code   0x800'2f74     0x4  startup_stm32f40_41xxx.o [2]
  .text              ro code   0x800'2f78     0x4  startup_stm32f40_41xxx.o [2]
  .text              ro code   0x800'2f7c     0x4  startup_stm32f40_41xxx.o [2]
  .rodata            const     0x800'2f80     0x0  zero_init3.o [7]
  .rodata            const     0x800'2f80     0x0  copy_init3.o [7]
                             - 0x800'2f80  0x2df8

"P2", part 1 of 3:                           0x48
  P2-1                        0x2000'0000    0x48  <Init block>
    .data            inited   0x2000'0000    0x10  stm32f4xx_rcc.o [4]
    .data            inited   0x2000'0010    0x38  xlocale_c.o [5]
                            - 0x2000'0048    0x48

"P2", part 2 of 3:                           0x58
  .bss               zero     0x2000'0048    0x34  uart2.o [1]
  .bss               zero     0x2000'007c     0x4  key.o [1]
  .bss               zero     0x2000'0080     0x4  main.o [1]
  .bss               zero     0x2000'0084     0x4  main.o [1]
  .bss               zero     0x2000'0088     0x4  main.o [1]
  .bss               zero     0x2000'008c     0x4  main.o [1]
  .bss               zero     0x2000'0090     0x4  main.o [1]
  .bss               zero     0x2000'0094     0x4  uart2.o [1]
  .bss               zero     0x2000'0098     0x4  xfail_s.o [5]
  .bss               zero     0x2000'009c     0x1  uart2.o [1]
                            - 0x2000'009d    0x55

"P2", part 3 of 3:                         0x2000
  CSTACK                      0x2000'00a0  0x2000  <Block>
    CSTACK           uninit   0x2000'00a0  0x2000  <Block tail>
                            - 0x2000'20a0  0x2000

Unused ranges:

         From           To      Size
         ----           --      ----
   0x800'2f80   0x80f'ffff  0xf'd080
  0x2000'20a0  0x2001'ffff  0x1'df60


*******************************************************************************
*** INIT TABLE
***

          Address      Size
          -------      ----
Zero (__iar_zero_init3)
    1 destination range, total size 0x55:
          0x2000'0048  0x55

Copy (__iar_copy_init3)
    1 source range, total size 0x48:
           0x800'2c60  0x48
    1 destination range, total size 0x48:
          0x2000'0000  0x48



*******************************************************************************
*** MODULE SUMMARY
***

    Module                    ro code  ro data  rw data
    ------                    -------  -------  -------
command line/config:
    ---------------------------------------------------
    Total:

C:\Users\USER\Documents\IAR\12-1_uart2_pa2_pa3_timer10_pwm_dcmotor\Debug\Obj: [1]
    key.o                         276                 4
    main.o                        960      128       20
    uart2.o                       308                57
    ---------------------------------------------------
    Total:                      1'544      128       81

C:\Users\USER\Documents\IAR\12-1_uart2_pa2_pa3_timer10_pwm_dcmotor\Debug\Obj\CMSIS: [2]
    startup_stm32f40_41xxx.o      720
    ---------------------------------------------------
    Total:                        720

C:\Users\USER\Documents\IAR\12-1_uart2_pa2_pa3_timer10_pwm_dcmotor\Debug\Obj\COMM: [3]
    stm32f4xx_it.o                 18
    system_stm32f4xx.o            292
    ---------------------------------------------------
    Total:                        310

C:\Users\USER\Documents\IAR\12-1_uart2_pa2_pa3_timer10_pwm_dcmotor\Debug\Obj\STM32: [4]
    misc.o                        128
    stm32f4xx_exti.o              168
    stm32f4xx_gpio.o              232
    stm32f4xx_rcc.o               304       16       16
    stm32f4xx_syscfg.o             80
    stm32f4xx_tim.o               588
    stm32f4xx_usart.o             454
    ---------------------------------------------------
    Total:                      1'954       16       16

dl7M_tlf.a: [5]
    abort.o                         6
    exit.o                          4
    low_level_init.o                4
    printf.o                       40
    xfail_s.o                      64                 4
    xlocale_c.o                     8       59       56
    xprintffull_nomb.o          3'786
    xprout.o                       22
    ---------------------------------------------------
    Total:                      3'934       59       60

m7M_tls.a: [6]
    DblAddSub.o                   590
    DblCmpGe.o                     52
    DblCmpLe.o                     52
    DblDiv.o                      582
    DblMul.o                      426
    DblToS32.o                     54
    DblToU32.o                     34
    S32ToDbl.o                     34
    U32ToDbl.o                     28
    fpinit_M.o                     34
    frexp.o                       112
    ldexp.o                       314
    ---------------------------------------------------
    Total:                      2'312

rt7M_tl.a: [7]
    ABImemcpy.o                   166
    I64DivMod.o                   560
    I64DivZer.o                     2
    cexit.o                        10
    cmain.o                        30
    copy_init3.o                   42
    cstartup_M.o                   28
    data_init.o                    40
    memchr.o                       88
    strchr.o                       22
    strlen.o                       54
    zero_init3.o                   56
    ---------------------------------------------------
    Total:                      1'098

shb_l.a: [8]
    exit.o                         20
    ---------------------------------------------------
    Total:                         20

    Gaps                           23        6
    Linker created                          36    8'192
-------------------------------------------------------
    Grand Total:               11'915      245    8'349


*******************************************************************************
*** ENTRY LIST
***

Entry                       Address   Size  Type      Object
-----                       -------   ----  ----      ------
.iar.init_table$$Base    0x800'2d2c          --   Gb  - Linker created -
.iar.init_table$$Limit   0x800'2d50          --   Gb  - Linker created -
?main                    0x800'2d51         Code  Gb  cmain.o [7]
ADC_IRQHandler           0x800'2e91         Code  Wk  startup_stm32f40_41xxx.o [2]
APBAHBPrescTable        0x2000'0000   0x10  Data  Lc  stm32f4xx_rcc.o [4]
BusFault_Handler         0x800'1099    0x2  Code  Gb  stm32f4xx_it.o [3]
CAN1_RX0_IRQHandler      0x800'2e99         Code  Wk  startup_stm32f40_41xxx.o [2]
CAN1_RX1_IRQHandler      0x800'2e9d         Code  Wk  startup_stm32f40_41xxx.o [2]
CAN1_SCE_IRQHandler      0x800'2ea1         Code  Wk  startup_stm32f40_41xxx.o [2]
CAN1_TX_IRQHandler       0x800'2e95         Code  Wk  startup_stm32f40_41xxx.o [2]
CAN2_RX0_IRQHandler      0x800'2f39         Code  Wk  startup_stm32f40_41xxx.o [2]
CAN2_RX1_IRQHandler      0x800'2f3d         Code  Wk  startup_stm32f40_41xxx.o [2]
CAN2_SCE_IRQHandler      0x800'2f41         Code  Wk  startup_stm32f40_41xxx.o [2]
CAN2_TX_IRQHandler       0x800'2f35         Code  Wk  startup_stm32f40_41xxx.o [2]
CRYP_IRQHandler          0x800'2f75         Code  Wk  startup_stm32f40_41xxx.o [2]
CSTACK$$Base            0x2000'00a0          --   Gb  - Linker created -
CSTACK$$Limit           0x2000'20a0          --   Gb  - Linker created -
DCMI_IRQHandler          0x800'2f71         Code  Wk  startup_stm32f40_41xxx.o [2]
DMA1_Stream0_IRQHandler
                         0x800'2e75         Code  Wk  startup_stm32f40_41xxx.o [2]
DMA1_Stream1_IRQHandler
                         0x800'2e79         Code  Wk  startup_stm32f40_41xxx.o [2]
DMA1_Stream2_IRQHandler
                         0x800'2e7d         Code  Wk  startup_stm32f40_41xxx.o [2]
DMA1_Stream3_IRQHandler
                         0x800'2e81         Code  Wk  startup_stm32f40_41xxx.o [2]
DMA1_Stream4_IRQHandler
                         0x800'2e85         Code  Wk  startup_stm32f40_41xxx.o [2]
DMA1_Stream5_IRQHandler
                         0x800'2e89         Code  Wk  startup_stm32f40_41xxx.o [2]
DMA1_Stream6_IRQHandler
                         0x800'2e8d         Code  Wk  startup_stm32f40_41xxx.o [2]
DMA1_Stream7_IRQHandler
                         0x800'2ef5         Code  Wk  startup_stm32f40_41xxx.o [2]
DMA2_Stream0_IRQHandler
                         0x800'2f19         Code  Wk  startup_stm32f40_41xxx.o [2]
DMA2_Stream1_IRQHandler
                         0x800'2f1d         Code  Wk  startup_stm32f40_41xxx.o [2]
DMA2_Stream2_IRQHandler
                         0x800'2f21         Code  Wk  startup_stm32f40_41xxx.o [2]
DMA2_Stream3_IRQHandler
                         0x800'2f25         Code  Wk  startup_stm32f40_41xxx.o [2]
DMA2_Stream4_IRQHandler
                         0x800'2f29         Code  Wk  startup_stm32f40_41xxx.o [2]
DMA2_Stream5_IRQHandler
                         0x800'2f49         Code  Wk  startup_stm32f40_41xxx.o [2]
DMA2_Stream6_IRQHandler
                         0x800'2f4d         Code  Wk  startup_stm32f40_41xxx.o [2]
DMA2_Stream7_IRQHandler
                         0x800'2f51         Code  Wk  startup_stm32f40_41xxx.o [2]
DebugMon_Handler         0x800'109f    0x2  Code  Gb  stm32f4xx_it.o [3]
ETH_IRQHandler           0x800'2f2d         Code  Wk  startup_stm32f40_41xxx.o [2]
ETH_WKUP_IRQHandler      0x800'2f31         Code  Wk  startup_stm32f40_41xxx.o [2]
EXTI0_IRQHandler         0x800'2e61         Code  Wk  startup_stm32f40_41xxx.o [2]
EXTI15_10_IRQHandler     0x800'26ad   0x6c  Code  Gb  key.o [1]
EXTI1_IRQHandler         0x800'2e65         Code  Wk  startup_stm32f40_41xxx.o [2]
EXTI2_IRQHandler         0x800'2e69         Code  Wk  startup_stm32f40_41xxx.o [2]
EXTI3_IRQHandler         0x800'2e6d         Code  Wk  startup_stm32f40_41xxx.o [2]
EXTI4_IRQHandler         0x800'2e71         Code  Wk  startup_stm32f40_41xxx.o [2]
EXTI9_5_IRQHandler       0x800'2ea5         Code  Wk  startup_stm32f40_41xxx.o [2]
EXTI_ClearITPendingBit   0x800'2959    0x6  Code  Gb  stm32f4xx_exti.o [4]
EXTI_GetITStatus         0x800'2945   0x14  Code  Gb  stm32f4xx_exti.o [4]
EXTI_Init                0x800'28cd   0x78  Code  Gb  stm32f4xx_exti.o [4]
FLASH_IRQHandler         0x800'2e59         Code  Wk  startup_stm32f40_41xxx.o [2]
FPU_IRQHandler           0x800'2f7d         Code  Wk  startup_stm32f40_41xxx.o [2]
FSMC_IRQHandler          0x800'2ef9         Code  Wk  startup_stm32f40_41xxx.o [2]
GPIO_Init                0x800'24a5   0x90  Code  Gb  stm32f4xx_gpio.o [4]
GPIO_PinAFConfig         0x800'253d   0x50  Code  Gb  stm32f4xx_gpio.o [4]
GPIO_ResetBits           0x800'2539    0x4  Code  Gb  stm32f4xx_gpio.o [4]
GPIO_SetBits             0x800'2535    0x4  Code  Gb  stm32f4xx_gpio.o [4]
HASH_RNG_IRQHandler      0x800'2f79         Code  Wk  startup_stm32f40_41xxx.o [2]
HardFault_Handler        0x800'1095    0x2  Code  Gb  stm32f4xx_it.o [3]
I2C1_ER_IRQHandler       0x800'2ec1         Code  Wk  startup_stm32f40_41xxx.o [2]
I2C1_EV_IRQHandler       0x800'2ebd         Code  Wk  startup_stm32f40_41xxx.o [2]
I2C2_ER_IRQHandler       0x800'2ec9         Code  Wk  startup_stm32f40_41xxx.o [2]
I2C2_EV_IRQHandler       0x800'2ec5         Code  Wk  startup_stm32f40_41xxx.o [2]
I2C3_ER_IRQHandler       0x800'2f5d         Code  Wk  startup_stm32f40_41xxx.o [2]
I2C3_EV_IRQHandler       0x800'2f59         Code  Wk  startup_stm32f40_41xxx.o [2]
KEY_init                 0x800'260d   0xa0  Code  Gb  key.o [1]
MemManage_Handler        0x800'1097    0x2  Code  Gb  stm32f4xx_it.o [3]
NMI_Handler              0x800'1093    0x2  Code  Gb  stm32f4xx_it.o [3]
NVIC_Init                0x800'2597   0x62  Code  Gb  misc.o [4]
NVIC_PriorityGroupConfig
                         0x800'258d    0xa  Code  Gb  misc.o [4]
OTG_FS_IRQHandler        0x800'2f45         Code  Wk  startup_stm32f40_41xxx.o [2]
OTG_FS_WKUP_IRQHandler   0x800'2ee1         Code  Wk  startup_stm32f40_41xxx.o [2]
OTG_HS_EP1_IN_IRQHandler
                         0x800'2f65         Code  Wk  startup_stm32f40_41xxx.o [2]
OTG_HS_EP1_OUT_IRQHandler
                         0x800'2f61         Code  Wk  startup_stm32f40_41xxx.o [2]
OTG_HS_IRQHandler        0x800'2f6d         Code  Wk  startup_stm32f40_41xxx.o [2]
OTG_HS_WKUP_IRQHandler   0x800'2f69         Code  Wk  startup_stm32f40_41xxx.o [2]
PVD_IRQHandler           0x800'2e4d         Code  Wk  startup_stm32f40_41xxx.o [2]
PendSV_Handler           0x800'10a1    0x2  Code  Gb  stm32f4xx_it.o [3]
RCC_AHB1PeriphClockCmd   0x800'2431   0x1c  Code  Gb  stm32f4xx_rcc.o [4]
RCC_APB1PeriphClockCmd   0x800'244d   0x1c  Code  Gb  stm32f4xx_rcc.o [4]
RCC_APB2PeriphClockCmd   0x800'2469   0x1c  Code  Gb  stm32f4xx_rcc.o [4]
RCC_GetClocksFreq        0x800'2375   0xbc  Code  Gb  stm32f4xx_rcc.o [4]
RCC_IRQHandler           0x800'2e5d         Code  Wk  startup_stm32f40_41xxx.o [2]
RTC_Alarm_IRQHandler     0x800'2edd         Code  Wk  startup_stm32f40_41xxx.o [2]
RTC_WKUP_IRQHandler      0x800'2e55         Code  Wk  startup_stm32f40_41xxx.o [2]
Region$$Table$$Base      0x800'2d2c          --   Gb  - Linker created -
Region$$Table$$Limit     0x800'2d50          --   Gb  - Linker created -
Reset_Handler            0x800'2e2d         Code  Wk  startup_stm32f40_41xxx.o [2]
SDIO_IRQHandler          0x800'2efd         Code  Wk  startup_stm32f40_41xxx.o [2]
SPI1_IRQHandler          0x800'2ecd         Code  Wk  startup_stm32f40_41xxx.o [2]
SPI2_IRQHandler          0x800'2ed1         Code  Wk  startup_stm32f40_41xxx.o [2]
SPI3_IRQHandler          0x800'2f05         Code  Wk  startup_stm32f40_41xxx.o [2]
SVC_Handler              0x800'109d    0x2  Code  Gb  stm32f4xx_it.o [3]
SYSCFG_EXTILineConfig    0x800'287d   0x4c  Code  Gb  stm32f4xx_syscfg.o [4]
SetSysClock              0x800'2b83   0xaa  Code  Lc  system_stm32f4xx.o [3]
SysTick_Handler          0x800'10a3    0x2  Code  Gb  stm32f4xx_it.o [3]
SystemInit               0x800'2b3d   0x46  Code  Gb  system_stm32f4xx.o [3]
TAMP_STAMP_IRQHandler    0x800'2e51         Code  Wk  startup_stm32f40_41xxx.o [2]
TI1_Config               0x800'2307   0x34  Code  Lc  stm32f4xx_tim.o [4]
TI2_Config               0x800'233b   0x3a  Code  Lc  stm32f4xx_tim.o [4]
TIM1_BRK_TIM9_IRQHandler
                         0x800'2ea9         Code  Wk  startup_stm32f40_41xxx.o [2]
TIM1_CC_IRQHandler       0x800'2eb1         Code  Wk  startup_stm32f40_41xxx.o [2]
TIM1_TRG_COM_TIM11_IRQHandler
                         0x800'2ead         Code  Wk  startup_stm32f40_41xxx.o [2]
TIM1_UP_TIM10_IRQHandler
                         0x800'1d69   0x78  Code  Gb  main.o [1]
TIM2_IRQHandler          0x800'2eb5         Code  Wk  startup_stm32f40_41xxx.o [2]
TIM3_IRQHandler          0x800'2eb9         Code  Wk  startup_stm32f40_41xxx.o [2]
TIM4_IRQHandler          0x800'1e73   0x22  Code  Gb  main.o [1]
TIM4_init                0x800'1de1   0x92  Code  Gb  main.o [1]
TIM5_IRQHandler          0x800'2f01         Code  Wk  startup_stm32f40_41xxx.o [2]
TIM6_DAC_IRQHandler      0x800'2f11         Code  Wk  startup_stm32f40_41xxx.o [2]
TIM7_IRQHandler          0x800'2f15         Code  Wk  startup_stm32f40_41xxx.o [2]
TIM8_BRK_TIM12_IRQHandler
                         0x800'2ee5         Code  Wk  startup_stm32f40_41xxx.o [2]
TIM8_CC_IRQHandler       0x800'2ef1         Code  Wk  startup_stm32f40_41xxx.o [2]
TIM8_TRG_COM_TIM14_IRQHandler
                         0x800'2eed         Code  Wk  startup_stm32f40_41xxx.o [2]
TIM8_UP_TIM13_IRQHandler
                         0x800'2ee9         Code  Wk  startup_stm32f40_41xxx.o [2]
TIM_ARRPreloadConfig     0x800'2193   0x1c  Code  Gb  stm32f4xx_tim.o [4]
TIM_ClearITPendingBit    0x800'22b1    0x8  Code  Gb  stm32f4xx_tim.o [4]
TIM_Cmd                  0x800'21af   0x1c  Code  Gb  stm32f4xx_tim.o [4]
TIM_GetITStatus          0x800'228d   0x24  Code  Gb  stm32f4xx_tim.o [4]
TIM_ITConfig             0x800'2275   0x18  Code  Gb  stm32f4xx_tim.o [4]
TIM_OC1Init              0x800'21cb   0x78  Code  Gb  stm32f4xx_tim.o [4]
TIM_OC1PreloadConfig     0x800'2265   0x10  Code  Gb  stm32f4xx_tim.o [4]
TIM_SelectInputTrigger   0x800'22f7   0x10  Code  Gb  stm32f4xx_tim.o [4]
TIM_SetCompare1          0x800'2261    0x4  Code  Gb  stm32f4xx_tim.o [4]
TIM_TIxExternalClockConfig
                         0x800'22b9   0x3e  Code  Gb  stm32f4xx_tim.o [4]
TIM_TimeBaseInit         0x800'2129   0x6a  Code  Gb  stm32f4xx_tim.o [4]
UART2_init               0x800'2721   0xbc  Code  Gb  uart2.o [1]
UART4_IRQHandler         0x800'2f09         Code  Wk  startup_stm32f40_41xxx.o [2]
UART5_IRQHandler         0x800'2f0d         Code  Wk  startup_stm32f40_41xxx.o [2]
USART1_IRQHandler        0x800'2ed5         Code  Wk  startup_stm32f40_41xxx.o [2]
USART2_IRQHandler        0x800'27ff   0x42  Code  Gb  uart2.o [1]
USART2_IRQHandler{1}{2}::i
                        0x2000'0094    0x4  Data  Lc  uart2.o [1]
USART3_IRQHandler        0x800'2ed9         Code  Wk  startup_stm32f40_41xxx.o [2]
USART6_IRQHandler        0x800'2f55         Code  Wk  startup_stm32f40_41xxx.o [2]
USART_Cmd                0x800'2a3d   0x1c  Code  Gb  stm32f4xx_usart.o [4]
USART_GetFlagStatus      0x800'2abd   0x1a  Code  Gb  stm32f4xx_usart.o [4]
USART_GetITStatus        0x800'2ad7   0x64  Code  Gb  stm32f4xx_usart.o [4]
USART_ITConfig           0x800'2a69   0x54  Code  Gb  stm32f4xx_usart.o [4]
USART_Init               0x800'2975   0xba  Code  Gb  stm32f4xx_usart.o [4]
USART_ReceiveData        0x800'2a61    0x8  Code  Gb  stm32f4xx_usart.o [4]
USART_SendData           0x800'2a59    0x8  Code  Gb  stm32f4xx_usart.o [4]
UsageFault_Handler       0x800'109b    0x2  Code  Gb  stm32f4xx_it.o [3]
WWDG_IRQHandler          0x800'2e49         Code  Wk  startup_stm32f40_41xxx.o [2]
_LC                      0x800'0189    0x6  Code  Lc  xprintffull_nomb.o [5]
_LitobFullNoMb           0x800'0e71  0x114  Code  Lc  xprintffull_nomb.o [5]
_Locale_lconv           0x2000'0010   0x38  Data  Lc  xlocale_c.o [5]
_PrintfFullNoMb          0x800'018f  0xcb4  Code  Gb  xprintffull_nomb.o [5]
_Prout                   0x800'2dbd   0x16  Code  Gb  xprout.o [5]
_PutcharsFullNoMb        0x800'0fdd   0x2e  Code  Lc  xprintffull_nomb.o [5]
__aeabi_cdcmple          0x800'128d         Code  Gb  DblCmpLe.o [6]
__aeabi_cdrcmple         0x800'12c1         Code  Gb  DblCmpGe.o [6]
__aeabi_d2iz             0x800'1431         Code  Gb  DblToS32.o [6]
__aeabi_d2uiz            0x800'1925         Code  Gb  DblToU32.o [6]
__aeabi_ddiv             0x800'16dd         Code  Gb  DblDiv.o [6]
__aeabi_dmul             0x800'1965         Code  Gb  DblMul.o [6]
__aeabi_dsub             0x800'15f9         Code  Gb  DblAddSub.o [6]
__aeabi_i2d              0x800'1469         Code  Gb  S32ToDbl.o [6]
__aeabi_ldiv0            0x800'1d51         Code  Gb  I64DivZer.o [7]
__aeabi_memcpy           0x800'1175         Code  Gb  ABImemcpy.o [7]
__aeabi_memcpy4          0x800'1195         Code  Gb  ABImemcpy.o [7]
__aeabi_memcpy8          0x800'1195         Code  Gb  ABImemcpy.o [7]
__aeabi_ui2d             0x800'1949         Code  Gb  U32ToDbl.o [6]
__aeabi_uldivmod         0x800'1b19         Code  Gb  I64DivMod.o [7]
__cmain                  0x800'2d51         Code  Gb  cmain.o [7]
__exit                   0x800'1d55   0x14  Code  Gb  exit.o [8]
__iar_Fail_s             0x800'10a5   0x1c  Code  Gb  xfail_s.o [5]
__iar_Memchr             0x800'111d         Code  Gb  memchr.o [7]
__iar_Strchr             0x800'107d         Code  Gb  strchr.o [7]
__iar_copy_init3         0x800'1053   0x2a  Code  Gb  copy_init3.o [7]
__iar_data_init3         0x800'2ce1   0x28  Code  Gb  data_init.o [7]
__iar_frexp              0x800'1229         Code  Gb  frexp.o [6]
__iar_frexpl             0x800'1229         Code  Gb  frexp.o [6]
__iar_init_vfp           0x800'2d09         Code  Gb  fpinit_M.o [6]
__iar_ldexp64            0x800'12f5         Code  Gb  ldexp.o [6]
__iar_program_start      0x800'2da1         Code  Gb  cstartup_M.o [7]
__iar_scalbln64          0x800'12f5         Code  Gb  ldexp.o [6]
__iar_scalbn64           0x800'12f5         Code  Gb  ldexp.o [6]
__iar_softfp___iar_frexp64
                         0x800'121d         Code  Gb  frexp.o [6]
__iar_softfp_frexp       0x800'121d         Code  Gb  frexp.o [6]
__iar_softfp_frexpl      0x800'121d         Code  Gb  frexp.o [6]
__iar_zero_init3         0x800'2ca9   0x38  Code  Gb  zero_init3.o [7]
__low_level_init         0x800'2d6f    0x4  Code  Gb  low_level_init.o [5]
__vector_table           0x800'0000         Data  Gb  startup_stm32f40_41xxx.o [2]
_call_main               0x800'2d5d         Code  Gb  cmain.o [7]
_exit                    0x800'2d79         Code  Gb  cexit.o [7]
abort                    0x800'1d49    0x6  Code  Gb  abort.o [5]
exit                     0x800'2d73    0x4  Code  Gb  exit.o [5]
key                     0x2000'007c    0x4  Data  Gb  key.o [1]
ldexp                    0x800'12f5         Code  Gb  ldexp.o [6]
ldexpl                   0x800'12f5         Code  Gb  ldexp.o [6]
localeconv               0x800'1b11    0x4  Code  Gb  xlocale_c.o [5]
main                     0x800'1e95  0x242  Code  Gb  main.o [1]
memchr                   0x800'111d         Code  Gb  memchr.o [7]
ml_cnt                  0x2000'0090    0x4  Data  Gb  main.o [1]
mr_cnt                  0x2000'0088    0x4  Data  Gb  main.o [1]
printf                   0x800'2855   0x28  Code  Gb  printf.o [5]
putchar                  0x800'27dd   0x22  Code  Gb  uart2.o [1]
rx2Data                 0x2000'0048   0x34  Data  Gb  uart2.o [1]
rx2Flag                 0x2000'009c    0x1  Data  Gb  uart2.o [1]
scalbln                  0x800'12f5         Code  Gb  ldexp.o [6]
scalblnl                 0x800'12f5         Code  Gb  ldexp.o [6]
scalbn                   0x800'12f5         Code  Gb  ldexp.o [6]
scalbnl                  0x800'12f5         Code  Gb  ldexp.o [6]
scale                    0x800'0f85   0x46  Code  Lc  xprintffull_nomb.o [5]
sec_hand                0x2000'0098    0x4  Data  Lc  xfail_s.o [5]
strchr                   0x800'107d         Code  Gb  strchr.o [7]
strlen                   0x800'10e5         Code  Gb  strlen.o [7]
tim4_counter            0x2000'0080    0x4  Data  Gb  main.o [1]
tl_cnt                  0x2000'008c    0x4  Data  Gb  main.o [1]
tr_cnt                  0x2000'0084    0x4  Data  Gb  main.o [1]


[1] = C:\Users\USER\Documents\IAR\12-1_uart2_pa2_pa3_timer10_pwm_dcmotor\Debug\Obj
[2] = C:\Users\USER\Documents\IAR\12-1_uart2_pa2_pa3_timer10_pwm_dcmotor\Debug\Obj\CMSIS
[3] = C:\Users\USER\Documents\IAR\12-1_uart2_pa2_pa3_timer10_pwm_dcmotor\Debug\Obj\COMM
[4] = C:\Users\USER\Documents\IAR\12-1_uart2_pa2_pa3_timer10_pwm_dcmotor\Debug\Obj\STM32
[5] = dl7M_tlf.a
[6] = m7M_tls.a
[7] = rt7M_tl.a
[8] = shb_l.a

  11'915 bytes of readonly  code memory
     245 bytes of readonly  data memory
   8'349 bytes of readwrite data memory

Errors: none
Warnings: none
